rank=0, host=yamada-ubuntu1
rank=1, host=yamada-ubuntu1
rank=2, host=yamada-ubuntu2
rank=3, host=yamada-ubuntu2
rank=4, host=yamada-ubuntu3
rank=5, host=yamada-ubuntu3
---------- Centralized Learning ----------
low: 5869 samples, up: 4490samples

0 (10359, 23) (10359,)
    agent0 (10359 datas) -> Successfully converged. Iterations: 19222

fitting time : 40.1408793926239

Accuracy: 87.45%
F1: 85.30%
[MIN, MAX]: [-4.662501148958, 3.118994025103]


---------- Distributed Learning----------
Agent 0 low: 1333 samples, up: 718 samples
Agent 1 low: 1310 samples, up: 743 samples
Agent 2 low: 1283 samples, up: 980 samples
Agent 3 low: 764 samples, up: 991 samples

Agent 4 low: 645 samples, up: 404 samples
Agent 5 low: 534 samples, up: 654 samples
19222 -> objective_value:-3391.4274940188616, gap:-0.0009464377027059712

t_E = 4.420826
(t_E_1) = (0.668494)
(t_E_2) = (0.000000)
(t_E_3) = (0.000000)
(t_E_4) = (3.648289)
t_K = 7.696416
(t_K_1) = (0.000000)
(t_K_2) = (0.221256)
t_a = 1.598344

fitting time : 13.942063331604004

Agent 0
SV_len: 28
INNER_len: 3388
Accuracy: 87.45%
F1: 85.30%
SA: 100.00%
NRMSE: 0.000000000014
NMAE: 0.000000000014
[MIN, MAX]: [-4.662501148934, 3.118994025127]
cos: 1.000000000000
angle: 0.000000000000 deg (0.000000000000 rad)

Agent 1
SV_len: 28
INNER_len: 3388
Accuracy: 87.45%
F1: 85.30%
SA: 100.00%
NRMSE: 0.000000000014
NMAE: 0.000000000014
[MIN, MAX]: [-4.662501148934, 3.118994025127]
cos: 1.000000000000
angle: 0.000000000000 deg (0.000000000000 rad)

Agent 2
SV_len: 28
INNER_len: 3388
Accuracy: 87.45%
F1: 85.30%
SA: 100.00%
NRMSE: 0.000000000014
NMAE: 0.000000000014
[MIN, MAX]: [-4.662501148934, 3.118994025127]
cos: 1.000000000000
angle: 0.000000000000 deg (0.000000000000 rad)

Agent 3
SV_len: 28
INNER_len: 3388
Accuracy: 87.45%
F1: 85.30%
SA: 100.00%
NRMSE: 0.000000000014
NMAE: 0.000000000014
[MIN, MAX]: [-4.662501148934, 3.118994025127]
cos: 1.000000000000
angle: 0.000000000000 deg (0.000000000000 rad)

Agent 4
SV_len: 28
INNER_len: 3388
Accuracy: 87.45%
F1: 85.30%
SA: 100.00%
NRMSE: 0.000000000014
NMAE: 0.000000000014
[MIN, MAX]: [-4.662501148934, 3.118994025127]
cos: 1.000000000000
angle: 0.000000000000 deg (0.000000000000 rad)

Agent 5
SV_len: 28
INNER_len: 3388
Accuracy: 87.45%
F1: 85.30%
SA: 100.00%
NRMSE: 0.000000000014
NMAE: 0.000000000014
[MIN, MAX]: [-4.662501148934, 3.118994025127]
cos: 1.000000000000
angle: 0.000000000000 deg (0.000000000000 rad)


-------- Original Learning ----------
0 (2051, 23) (2051,)
1 (2053, 23) (2053,)
3 (1755, 23) (1755,)
2 (2263, 23) (2263,)
4 (1049, 23) (1049,)
5 (1188, 23) (1188,)
    agent5 (1188 datas) -> Successfully converged. Iterations: 656
    agent3 (1755 datas) -> Successfully converged. Iterations: 471
    agent1 (2053 datas) -> Successfully converged. Iterations: 187
    agent2 (2263 datas) -> Successfully converged. Iterations: 1013
    agent4 (1049 datas) -> Successfully converged. Iterations: 2605
    agent0 (2051 datas) -> Successfully converged. Iterations: 2142

fitting time : 0.535560846329

Agent 0: SV_len -> 20, INNER_len -> 185
Agent 1: SV_len -> 14, INNER_len -> 22
Agent 2: SV_len -> 20, INNER_len -> 19
Agent 3: SV_len -> 15, INNER_len -> 10
Agent 4: SV_len -> 18, INNER_len -> 351
Agent 5: SV_len -> 19, INNER_len -> 5
make_fake_data time: 0.09775495529174805
Average d_move: 0.1497205152798825

---------- Centralized Learning(Pseudo-Data) ----------
low: 5869 samples, up: 4490samples

0 (10359, 23) (10359,)
    agent0 (10359 datas) -> Successfully converged. Iterations: 17073

fitting time : 39.66277742385864

Accuracy: 87.33%
F1: 85.20%
SA: 99.65%
NRMSE: 0.021367266366
NMAE: 0.016369915830
[MIN, MAX]: [-4.645855751600, 3.061635627130]
cos: 0.993416385829
angle: 6.578219684386 deg (0.114811592412 rad)


---------- Original Learning(Pseudo-Data) ----------
Agent 0 low: 1333 samples, up: 718samples
Agent 1 low: 1310 samples, up: 743samples
Agent 2 low: 1283 samples, up: 980samples
Agent 3 low: 764 samples, up: 991samples

Agent 4 low: 645 samples, up: 404samples
Agent 5 low: 534 samples, up: 654samples
0 (2051, 23) (2051,)
3 (1755, 23) (1755,)
2 (2263, 23) (2263,)
1 (2053, 23) (2053,)
4 (1049, 23) (1049,)
5 (1188, 23) (1188,)
    agent5 (1188 datas) -> Successfully converged. Iterations: 1445
    agent3 (1755 datas) -> Successfully converged. Iterations: 357
    agent1 (2053 datas) -> Successfully converged. Iterations: 1247
    agent2 (2263 datas) -> Successfully converged. Iterations: 1157
    agent4 (1049 datas) -> Successfully converged. Iterations: 4707
    agent0 (2051 datas) -> Successfully converged. Iterations: 3707

fitting time : 0.6032381057739258


---------- Distributed Learning(Pseudo-Data)----------
Agent 0 low: 1333 samples, up: 718samples
Agent 1 low: 1310 samples, up: 743samples
Agent 2 low: 1283 samples, up: 980samples
Agent 3 low: 764 samples, up: 991samples

Agent 4 low: 645 samples, up: 404samples
Agent 5 low: 534 samples, up: 654samples
17073 -> objective_value:-3409.90054428377, gap:-0.0009955380579738105

t_E = 4.041809
(t_E_1) = (0.586690)
(t_E_2) = (0.000000)
(t_E_3) = (0.000000)
(t_E_4) = (3.365185)
t_K = 7.618928
(t_K_1) = (0.000000)
(t_K_2) = (0.248551)
t_a = 1.403086

fitting time : 13.254323720932007

Agent 0
SV_len: 24
INNER_len: 3407
Accuracy: 87.33%
F1: 85.20%
SA: 99.65%
NRMSE: 0.021367266365
NMAE: 0.016369915829
[MIN, MAX]: [-4.645855751626, 3.061635627104]
cos: 0.993416385829
angle: 6.578219684422 deg (0.114811592413 rad)

Agent 1
SV_len: 24
INNER_len: 3407
Accuracy: 87.33%
F1: 85.20%
SA: 99.65%
NRMSE: 0.021367266365
NMAE: 0.016369915829
[MIN, MAX]: [-4.645855751626, 3.061635627104]
cos: 0.993416385829
angle: 6.578219684422 deg (0.114811592413 rad)

Agent 2
SV_len: 24
INNER_len: 3407
Accuracy: 87.33%
F1: 85.20%
SA: 99.65%
NRMSE: 0.021367266365
NMAE: 0.016369915829
[MIN, MAX]: [-4.645855751626, 3.061635627104]
cos: 0.993416385829
angle: 6.578219684422 deg (0.114811592413 rad)

Agent 3
SV_len: 24
INNER_len: 3407
Accuracy: 87.33%
F1: 85.20%
SA: 99.65%
NRMSE: 0.021367266365
NMAE: 0.016369915829
[MIN, MAX]: [-4.645855751626, 3.061635627104]
cos: 0.993416385829
angle: 6.578219684422 deg (0.114811592413 rad)

Agent 4
SV_len: 24
INNER_len: 3407
Accuracy: 87.33%
F1: 85.20%
SA: 99.65%
NRMSE: 0.021367266365
NMAE: 0.016369915829
[MIN, MAX]: [-4.645855751626, 3.061635627104]
cos: 0.993416385829
angle: 6.578219684422 deg (0.114811592413 rad)

Agent 5
SV_len: 24
INNER_len: 3407
Accuracy: 87.33%
F1: 85.20%
SA: 99.65%
NRMSE: 0.021367266365
NMAE: 0.016369915829
[MIN, MAX]: [-4.645855751626, 3.061635627104]
cos: 0.993416385829
angle: 6.578219684422 deg (0.114811592413 rad)

