rank=0, host=yamada-ubuntu1
rank=1, host=yamada-ubuntu1
rank=2, host=yamada-ubuntu2
rank=3, host=yamada-ubuntu2
rank=4, host=yamada-ubuntu3
rank=5, host=yamada-ubuntu3
---------- Centralized Learning ----------
low: 170 samples, up: 285samples

0 (455, 30) (455,)
    agent0 (455 datas) -> Successfully converged. Iterations: 138

fitting time : 0.0399479866027832

Accuracy: 99.12%
F1: 99.30%
[MIN, MAX]: [-8.181822165246, 5.157316464898]


---------- Distributed Learning----------
Agent 0 low: 44 samples, up: 15 samples
Agent 1 low: 44 samples, up: 32 samples
Agent 2 low: 38 samples, up: 45 samples
Agent 3 low: 34 samples, up: 60 samples
Agent 4 low: 8 samples, up: 61 samples
Agent 5 low: 2 samples, up: 72 samples

138 -> objective_value:-61.47898101375689, gap:-0.0007216762410626743

t_E = 0.019828
(t_E_1) = (0.002849)
(t_E_2) = (0.000000)
(t_E_3) = (0.000000)
(t_E_4) = (0.016833)
t_K = 0.009950
(t_K_1) = (0.000000)
(t_K_2) = (0.004876)
t_a = 0.007897

fitting time : 0.03922533988952637

Agent 0
SV_len: 7
INNER_len: 75
Accuracy: 99.12%
F1: 99.30%
SA: 100.00%
NRMSE: 0.000000000000
NMAE: 0.000000000000
[MIN, MAX]: [-8.181822165246, 5.157316464898]
cos: 1.000000000000
angle: 0.000001207418 deg (0.000000021073 rad)

Agent 1
SV_len: 7
INNER_len: 75
Accuracy: 99.12%
F1: 99.30%
SA: 100.00%
NRMSE: 0.000000000000
NMAE: 0.000000000000
[MIN, MAX]: [-8.181822165246, 5.157316464898]
cos: 1.000000000000
angle: 0.000001207418 deg (0.000000021073 rad)

Agent 2
SV_len: 7
INNER_len: 75
Accuracy: 99.12%
F1: 99.30%
SA: 100.00%
NRMSE: 0.000000000000
NMAE: 0.000000000000
[MIN, MAX]: [-8.181822165246, 5.157316464898]
cos: 1.000000000000
angle: 0.000001207418 deg (0.000000021073 rad)

Agent 3
SV_len: 7
INNER_len: 75
Accuracy: 99.12%
F1: 99.30%
SA: 100.00%
NRMSE: 0.000000000000
NMAE: 0.000000000000
[MIN, MAX]: [-8.181822165246, 5.157316464898]
cos: 1.000000000000
angle: 0.000001207418 deg (0.000000021073 rad)

Agent 4
SV_len: 7
INNER_len: 75
Accuracy: 99.12%
F1: 99.30%
SA: 100.00%
NRMSE: 0.000000000000
NMAE: 0.000000000000
[MIN, MAX]: [-8.181822165246, 5.157316464898]
cos: 1.000000000000
angle: 0.000001207418 deg (0.000000021073 rad)

Agent 5
SV_len: 7
INNER_len: 75
Accuracy: 99.12%
F1: 99.30%
SA: 100.00%
NRMSE: 0.000000000000
NMAE: 0.000000000000
[MIN, MAX]: [-8.181822165246, 5.157316464898]
cos: 1.000000000000
angle: 0.000001207418 deg (0.000000021073 rad)


-------- Original Learning ----------
0 (59, 30) (59,)
1 (76, 30) (76,)
3 (94, 30) (94,)
2 (83, 30) (83,)
4 (69, 30) (69,)
5 (74, 30) (74,)
    agent5 (74 datas) -> Successfully converged. Iterations: 28
    agent4 (69 datas) -> Successfully converged. Iterations: 27
    agent3 (94 datas) -> Successfully converged. Iterations: 21
    agent0 (59 datas) -> Successfully converged. Iterations: 43
    agent1 (76 datas) -> Successfully converged. Iterations: 60
    agent2 (83 datas) -> Successfully converged. Iterations: 37

fitting time : 0.004190683365

Agent 0: SV_len -> 9, INNER_len -> 6
Agent 1: SV_len -> 6, INNER_len -> 6
Agent 2: SV_len -> 5, INNER_len -> 17
Agent 3: SV_len -> 6, INNER_len -> 5
Agent 4: SV_len -> 5, INNER_len -> 0
Agent 5: SV_len -> 3, INNER_len -> 0
make_fake_data time: 0.011791706085205078
Average d_move: 0.14585986333054954

---------- Centralized Learning(Pseudo-Data) ----------
low: 170 samples, up: 285samples

0 (455, 30) (455,)
    agent0 (455 datas) -> Successfully converged. Iterations: 250

fitting time : 0.04650473594665527

Accuracy: 99.12%
F1: 99.30%
SA: 100.00%
NRMSE: 0.061579237510
NMAE: 0.050146608056
[MIN, MAX]: [-8.625784052683, 5.248496036030]
cos: 0.994283769192
angle: 6.129140865479 deg (0.106973688421 rad)


---------- Original Learning(Pseudo-Data) ----------
Agent 0 low: 44 samples, up: 15samples
Agent 1 low: 44 samples, up: 32samples
Agent 2 low: 38 samples, up: 45samples
Agent 3 low: 34 samples, up: 60samples
Agent 4 low: 8 samples, up: 61samples
Agent 5 low: 2 samples, up: 72samples

0 (59, 30) (59,)
1 (76, 30) (76,)
3 (94, 30) (94,)
4 (69, 30) (69,)
5 (74, 30) (74,)
2 (83, 30) (83,)
    agent5 (74 datas) -> Successfully converged. Iterations: 21
    agent4 (69 datas) -> Successfully converged. Iterations: 33
    agent3 (94 datas) -> Successfully converged. Iterations: 28
    agent1 (76 datas) -> Successfully converged. Iterations: 64
    agent0 (59 datas) -> Successfully converged. Iterations: 72
    agent2 (83 datas) -> Successfully converged. Iterations: 30

fitting time : 0.0037186145782470703


---------- Distributed Learning(Pseudo-Data)----------
Agent 0 low: 44 samples, up: 15samples
Agent 1 low: 44 samples, up: 32samples
Agent 2 low: 38 samples, up: 45samples
Agent 3 low: 34 samples, up: 60samples
Agent 4 low: 8 samples, up: 61samples
Agent 5 low: 2 samples, up: 72samples

250 -> objective_value:-61.47694706380326, gap:-0.0009908816563859446

t_E = 0.037169
(t_E_1) = (0.005143)
(t_E_2) = (0.000000)
(t_E_3) = (0.000000)
(t_E_4) = (0.031747)
t_K = 0.010399
(t_K_1) = (0.000000)
(t_K_2) = (0.004810)
t_a = 0.012210

fitting time : 0.06194305419921875

Agent 0
SV_len: 9
INNER_len: 76
Accuracy: 99.12%
F1: 99.30%
SA: 100.00%
NRMSE: 0.061579237510
NMAE: 0.050146608056
[MIN, MAX]: [-8.625784052683, 5.248496036030]
cos: 0.994283769192
angle: 6.129140865479 deg (0.106973688421 rad)

Agent 1
SV_len: 9
INNER_len: 76
Accuracy: 99.12%
F1: 99.30%
SA: 100.00%
NRMSE: 0.061579237510
NMAE: 0.050146608056
[MIN, MAX]: [-8.625784052683, 5.248496036030]
cos: 0.994283769192
angle: 6.129140865479 deg (0.106973688421 rad)

Agent 2
SV_len: 9
INNER_len: 76
Accuracy: 99.12%
F1: 99.30%
SA: 100.00%
NRMSE: 0.061579237510
NMAE: 0.050146608056
[MIN, MAX]: [-8.625784052683, 5.248496036030]
cos: 0.994283769192
angle: 6.129140865479 deg (0.106973688421 rad)

Agent 3
SV_len: 9
INNER_len: 76
Accuracy: 99.12%
F1: 99.30%
SA: 100.00%
NRMSE: 0.061579237510
NMAE: 0.050146608056
[MIN, MAX]: [-8.625784052683, 5.248496036030]
cos: 0.994283769192
angle: 6.129140865479 deg (0.106973688421 rad)

Agent 4
SV_len: 9
INNER_len: 76
Accuracy: 99.12%
F1: 99.30%
SA: 100.00%
NRMSE: 0.061579237510
NMAE: 0.050146608056
[MIN, MAX]: [-8.625784052683, 5.248496036030]
cos: 0.994283769192
angle: 6.129140865479 deg (0.106973688421 rad)

Agent 5
SV_len: 9
INNER_len: 76
Accuracy: 99.12%
F1: 99.30%
SA: 100.00%
NRMSE: 0.061579237510
NMAE: 0.050146608056
[MIN, MAX]: [-8.625784052683, 5.248496036030]
cos: 0.994283769192
angle: 6.129140865479 deg (0.106973688421 rad)

