Roop 0: (3742, 100), (3742,)

value -1: 1873 samples
value 1: 1869 samples
Successfully converged. Iterations: 18828
fitting time : 8.930073499679565
objective_value: -1640.43593407094
SV_len: 72
INNER_len: 1648
w: [ 1.52625761e+00  5.01322172e-01  1.65866145e+00  7.15341064e+00
  6.85226445e-01  1.75923058e+00  5.16737054e-01  1.38295438e-01
  0.00000000e+00  2.13394673e-01  3.12506355e-01  4.81152943e-02
  3.09787161e-01 -1.00000000e+00 -1.86059835e-01 -3.80570597e-01
 -1.99567690e-01  1.45002832e-01 -4.95513441e-01 -1.05397928e+00
 -6.33927492e-02  1.39435736e-01  1.93883209e-01  1.05031553e+00
  1.46711060e-01 -4.14559659e-03  0.00000000e+00  1.11464998e+00
  2.00719060e-01  0.00000000e+00  1.49645975e+00  4.29861715e-01
 -3.09206885e-01  8.29496623e-02 -1.01659549e-01  1.65439450e-01
  0.00000000e+00  2.38862049e-01  4.50845738e-01 -1.08340212e+00
 -6.58293658e-01 -2.64695668e-01 -5.36475403e-01  4.22418150e-01
  4.61359863e-01  5.00987253e-01  2.07329063e-01  4.99654217e-01
  1.34807042e-01  8.22414430e-02 -2.56134066e-01 -2.19326737e-01
  4.90966805e-03  6.85793792e-01  2.62034564e-01 -7.32067447e-02
 -6.80250603e-01  1.48729534e-01  4.38998817e-01  9.88819989e-01
 -2.01289205e-01  1.11022302e-16 -1.28223498e+00 -1.00000000e+00
 -1.21627810e+00  0.00000000e+00 -1.35376923e-01  3.30414610e-01
 -1.34116878e+00  1.91809621e-01  0.00000000e+00  1.11022302e-16
 -5.55014913e-01  0.00000000e+00  0.00000000e+00 -1.00000000e+00
  0.00000000e+00 -4.32372723e-03  0.00000000e+00  0.00000000e+00
  2.64457194e-01  3.27510610e-01  7.21259480e-01 -1.00000000e+00
 -4.69172652e-01  0.00000000e+00  0.00000000e+00  0.00000000e+00
 -1.87084378e-01  2.90609737e-01  6.70454041e-01 -2.17385324e-01
  9.00512893e-02 -1.85962020e-01 -3.80892150e-01 -7.11427925e-01
  0.00000000e+00  2.42360895e-01  0.00000000e+00  0.00000000e+00]
b: -4.512226334496597
Y_test: [ 1 -1  1  1 -1 -1  1 -1  1 -1  1 -1 -1 -1  1  1 -1  1  1  1 -1 -1 -1  1
  1  1 -1  1 -1  1  1  1 -1  1 -1  1  1 -1  1  1 -1 -1  1 -1  1 -1 -1  1
 -1  1  1 -1 -1 -1 -1  1 -1  1  1 -1 -1  1  1 -1 -1 -1  1  1 -1  1 -1  1
  1  1 -1  1 -1  1 -1  1 -1 -1  1  1  1 -1  1 -1  1 -1  1 -1 -1 -1  1  1
 -1 -1  1  1 -1 -1  1  1 -1  1 -1  1  1 -1  1 -1  1 -1 -1  1  1 -1  1  1
 -1 -1 -1 -1 -1  1  1 -1  1 -1 -1 -1  1  1  1  1  1 -1  1  1 -1 -1  1 -1
 -1  1  1 -1 -1  1 -1 -1  1 -1  1  1  1  1  1  1 -1  1 -1 -1  1  1 -1 -1
  1  1 -1  1 -1 -1  1 -1  1  1 -1 -1  1 -1 -1  1  1  1  1 -1  1  1 -1  1
 -1  1 -1 -1  1  1 -1 -1 -1 -1 -1 -1 -1  1  1  1 -1 -1 -1 -1 -1 -1 -1  1
 -1  1 -1  1 -1 -1  1  1 -1  1 -1  1  1  1 -1  1  1 -1 -1 -1 -1 -1  1  1
 -1  1  1 -1 -1 -1  1 -1  1  1  1  1 -1 -1  1  1 -1  1 -1  1 -1  1 -1  1
  1 -1  1  1 -1 -1 -1 -1  1  1  1  1  1 -1 -1 -1  1  1 -1  1 -1  1 -1 -1
 -1  1  1 -1  1 -1  1 -1 -1 -1 -1  1  1  1  1  1 -1  1  1 -1  1  1  1  1
 -1  1  1  1 -1  1 -1  1 -1 -1 -1  1  1  1 -1 -1  1  1  1 -1  1  1 -1 -1
 -1  1 -1 -1 -1 -1 -1 -1 -1  1  1 -1 -1  1  1  1  1  1  1  1  1 -1 -1  1
 -1 -1 -1  1  1 -1  1  1  1  1  1  1  1 -1  1 -1 -1 -1  1 -1  1 -1 -1 -1
 -1  1 -1  1  1 -1 -1  1 -1  1 -1  1 -1 -1  1 -1 -1  1  1 -1 -1  1 -1  1
  1  1  1  1  1  1 -1  1  1 -1 -1  1 -1 -1  1  1 -1  1  1  1 -1  1  1 -1
  1 -1  1 -1  1 -1 -1 -1 -1 -1  1  1 -1  1  1 -1 -1  1 -1 -1 -1 -1 -1  1
 -1  1  1 -1 -1 -1 -1 -1 -1 -1  1 -1 -1  1  1 -1 -1  1  1 -1 -1 -1  1  1
 -1  1  1 -1 -1 -1 -1 -1 -1 -1 -1 -1  1  1  1  1  1  1 -1  1 -1 -1  1 -1
 -1  1  1 -1  1  1  1  1  1  1  1  1  1 -1  1  1  1 -1  1  1  1  1 -1  1
  1  1 -1  1  1  1  1 -1  1 -1  1 -1  1  1 -1 -1 -1 -1  1 -1  1 -1  1  1
  1  1 -1  1 -1 -1 -1 -1  1  1  1 -1  1 -1  1 -1  1 -1  1  1  1  1  1  1
 -1 -1 -1  1 -1  1  1  1  1  1  1  1 -1  1  1 -1 -1 -1 -1 -1 -1  1  1 -1
  1  1 -1 -1 -1  1  1 -1  1 -1  1  1  1 -1  1  1 -1 -1  1  1 -1  1  1  1
 -1 -1  1 -1 -1  1  1 -1 -1 -1  1 -1 -1  1  1  1  1 -1 -1  1 -1  1  1  1
 -1  1  1  1 -1 -1 -1 -1 -1  1  1 -1 -1  1 -1  1  1  1 -1 -1  1 -1  1  1
  1 -1  1  1  1 -1  1  1  1  1  1 -1 -1  1 -1 -1 -1 -1 -1 -1  1  1  1  1
  1 -1  1 -1 -1 -1 -1 -1  1 -1  1 -1 -1 -1  1  1  1 -1  1 -1 -1  1 -1 -1
 -1  1  1 -1 -1  1 -1 -1 -1 -1 -1  1  1 -1 -1  1 -1  1  1 -1  1 -1 -1 -1
  1 -1 -1  1  1  1  1 -1  1 -1  1  1  1  1 -1 -1 -1 -1  1 -1  1 -1 -1  1
 -1 -1  1  1 -1 -1 -1 -1  1  1 -1  1 -1  1  1 -1  1 -1  1  1  1  1 -1  1
 -1  1 -1 -1 -1 -1  1 -1  1 -1  1 -1  1  1  1 -1  1 -1 -1 -1  1  1  1 -1
  1  1  1 -1 -1 -1 -1  1 -1  1  1  1 -1  1 -1 -1 -1  1  1 -1  1 -1 -1 -1
 -1 -1 -1 -1 -1 -1 -1  1  1  1 -1  1 -1 -1 -1 -1 -1 -1 -1 -1  1 -1  1 -1
 -1 -1 -1  1 -1  1 -1  1 -1  1 -1  1 -1 -1 -1  1 -1  1 -1  1 -1 -1  1 -1
 -1 -1  1 -1 -1  1 -1 -1  1 -1  1  1  1 -1  1  1  1  1 -1 -1 -1 -1  1 -1
  1 -1  1  1  1 -1  1 -1 -1 -1 -1 -1 -1 -1 -1  1 -1 -1  1  1  1  1 -1  1]
Y_pred: [ 1 -1  1  1 -1 -1  1  1  1  1  1 -1 -1 -1  1  1 -1  1  1  1  1  1 -1  1
  1  1  1  1 -1  1  1  1  1  1 -1  1  1 -1  1  1 -1 -1  1  1  1  1 -1  1
 -1  1  1 -1 -1 -1 -1  1 -1  1  1 -1 -1  1  1 -1 -1  1  1  1 -1  1 -1  1
 -1  1  1  1 -1  1 -1  1 -1  1  1  1  1 -1  1 -1  1 -1  1 -1  1 -1  1  1
 -1 -1  1  1 -1 -1  1  1 -1  1 -1  1  1  1  1  1  1 -1 -1  1  1 -1  1  1
 -1 -1 -1 -1 -1  1  1 -1  1  1  1 -1  1 -1  1  1  1  1 -1  1  1 -1  1  1
 -1  1  1 -1 -1  1 -1 -1  1  1  1 -1  1  1  1  1  1  1  1 -1  1  1  1 -1
  1  1 -1 -1 -1  1  1 -1  1  1 -1  1  1 -1 -1  1  1  1 -1 -1  1  1 -1 -1
 -1  1 -1 -1  1  1 -1 -1 -1 -1 -1 -1  1 -1  1  1 -1 -1 -1 -1 -1  1  1  1
 -1  1 -1  1 -1 -1 -1  1  1  1  1  1  1  1 -1 -1  1 -1 -1 -1 -1  1 -1 -1
 -1  1  1 -1 -1  1 -1  1  1 -1  1  1 -1 -1  1  1 -1 -1 -1  1  1  1 -1  1
  1 -1 -1  1 -1 -1 -1 -1  1  1 -1  1  1  1 -1 -1  1  1 -1  1 -1  1  1 -1
  1  1  1 -1  1 -1 -1 -1 -1  1 -1  1  1 -1  1  1 -1 -1  1 -1  1  1  1  1
 -1  1 -1  1 -1  1 -1  1 -1 -1  1  1  1  1  1 -1  1 -1  1 -1  1  1 -1 -1
 -1  1 -1  1 -1 -1 -1 -1 -1  1  1 -1 -1  1  1  1  1  1  1  1 -1 -1 -1  1
 -1 -1  1  1 -1  1 -1  1 -1  1  1  1  1 -1  1 -1 -1  1  1 -1  1 -1 -1  1
 -1  1 -1  1  1 -1 -1  1  1  1 -1  1  1 -1  1  1 -1 -1  1  1  1  1  1  1
  1  1 -1  1  1  1 -1 -1  1 -1  1  1 -1 -1 -1  1 -1  1  1  1 -1  1  1 -1
  1 -1  1  1  1 -1 -1  1 -1 -1  1  1 -1  1  1 -1 -1 -1 -1 -1 -1  1 -1  1
 -1  1  1 -1  1 -1 -1 -1 -1 -1  1 -1  1  1  1 -1 -1 -1  1 -1 -1 -1  1  1
 -1  1  1 -1  1 -1 -1  1 -1 -1  1  1  1 -1  1  1  1  1 -1  1 -1 -1  1 -1
 -1  1  1  1  1  1  1 -1 -1  1  1  1  1 -1 -1  1  1 -1  1  1  1 -1  1  1
  1  1 -1  1  1  1  1  1  1 -1  1 -1  1  1  1 -1  1 -1  1 -1  1 -1  1  1
  1  1 -1 -1  1 -1 -1 -1 -1  1  1 -1  1 -1  1 -1  1 -1  1 -1  1  1  1  1
  1 -1 -1  1 -1  1  1  1  1  1  1  1 -1  1  1 -1 -1 -1 -1 -1 -1  1  1 -1
  1 -1  1 -1 -1  1  1  1  1  1  1  1  1 -1  1  1  1 -1  1  1 -1  1  1 -1
 -1 -1  1 -1  1  1  1 -1 -1 -1  1 -1 -1 -1  1  1  1  1 -1  1  1 -1  1  1
  1  1  1  1 -1 -1 -1 -1 -1  1  1 -1 -1  1 -1  1  1  1  1 -1  1 -1  1  1
  1  1  1  1  1 -1  1  1  1  1  1  1  1  1 -1  1 -1 -1 -1 -1  1 -1  1  1
  1 -1  1  1 -1  1 -1  1  1 -1  1 -1 -1 -1  1  1  1 -1  1 -1 -1  1 -1 -1
 -1  1  1 -1  1 -1 -1 -1 -1  1 -1  1 -1 -1 -1  1 -1  1  1 -1 -1  1 -1 -1
 -1 -1 -1  1  1  1  1 -1  1 -1  1  1  1  1 -1 -1 -1  1  1 -1 -1 -1 -1  1
 -1 -1  1 -1 -1  1 -1 -1  1  1  1  1 -1  1  1 -1  1  1  1  1 -1  1 -1  1
 -1  1  1 -1 -1 -1 -1 -1  1 -1 -1  1  1  1  1 -1  1 -1 -1 -1 -1  1  1 -1
  1  1  1 -1 -1 -1 -1  1 -1  1 -1  1  1  1  1  1 -1  1  1 -1 -1 -1 -1  1
  1 -1  1 -1 -1 -1 -1  1  1  1 -1  1 -1 -1 -1  1 -1 -1 -1 -1  1 -1  1  1
 -1 -1 -1  1 -1  1  1  1  1  1 -1  1 -1 -1 -1  1 -1  1  1  1  1 -1  1 -1
 -1 -1 -1 -1 -1  1 -1 -1  1 -1  1  1  1 -1  1  1  1  1 -1 -1 -1  1  1  1
  1 -1  1  1  1 -1 -1 -1 -1 -1 -1 -1 -1 -1  1  1 -1 -1  1  1  1  1 -1  1]
Accuracy: 82.16%
F1: 83.05%

make_fake_data time: 0.333073616028 sec

Roop 1: (3742, 100), (3742,)

value -1: 1873 samples
value 1: 1869 samples
Successfully converged. Iterations: 32606
fitting time : 9.85122299194336
objective_value: -1640.4357524753716
SV_len: 126
INNER_len: 1594
w: [ 1.52620773e+00  5.00672180e-01  1.65373087e+00  7.13398306e+00
  6.85378530e-01  1.75873434e+00  5.15296200e-01  1.36392951e-01
  9.74898030e-04  2.11825873e-01  3.11228005e-01  4.64272552e-02
  3.07877128e-01 -9.97231616e-01 -1.84802381e-01 -3.80068872e-01
 -2.01593536e-01  1.44138983e-01 -4.96704413e-01 -1.05477171e+00
 -6.13567363e-02  1.41166259e-01  1.96022760e-01  1.05303298e+00
  1.47556253e-01 -1.17433377e-03  1.43956937e-03  1.11730219e+00
  2.02124667e-01  4.30213560e-03  1.49510311e+00  4.29663072e-01
 -3.09235914e-01  8.24107184e-02 -1.02251286e-01  1.66991521e-01
  1.40937758e-03  2.40691603e-01  4.52199973e-01 -1.08145313e+00
 -6.56767707e-01 -2.62620115e-01 -5.34443827e-01  4.25075244e-01
  4.63081946e-01  5.03017568e-01  2.08597408e-01  5.01709956e-01
  1.36550526e-01  8.13838684e-02 -2.56208314e-01 -2.20234877e-01
  3.77278111e-03  6.85688839e-01  2.61975113e-01 -7.32336988e-02
 -6.80003985e-01  1.48875736e-01  4.38696718e-01  9.80900721e-01
 -2.01606308e-01  2.43051843e-03 -1.28209171e+00 -9.91801188e-01
 -1.21647293e+00 -4.16821756e-03 -1.35698921e-01  3.31090007e-01
 -1.34099344e+00  1.91996667e-01  3.42519118e-03  5.55825159e-04
 -5.55226916e-01  2.00628908e-03  3.28507322e-03 -9.98627140e-01
  6.60475401e-04 -3.83918844e-03  1.05262703e-02 -1.81092564e-03
  2.64598341e-01  3.28198596e-01  7.21060624e-01 -1.00183416e+00
 -4.69615183e-01 -1.41673271e-03 -8.93617779e-03  1.22216513e-03
 -1.86357223e-01  2.90738543e-01  6.71338162e-01 -2.16836357e-01
  9.06449772e-02 -1.84931863e-01 -3.81226595e-01 -7.12203471e-01
  5.53987392e-03  2.42071548e-01  6.29291265e-03 -6.43139844e-03]
b: -4.508669574158248
Y_test: [ 1 -1  1  1 -1 -1  1 -1  1 -1  1 -1 -1 -1  1  1 -1  1  1  1 -1 -1 -1  1
  1  1 -1  1 -1  1  1  1 -1  1 -1  1  1 -1  1  1 -1 -1  1 -1  1 -1 -1  1
 -1  1  1 -1 -1 -1 -1  1 -1  1  1 -1 -1  1  1 -1 -1 -1  1  1 -1  1 -1  1
  1  1 -1  1 -1  1 -1  1 -1 -1  1  1  1 -1  1 -1  1 -1  1 -1 -1 -1  1  1
 -1 -1  1  1 -1 -1  1  1 -1  1 -1  1  1 -1  1 -1  1 -1 -1  1  1 -1  1  1
 -1 -1 -1 -1 -1  1  1 -1  1 -1 -1 -1  1  1  1  1  1 -1  1  1 -1 -1  1 -1
 -1  1  1 -1 -1  1 -1 -1  1 -1  1  1  1  1  1  1 -1  1 -1 -1  1  1 -1 -1
  1  1 -1  1 -1 -1  1 -1  1  1 -1 -1  1 -1 -1  1  1  1  1 -1  1  1 -1  1
 -1  1 -1 -1  1  1 -1 -1 -1 -1 -1 -1 -1  1  1  1 -1 -1 -1 -1 -1 -1 -1  1
 -1  1 -1  1 -1 -1  1  1 -1  1 -1  1  1  1 -1  1  1 -1 -1 -1 -1 -1  1  1
 -1  1  1 -1 -1 -1  1 -1  1  1  1  1 -1 -1  1  1 -1  1 -1  1 -1  1 -1  1
  1 -1  1  1 -1 -1 -1 -1  1  1  1  1  1 -1 -1 -1  1  1 -1  1 -1  1 -1 -1
 -1  1  1 -1  1 -1  1 -1 -1 -1 -1  1  1  1  1  1 -1  1  1 -1  1  1  1  1
 -1  1  1  1 -1  1 -1  1 -1 -1 -1  1  1  1 -1 -1  1  1  1 -1  1  1 -1 -1
 -1  1 -1 -1 -1 -1 -1 -1 -1  1  1 -1 -1  1  1  1  1  1  1  1  1 -1 -1  1
 -1 -1 -1  1  1 -1  1  1  1  1  1  1  1 -1  1 -1 -1 -1  1 -1  1 -1 -1 -1
 -1  1 -1  1  1 -1 -1  1 -1  1 -1  1 -1 -1  1 -1 -1  1  1 -1 -1  1 -1  1
  1  1  1  1  1  1 -1  1  1 -1 -1  1 -1 -1  1  1 -1  1  1  1 -1  1  1 -1
  1 -1  1 -1  1 -1 -1 -1 -1 -1  1  1 -1  1  1 -1 -1  1 -1 -1 -1 -1 -1  1
 -1  1  1 -1 -1 -1 -1 -1 -1 -1  1 -1 -1  1  1 -1 -1  1  1 -1 -1 -1  1  1
 -1  1  1 -1 -1 -1 -1 -1 -1 -1 -1 -1  1  1  1  1  1  1 -1  1 -1 -1  1 -1
 -1  1  1 -1  1  1  1  1  1  1  1  1  1 -1  1  1  1 -1  1  1  1  1 -1  1
  1  1 -1  1  1  1  1 -1  1 -1  1 -1  1  1 -1 -1 -1 -1  1 -1  1 -1  1  1
  1  1 -1  1 -1 -1 -1 -1  1  1  1 -1  1 -1  1 -1  1 -1  1  1  1  1  1  1
 -1 -1 -1  1 -1  1  1  1  1  1  1  1 -1  1  1 -1 -1 -1 -1 -1 -1  1  1 -1
  1  1 -1 -1 -1  1  1 -1  1 -1  1  1  1 -1  1  1 -1 -1  1  1 -1  1  1  1
 -1 -1  1 -1 -1  1  1 -1 -1 -1  1 -1 -1  1  1  1  1 -1 -1  1 -1  1  1  1
 -1  1  1  1 -1 -1 -1 -1 -1  1  1 -1 -1  1 -1  1  1  1 -1 -1  1 -1  1  1
  1 -1  1  1  1 -1  1  1  1  1  1 -1 -1  1 -1 -1 -1 -1 -1 -1  1  1  1  1
  1 -1  1 -1 -1 -1 -1 -1  1 -1  1 -1 -1 -1  1  1  1 -1  1 -1 -1  1 -1 -1
 -1  1  1 -1 -1  1 -1 -1 -1 -1 -1  1  1 -1 -1  1 -1  1  1 -1  1 -1 -1 -1
  1 -1 -1  1  1  1  1 -1  1 -1  1  1  1  1 -1 -1 -1 -1  1 -1  1 -1 -1  1
 -1 -1  1  1 -1 -1 -1 -1  1  1 -1  1 -1  1  1 -1  1 -1  1  1  1  1 -1  1
 -1  1 -1 -1 -1 -1  1 -1  1 -1  1 -1  1  1  1 -1  1 -1 -1 -1  1  1  1 -1
  1  1  1 -1 -1 -1 -1  1 -1  1  1  1 -1  1 -1 -1 -1  1  1 -1  1 -1 -1 -1
 -1 -1 -1 -1 -1 -1 -1  1  1  1 -1  1 -1 -1 -1 -1 -1 -1 -1 -1  1 -1  1 -1
 -1 -1 -1  1 -1  1 -1  1 -1  1 -1  1 -1 -1 -1  1 -1  1 -1  1 -1 -1  1 -1
 -1 -1  1 -1 -1  1 -1 -1  1 -1  1  1  1 -1  1  1  1  1 -1 -1 -1 -1  1 -1
  1 -1  1  1  1 -1  1 -1 -1 -1 -1 -1 -1 -1 -1  1 -1 -1  1  1  1  1 -1  1]
Y_pred: [ 1 -1  1  1 -1 -1  1  1  1  1  1 -1 -1 -1  1  1 -1  1  1  1  1  1 -1  1
  1  1  1  1 -1  1  1  1  1  1 -1  1  1 -1  1  1 -1 -1  1  1  1  1 -1  1
 -1  1  1 -1 -1 -1 -1  1 -1  1  1 -1 -1  1  1 -1 -1  1  1  1 -1  1 -1  1
 -1  1  1  1 -1  1 -1  1 -1  1  1  1  1 -1  1 -1  1 -1  1 -1  1 -1  1  1
 -1 -1  1  1 -1 -1  1  1 -1  1 -1  1  1  1  1  1  1 -1 -1  1  1 -1  1  1
 -1 -1 -1 -1 -1  1  1 -1  1  1  1 -1  1 -1  1  1  1  1 -1  1  1 -1  1  1
 -1  1  1 -1 -1  1 -1 -1  1  1  1 -1  1  1  1  1  1  1  1 -1  1  1  1 -1
  1  1 -1 -1 -1  1  1 -1  1  1 -1  1  1 -1 -1  1  1  1 -1 -1  1  1 -1 -1
 -1  1 -1 -1  1  1 -1 -1 -1 -1 -1 -1  1 -1  1  1 -1 -1 -1 -1 -1  1  1  1
 -1  1 -1  1 -1 -1 -1  1  1  1  1  1  1  1 -1 -1  1 -1 -1 -1 -1  1 -1 -1
 -1  1  1 -1 -1  1 -1  1  1 -1  1  1 -1 -1  1  1 -1 -1 -1  1  1  1 -1  1
  1 -1 -1  1 -1 -1 -1 -1  1  1 -1  1  1  1 -1 -1  1  1 -1  1 -1  1  1 -1
  1  1  1 -1  1 -1 -1 -1 -1  1 -1  1  1 -1  1  1 -1 -1  1 -1  1  1  1  1
 -1  1 -1  1 -1  1 -1  1 -1 -1  1  1  1  1  1 -1  1 -1  1 -1  1  1 -1 -1
 -1  1 -1  1 -1 -1 -1 -1 -1  1  1 -1 -1  1  1  1  1  1  1  1 -1 -1 -1  1
 -1 -1  1  1 -1  1 -1  1 -1  1  1  1  1 -1  1 -1 -1  1  1 -1  1 -1 -1  1
 -1  1 -1  1  1 -1 -1  1  1  1 -1  1  1 -1  1  1 -1 -1  1  1  1  1  1  1
  1  1 -1  1  1  1 -1 -1  1 -1  1  1 -1 -1 -1  1 -1  1  1  1 -1  1  1 -1
  1 -1  1  1  1 -1 -1  1 -1 -1  1  1 -1  1  1 -1 -1 -1 -1 -1 -1  1 -1  1
 -1  1  1 -1  1 -1 -1 -1 -1 -1  1 -1  1  1  1 -1 -1 -1  1 -1 -1 -1  1  1
 -1  1  1 -1  1 -1 -1  1 -1 -1  1  1  1 -1  1  1  1  1 -1  1 -1 -1  1 -1
 -1  1  1  1  1  1  1 -1 -1  1  1  1  1 -1 -1  1  1 -1  1  1  1 -1  1  1
  1  1 -1  1  1  1  1  1  1 -1  1 -1  1  1  1 -1  1 -1  1 -1  1 -1  1  1
  1  1 -1 -1  1 -1 -1 -1 -1  1  1 -1  1 -1  1 -1  1 -1  1 -1  1  1  1  1
  1 -1 -1  1 -1  1  1  1  1  1  1  1 -1  1  1 -1 -1 -1 -1 -1 -1  1  1 -1
  1 -1  1 -1 -1  1  1  1  1  1  1  1  1 -1  1  1  1 -1  1  1 -1  1  1 -1
 -1 -1  1 -1  1  1  1 -1 -1 -1  1 -1 -1 -1  1  1  1  1 -1  1  1 -1  1  1
  1  1  1  1 -1 -1 -1 -1 -1  1  1 -1 -1  1 -1  1  1  1  1 -1  1 -1  1  1
  1  1  1  1  1 -1  1  1  1  1  1  1  1  1 -1  1 -1 -1 -1 -1  1 -1  1  1
  1 -1  1  1 -1  1 -1  1  1 -1  1 -1 -1 -1  1  1  1 -1  1 -1 -1  1 -1 -1
 -1  1  1 -1  1 -1 -1 -1 -1  1 -1  1 -1 -1 -1  1 -1  1  1 -1 -1  1 -1 -1
 -1 -1 -1  1  1  1  1 -1  1 -1  1  1  1  1 -1 -1 -1  1  1 -1 -1 -1 -1  1
 -1 -1  1 -1 -1  1 -1 -1  1  1  1  1 -1  1  1 -1  1  1  1  1 -1  1 -1  1
 -1  1  1 -1 -1 -1 -1 -1  1 -1 -1  1  1  1  1 -1  1 -1 -1 -1 -1  1  1 -1
  1  1  1 -1 -1 -1 -1  1 -1  1 -1  1  1  1  1  1 -1  1  1 -1 -1 -1 -1  1
  1 -1  1 -1 -1 -1 -1  1  1  1 -1  1 -1 -1 -1  1 -1 -1 -1 -1  1 -1  1  1
 -1 -1 -1  1 -1  1  1  1  1  1 -1  1 -1 -1 -1  1 -1  1  1  1  1 -1  1 -1
 -1 -1 -1 -1 -1  1 -1 -1  1 -1  1  1  1 -1  1  1  1  1 -1 -1 -1  1  1  1
  1 -1  1  1  1 -1 -1 -1 -1 -1 -1 -1 -1 -1  1  1 -1 -1  1  1  1  1 -1  1]
Accuracy: 82.16%
F1: 83.05%

Y_pred_same(1): 100.00%
RMSE(1): 0.001932628576
MAE(1): 0.000790363399
NRMSE_std(1): 0.001094756961
NMAE_std(1): 0.000447709324
pred [Max, Min]: [10.333433562736, -4.364047299241]
cos(1): 0.999996355125
angle(1): 0.154695993673 deg (0.002699954429 rad)
