Roop 0: (455, 30), (455,)

value -1: 170 samples
value 1: 285 samples
Successfully converged. Iterations: 145
fitting time : 0.046300649642944336
objective_value: -61.47898292608324
SV_len: 7
INNER_len: 75
w: [-1.10971008 -1.39044902 -1.06438448 -1.02518152 -0.54178721  0.46387688
 -0.80711881 -1.35512398 -0.42997406  0.87116771 -1.31174072  0.65244978
 -0.98476118 -0.85477856 -0.40254108  0.73048249  0.34061164  0.26033698
 -0.02229597  0.38934746 -1.90606486 -1.84763941 -1.72760613 -1.43444935
 -1.65347822 -0.38259513 -0.95735423 -1.53156167 -1.66128496 -0.41541146]
b: 6.214602504152267
Y_test: [ 1 -1  1  1  1  1 -1  1  1  1  1 -1  1 -1  1  1  1 -1  1  1 -1  1  1  1
  1  1  1 -1  1  1  1 -1 -1  1  1  1  1 -1 -1  1 -1  1  1  1 -1 -1 -1 -1
  1 -1  1 -1  1  1 -1  1 -1  1  1  1  1 -1 -1  1  1  1  1  1  1  1  1  1
  1 -1  1  1  1 -1 -1 -1  1  1 -1  1  1 -1 -1 -1 -1  1  1  1  1  1 -1 -1
 -1 -1  1  1 -1  1  1 -1  1 -1 -1  1 -1 -1 -1  1  1  1]
Y_pred: [ 1 -1  1  1  1  1 -1  1  1  1  1 -1  1 -1  1  1  1 -1  1  1 -1  1  1  1
  1  1  1 -1  1  1  1 -1 -1  1  1  1  1 -1 -1  1 -1  1  1  1 -1 -1 -1 -1
  1 -1  1 -1  1  1 -1  1 -1  1  1  1  1 -1 -1  1  1  1  1  1 -1  1  1  1
  1 -1  1  1  1 -1 -1 -1  1  1 -1  1  1 -1 -1 -1 -1  1  1  1  1  1 -1 -1
 -1 -1  1  1 -1  1  1 -1  1 -1 -1  1 -1 -1 -1  1  1  1]
Accuracy: 99.12%
F1: 99.30%

make_fake_data time: 0.020296812057 sec

Roop 1: (455, 30), (455,)

value -1: 170 samples
value 1: 285 samples
Successfully converged. Iterations: 195
fitting time : 0.04755139350891113
objective_value: -61.47898537375536
SV_len: 7
INNER_len: 75
w: [-1.10945881 -1.39072575 -1.06418812 -1.0250369  -0.54193482  0.46451407
 -0.80623083 -1.35485984 -0.43062254  0.87093903 -1.31227345  0.65204678
 -0.98565276 -0.85531331 -0.40261086  0.73001416  0.34057359  0.25987559
 -0.02326028  0.38915828 -1.90618241 -1.84749176 -1.7276035  -1.43438767
 -1.65370656 -0.38285362 -0.95666918 -1.53150536 -1.66150269 -0.41523769]
b: 6.2149602819185
Y_test: [ 1 -1  1  1  1  1 -1  1  1  1  1 -1  1 -1  1  1  1 -1  1  1 -1  1  1  1
  1  1  1 -1  1  1  1 -1 -1  1  1  1  1 -1 -1  1 -1  1  1  1 -1 -1 -1 -1
  1 -1  1 -1  1  1 -1  1 -1  1  1  1  1 -1 -1  1  1  1  1  1  1  1  1  1
  1 -1  1  1  1 -1 -1 -1  1  1 -1  1  1 -1 -1 -1 -1  1  1  1  1  1 -1 -1
 -1 -1  1  1 -1  1  1 -1  1 -1 -1  1 -1 -1 -1  1  1  1]
Y_pred: [ 1 -1  1  1  1  1 -1  1  1  1  1 -1  1 -1  1  1  1 -1  1  1 -1  1  1  1
  1  1  1 -1  1  1  1 -1 -1  1  1  1  1 -1 -1  1 -1  1  1  1 -1 -1 -1 -1
  1 -1  1 -1  1  1 -1  1 -1  1  1  1  1 -1 -1  1  1  1  1  1 -1  1  1  1
  1 -1  1  1  1 -1 -1 -1  1  1 -1  1  1 -1 -1 -1 -1  1  1  1  1  1 -1 -1
 -1 -1  1  1 -1  1  1 -1  1 -1 -1  1 -1 -1 -1  1  1  1]
Accuracy: 99.12%
F1: 99.30%

Y_pred_same(1): 100.00%
RMSE(1): 0.000357639238
MAE(1): 0.000280236991
NRMSE_std(1): 0.000117042508
NMAE_std(1): 0.000091711526
pred [Max, Min]: [5.156862610941, -8.181080808698]
cos(1): 0.999999920814
angle(1): 0.022801368641 deg (0.000397958957 rad)
