Roop 0: (10359, 23), (10359,)

value -1: 5869 samples
value 1: 4490 samples
Successfully converged. Iterations: 19222
fitting time : 44.47843337059021
objective_value: -3391.4274940188616
SV_len: 28
INNER_len: 3388
w: [-5.78602923e-01  8.01209244e-02  1.64200882e+00 -3.75866795e-01
 -5.92179919e-01  5.78135038e-03 -2.08256801e-01  2.04072532e+00
  1.29535915e-01  3.15211204e-01  8.75689756e-01  7.01147697e-01
  2.59158357e-01  8.16886364e-01  1.57773796e-01  7.69054636e-01
 -6.92297681e-01 -1.59189301e+00 -7.16151126e-04 -1.22657029e+00
 -1.75554568e+00 -5.70011706e-01 -4.95460020e-01]
b: -3.2788881245964423
Y_test: [-1  1 -1 ... -1 -1 -1]
Y_pred: [-1  1  1 ... -1 -1 -1]
Accuracy: 87.45%
F1: 85.30%

make_fake_data time: 1.144952535629 sec

Roop 1: (10359, 23), (10359,)

value -1: 5869 samples
value 1: 4490 samples
Successfully converged. Iterations: 31404
fitting time : 46.32553195953369
objective_value: -3391.424862204274
SV_len: 120
INNER_len: 3299
w: [-5.78244058e-01  8.00273729e-02  1.64192162e+00 -3.75847629e-01
 -5.91677089e-01  5.72954506e-03 -2.07264204e-01  2.04053910e+00
  1.29181268e-01  3.15064965e-01  8.75443915e-01  7.01351299e-01
  2.59112511e-01  8.16580423e-01  1.57642705e-01  7.68644658e-01
 -6.91701500e-01 -1.59206474e+00 -7.76651576e-04 -1.22621299e+00
 -1.75482255e+00 -5.70190084e-01 -4.95708146e-01]
b: -3.278916398154885
Y_test: [-1  1 -1 ... -1 -1 -1]
Y_pred: [-1  1  1 ... -1 -1 -1]
Accuracy: 87.45%
F1: 85.30%

Y_pred_same(1): 100.00%
RMSE(1): 0.000395541575
MAE(1): 0.000320662545
NRMSE_std(1): 0.000224959982
NMAE_std(1): 0.000182373346
pred [Max, Min]: [3.118313844604, -4.662068658541]
cos(1): 0.999999954773
angle(1): 0.017232050708 deg (0.000300756022 rad)
