Roop 0: (455, 30), (455,)

value -1: 170 samples
value 1: 285 samples
Successfully converged. Iterations: 138
fitting time : 0.044207096099853516
objective_value: -61.47898101375689
SV_len: 7
INNER_len: 75
w: [-1.10946829 -1.38993973 -1.06417083 -1.0249053  -0.54201299  0.46363736
 -0.80692316 -1.35518944 -0.43054715  0.87107599 -1.31184036  0.65216953
 -0.984868   -0.85485697 -0.40188621  0.73062897  0.34087678  0.26083312
 -0.0218225   0.38932499 -1.90605402 -1.84786337 -1.72765189 -1.43442488
 -1.65367344 -0.3828416  -0.95733846 -1.53142373 -1.6614593  -0.41576244]
b: 6.214390389677655
Y_test: [ 1 -1  1  1  1  1 -1  1  1  1  1 -1  1 -1  1  1  1 -1  1  1 -1  1  1  1
  1  1  1 -1  1  1  1 -1 -1  1  1  1  1 -1 -1  1 -1  1  1  1 -1 -1 -1 -1
  1 -1  1 -1  1  1 -1  1 -1  1  1  1  1 -1 -1  1  1  1  1  1  1  1  1  1
  1 -1  1  1  1 -1 -1 -1  1  1 -1  1  1 -1 -1 -1 -1  1  1  1  1  1 -1 -1
 -1 -1  1  1 -1  1  1 -1  1 -1 -1  1 -1 -1 -1  1  1  1]
Y_pred: [ 1 -1  1  1  1  1 -1  1  1  1  1 -1  1 -1  1  1  1 -1  1  1 -1  1  1  1
  1  1  1 -1  1  1  1 -1 -1  1  1  1  1 -1 -1  1 -1  1  1  1 -1 -1 -1 -1
  1 -1  1 -1  1  1 -1  1 -1  1  1  1  1 -1 -1  1  1  1  1  1 -1  1  1  1
  1 -1  1  1  1 -1 -1 -1  1  1 -1  1  1 -1 -1 -1 -1  1  1  1  1  1 -1 -1
 -1 -1  1  1 -1  1  1 -1  1 -1 -1  1 -1 -1 -1  1  1  1]
Accuracy: 99.12%
F1: 99.30%

make_fake_data time: 0.021207571030 sec

Roop 1: (455, 30), (455,)

value -1: 170 samples
value 1: 285 samples
Successfully converged. Iterations: 216
fitting time : 0.04760384559631348
objective_value: -61.47897082406928
SV_len: 12
INNER_len: 70
w: [-1.10913068 -1.38914834 -1.06356413 -1.02509927 -0.54248479  0.46415635
 -0.8071787  -1.35473082 -0.43163068  0.87269033 -1.31156163  0.65198764
 -0.98459522 -0.85493844 -0.4016026   0.73084916  0.34108351  0.26043482
 -0.02104684  0.38914571 -1.90549227 -1.84749465 -1.72770434 -1.43424166
 -1.65345205 -0.38396835 -0.9576757  -1.53102684 -1.66075563 -0.41605748]
b: 6.21327323663445
Y_test: [ 1 -1  1  1  1  1 -1  1  1  1  1 -1  1 -1  1  1  1 -1  1  1 -1  1  1  1
  1  1  1 -1  1  1  1 -1 -1  1  1  1  1 -1 -1  1 -1  1  1  1 -1 -1 -1 -1
  1 -1  1 -1  1  1 -1  1 -1  1  1  1  1 -1 -1  1  1  1  1  1  1  1  1  1
  1 -1  1  1  1 -1 -1 -1  1  1 -1  1  1 -1 -1 -1 -1  1  1  1  1  1 -1 -1
 -1 -1  1  1 -1  1  1 -1  1 -1 -1  1 -1 -1 -1  1  1  1]
Y_pred: [ 1 -1  1  1  1  1 -1  1  1  1  1 -1  1 -1  1  1  1 -1  1  1 -1  1  1  1
  1  1  1 -1  1  1  1 -1 -1  1  1  1  1 -1 -1  1 -1  1  1  1 -1 -1 -1 -1
  1 -1  1 -1  1  1 -1  1 -1  1  1  1  1 -1 -1  1  1  1  1  1 -1  1  1  1
  1 -1  1  1  1 -1 -1 -1  1  1 -1  1  1 -1 -1 -1 -1  1  1  1  1  1 -1 -1
 -1 -1  1  1 -1  1  1 -1  1 -1 -1  1 -1 -1 -1  1  1  1]
Accuracy: 99.12%
F1: 99.30%

Y_pred_same(1): 100.00%
RMSE(1): 0.000442537433
MAE(1): 0.000334815905
NRMSE_std(1): 0.000144829592
NMAE_std(1): 0.000109575478
pred [Max, Min]: [5.156980608137, -8.180747518667]
cos(1): 0.999999938024
angle(1): 0.020171988357 deg (0.000352067614 rad)
