Roop 0: (3742, 100), (3742,)

value -1: 1873 samples
value 1: 1869 samples
Successfully converged. Iterations: 21271
fitting time : 9.180401802062988
objective_value: -1640.4359783371679
SV_len: 73
INNER_len: 1647
w: [ 1.52168136e+00  5.02944393e-01  1.65863658e+00  7.15605636e+00
  6.86454387e-01  1.76171093e+00  5.13805687e-01  1.36102087e-01
  0.00000000e+00  2.11762922e-01  3.11795483e-01  4.70305924e-02
  3.07720106e-01 -1.00000000e+00 -1.85524888e-01 -3.80283002e-01
 -1.96811695e-01  1.43903645e-01 -4.96643479e-01 -1.05150508e+00
 -6.12798715e-02  1.39998493e-01  1.92669071e-01  1.04912236e+00
  1.46029133e-01 -4.11376018e-03  0.00000000e+00  1.11576279e+00
  2.01512250e-01  0.00000000e+00  1.49589149e+00  4.28854587e-01
 -3.08678433e-01  8.32935941e-02 -9.91146309e-02  1.63880477e-01
  0.00000000e+00  2.38136482e-01  4.48649265e-01 -1.08345625e+00
 -6.58253172e-01 -2.65192384e-01 -5.37231982e-01  4.20412243e-01
  4.60575379e-01  5.00879057e-01  2.09296612e-01  4.97417770e-01
  1.33103380e-01  8.07660920e-02 -2.57676757e-01 -2.19734293e-01
  3.27195775e-03  6.87003171e-01  2.62701665e-01 -7.30919244e-02
 -6.79854746e-01  1.49683521e-01  4.37740472e-01  9.89188911e-01
 -2.01807384e-01  0.00000000e+00 -1.28127916e+00 -1.00000000e+00
 -1.21646244e+00  0.00000000e+00 -1.35245513e-01  3.32326909e-01
 -1.34122779e+00  1.90810628e-01  0.00000000e+00  0.00000000e+00
 -5.54979493e-01  0.00000000e+00  0.00000000e+00 -1.00000000e+00
  0.00000000e+00 -3.79451638e-03  0.00000000e+00  0.00000000e+00
  2.60721550e-01  3.26235915e-01  7.16310153e-01 -1.00000000e+00
 -4.70897355e-01  0.00000000e+00  0.00000000e+00  0.00000000e+00
 -1.85484336e-01  2.92002974e-01  6.70892941e-01 -2.19086301e-01
  8.65268333e-02 -1.84697354e-01 -3.81353042e-01 -7.11319867e-01
  0.00000000e+00  2.41972984e-01  0.00000000e+00  0.00000000e+00]
b: -4.508043285972798
Y_test: [ 1 -1  1  1 -1 -1  1 -1  1 -1  1 -1 -1 -1  1  1 -1  1  1  1 -1 -1 -1  1
  1  1 -1  1 -1  1  1  1 -1  1 -1  1  1 -1  1  1 -1 -1  1 -1  1 -1 -1  1
 -1  1  1 -1 -1 -1 -1  1 -1  1  1 -1 -1  1  1 -1 -1 -1  1  1 -1  1 -1  1
  1  1 -1  1 -1  1 -1  1 -1 -1  1  1  1 -1  1 -1  1 -1  1 -1 -1 -1  1  1
 -1 -1  1  1 -1 -1  1  1 -1  1 -1  1  1 -1  1 -1  1 -1 -1  1  1 -1  1  1
 -1 -1 -1 -1 -1  1  1 -1  1 -1 -1 -1  1  1  1  1  1 -1  1  1 -1 -1  1 -1
 -1  1  1 -1 -1  1 -1 -1  1 -1  1  1  1  1  1  1 -1  1 -1 -1  1  1 -1 -1
  1  1 -1  1 -1 -1  1 -1  1  1 -1 -1  1 -1 -1  1  1  1  1 -1  1  1 -1  1
 -1  1 -1 -1  1  1 -1 -1 -1 -1 -1 -1 -1  1  1  1 -1 -1 -1 -1 -1 -1 -1  1
 -1  1 -1  1 -1 -1  1  1 -1  1 -1  1  1  1 -1  1  1 -1 -1 -1 -1 -1  1  1
 -1  1  1 -1 -1 -1  1 -1  1  1  1  1 -1 -1  1  1 -1  1 -1  1 -1  1 -1  1
  1 -1  1  1 -1 -1 -1 -1  1  1  1  1  1 -1 -1 -1  1  1 -1  1 -1  1 -1 -1
 -1  1  1 -1  1 -1  1 -1 -1 -1 -1  1  1  1  1  1 -1  1  1 -1  1  1  1  1
 -1  1  1  1 -1  1 -1  1 -1 -1 -1  1  1  1 -1 -1  1  1  1 -1  1  1 -1 -1
 -1  1 -1 -1 -1 -1 -1 -1 -1  1  1 -1 -1  1  1  1  1  1  1  1  1 -1 -1  1
 -1 -1 -1  1  1 -1  1  1  1  1  1  1  1 -1  1 -1 -1 -1  1 -1  1 -1 -1 -1
 -1  1 -1  1  1 -1 -1  1 -1  1 -1  1 -1 -1  1 -1 -1  1  1 -1 -1  1 -1  1
  1  1  1  1  1  1 -1  1  1 -1 -1  1 -1 -1  1  1 -1  1  1  1 -1  1  1 -1
  1 -1  1 -1  1 -1 -1 -1 -1 -1  1  1 -1  1  1 -1 -1  1 -1 -1 -1 -1 -1  1
 -1  1  1 -1 -1 -1 -1 -1 -1 -1  1 -1 -1  1  1 -1 -1  1  1 -1 -1 -1  1  1
 -1  1  1 -1 -1 -1 -1 -1 -1 -1 -1 -1  1  1  1  1  1  1 -1  1 -1 -1  1 -1
 -1  1  1 -1  1  1  1  1  1  1  1  1  1 -1  1  1  1 -1  1  1  1  1 -1  1
  1  1 -1  1  1  1  1 -1  1 -1  1 -1  1  1 -1 -1 -1 -1  1 -1  1 -1  1  1
  1  1 -1  1 -1 -1 -1 -1  1  1  1 -1  1 -1  1 -1  1 -1  1  1  1  1  1  1
 -1 -1 -1  1 -1  1  1  1  1  1  1  1 -1  1  1 -1 -1 -1 -1 -1 -1  1  1 -1
  1  1 -1 -1 -1  1  1 -1  1 -1  1  1  1 -1  1  1 -1 -1  1  1 -1  1  1  1
 -1 -1  1 -1 -1  1  1 -1 -1 -1  1 -1 -1  1  1  1  1 -1 -1  1 -1  1  1  1
 -1  1  1  1 -1 -1 -1 -1 -1  1  1 -1 -1  1 -1  1  1  1 -1 -1  1 -1  1  1
  1 -1  1  1  1 -1  1  1  1  1  1 -1 -1  1 -1 -1 -1 -1 -1 -1  1  1  1  1
  1 -1  1 -1 -1 -1 -1 -1  1 -1  1 -1 -1 -1  1  1  1 -1  1 -1 -1  1 -1 -1
 -1  1  1 -1 -1  1 -1 -1 -1 -1 -1  1  1 -1 -1  1 -1  1  1 -1  1 -1 -1 -1
  1 -1 -1  1  1  1  1 -1  1 -1  1  1  1  1 -1 -1 -1 -1  1 -1  1 -1 -1  1
 -1 -1  1  1 -1 -1 -1 -1  1  1 -1  1 -1  1  1 -1  1 -1  1  1  1  1 -1  1
 -1  1 -1 -1 -1 -1  1 -1  1 -1  1 -1  1  1  1 -1  1 -1 -1 -1  1  1  1 -1
  1  1  1 -1 -1 -1 -1  1 -1  1  1  1 -1  1 -1 -1 -1  1  1 -1  1 -1 -1 -1
 -1 -1 -1 -1 -1 -1 -1  1  1  1 -1  1 -1 -1 -1 -1 -1 -1 -1 -1  1 -1  1 -1
 -1 -1 -1  1 -1  1 -1  1 -1  1 -1  1 -1 -1 -1  1 -1  1 -1  1 -1 -1  1 -1
 -1 -1  1 -1 -1  1 -1 -1  1 -1  1  1  1 -1  1  1  1  1 -1 -1 -1 -1  1 -1
  1 -1  1  1  1 -1  1 -1 -1 -1 -1 -1 -1 -1 -1  1 -1 -1  1  1  1  1 -1  1]
Y_pred: [ 1 -1  1  1 -1 -1  1  1  1  1  1 -1 -1 -1  1  1 -1  1  1  1  1  1 -1  1
  1  1  1  1 -1  1  1  1  1  1 -1  1  1 -1  1  1 -1 -1  1  1  1  1 -1  1
 -1  1  1 -1 -1 -1 -1  1 -1  1  1 -1 -1  1  1 -1 -1  1  1  1 -1  1 -1  1
 -1  1  1  1 -1  1 -1  1 -1  1  1  1  1 -1  1 -1  1 -1  1 -1  1 -1  1  1
 -1 -1  1  1 -1 -1  1  1 -1  1 -1  1  1  1  1  1  1 -1 -1  1  1 -1  1  1
 -1 -1 -1 -1 -1  1  1 -1  1  1  1 -1  1 -1  1  1  1  1 -1  1  1 -1  1  1
 -1  1  1 -1 -1  1 -1 -1  1  1  1 -1  1  1  1  1  1  1  1 -1  1  1  1 -1
  1  1 -1 -1 -1  1  1 -1  1  1 -1  1  1 -1 -1  1  1  1 -1 -1  1  1 -1 -1
 -1  1 -1 -1  1  1 -1 -1 -1 -1 -1 -1  1 -1  1  1 -1 -1 -1 -1 -1  1  1  1
 -1  1 -1  1 -1 -1 -1  1  1  1  1  1  1  1 -1 -1  1 -1 -1 -1 -1  1 -1 -1
 -1  1  1 -1 -1  1 -1  1  1 -1  1  1 -1 -1  1  1 -1 -1 -1  1  1  1 -1  1
  1 -1 -1  1 -1 -1 -1 -1  1  1 -1  1  1  1 -1 -1  1  1 -1  1 -1  1  1 -1
  1  1  1 -1  1 -1 -1 -1 -1  1 -1  1  1 -1  1  1 -1 -1  1 -1  1  1  1  1
 -1  1 -1  1 -1  1 -1  1 -1 -1  1  1  1  1  1 -1  1 -1  1 -1  1  1 -1 -1
 -1  1 -1  1 -1 -1 -1 -1 -1  1  1 -1 -1  1  1  1  1  1  1  1 -1 -1 -1  1
 -1 -1  1  1 -1  1 -1  1 -1  1  1  1  1 -1  1 -1 -1  1  1 -1  1 -1 -1  1
 -1  1 -1  1  1 -1 -1  1  1  1 -1  1  1 -1  1  1 -1 -1  1  1  1  1  1  1
  1  1 -1  1  1  1 -1 -1  1 -1  1  1 -1 -1 -1  1 -1  1  1  1 -1  1  1 -1
  1 -1  1  1  1 -1 -1  1 -1 -1  1  1 -1  1  1 -1 -1 -1 -1 -1 -1  1 -1  1
 -1  1  1 -1  1 -1 -1 -1 -1 -1  1 -1  1  1  1 -1 -1 -1  1 -1 -1 -1  1  1
 -1  1  1 -1  1 -1 -1  1 -1 -1  1  1  1 -1  1  1  1  1 -1  1 -1 -1  1 -1
 -1  1  1  1  1  1  1 -1 -1  1  1  1  1 -1 -1  1  1 -1  1  1  1 -1  1  1
  1  1 -1  1  1  1  1  1  1 -1  1 -1  1  1  1 -1  1 -1  1 -1  1 -1  1  1
  1  1 -1 -1  1 -1 -1 -1 -1  1  1 -1  1 -1  1 -1  1 -1  1 -1  1  1  1  1
  1 -1 -1  1 -1  1  1  1  1  1  1  1 -1  1  1 -1 -1 -1 -1 -1 -1  1  1 -1
  1 -1  1 -1 -1  1  1  1  1  1  1  1  1 -1  1  1  1 -1  1  1 -1  1  1 -1
 -1 -1  1 -1  1  1  1 -1 -1 -1  1 -1 -1 -1  1  1  1  1 -1  1  1 -1  1  1
  1  1  1  1 -1 -1 -1 -1 -1  1  1 -1 -1  1 -1  1  1  1  1 -1  1 -1  1  1
  1  1  1  1  1 -1  1  1  1  1  1  1  1  1 -1  1 -1 -1 -1 -1  1 -1  1  1
  1 -1  1  1 -1  1 -1  1  1 -1  1 -1 -1 -1  1  1  1 -1  1 -1 -1  1 -1 -1
 -1  1  1 -1  1 -1 -1 -1 -1  1 -1  1 -1 -1 -1  1 -1  1  1 -1 -1  1 -1 -1
 -1 -1 -1  1  1  1  1 -1  1 -1  1  1  1  1 -1 -1 -1  1  1 -1 -1 -1 -1  1
 -1 -1  1 -1 -1  1 -1 -1  1  1  1  1 -1  1  1 -1  1  1  1  1 -1  1 -1  1
 -1  1  1 -1 -1 -1 -1 -1  1 -1 -1  1  1  1  1 -1  1 -1 -1 -1 -1  1  1 -1
  1  1  1 -1 -1 -1 -1  1 -1  1 -1  1  1  1  1  1 -1  1  1 -1 -1 -1 -1  1
  1 -1  1 -1 -1 -1 -1  1  1  1 -1  1 -1 -1 -1  1 -1 -1 -1 -1  1 -1  1  1
 -1 -1 -1  1 -1  1  1  1  1  1 -1  1 -1 -1 -1  1 -1  1  1  1  1 -1  1 -1
 -1 -1 -1 -1 -1  1 -1 -1  1 -1  1  1  1 -1  1  1  1  1 -1 -1 -1  1  1  1
  1 -1  1  1  1 -1 -1 -1 -1 -1 -1 -1 -1 -1  1  1 -1 -1  1  1  1  1 -1  1]
Accuracy: 82.16%
F1: 83.05%

make_fake_data time: 0.185295343399 sec

Roop 1: (3742, 100), (3742,)

value -1: 1873 samples
value 1: 1869 samples
Successfully converged. Iterations: 14203
fitting time : 8.73233437538147
objective_value: -1640.4359847123462
SV_len: 73
INNER_len: 1647
w: [ 1.52136278e+00  5.02611330e-01  1.65842760e+00  7.15778438e+00
  6.86021167e-01  1.76093686e+00  5.13230690e-01  1.35382262e-01
  3.93977233e-04  2.11901139e-01  3.12237298e-01  4.68008095e-02
  3.07447865e-01 -9.99832686e-01 -1.86093199e-01 -3.80227915e-01
 -1.95752524e-01  1.46449872e-01 -4.96448997e-01 -1.05037857e+00
 -6.06560197e-02  1.39810554e-01  1.93206134e-01  1.05002688e+00
  1.46635053e-01 -3.81903613e-03  6.11756708e-04  1.11527497e+00
  2.01707331e-01 -6.53658194e-04  1.49619723e+00  4.28986774e-01
 -3.08964204e-01  8.28447056e-02 -1.00279347e-01  1.64096567e-01
 -2.48109371e-03  2.38260869e-01  4.48704212e-01 -1.08432140e+00
 -6.58211751e-01 -2.65241047e-01 -5.38606616e-01  4.20788542e-01
  4.60871224e-01  5.01465737e-01  2.09078974e-01  4.97865242e-01
  1.33035360e-01  8.11304185e-02 -2.57172384e-01 -2.18854368e-01
  3.40294353e-03  6.85637734e-01  2.61104761e-01 -7.50910227e-02
 -6.82378768e-01  1.47601395e-01  4.37441065e-01  9.88543762e-01
 -2.02122350e-01  4.25071822e-04 -1.28249548e+00 -9.99893932e-01
 -1.21710269e+00 -9.73926031e-04 -1.36561597e-01  3.31772693e-01
 -1.34046103e+00  1.91844901e-01  9.32952498e-04  2.58775148e-03
 -5.55865190e-01 -1.92686734e-05 -1.72077528e-03 -1.00029867e+00
  1.88126762e-03 -4.55994389e-03  7.62849998e-04 -1.19453427e-03
  2.59822425e-01  3.27013161e-01  7.17087257e-01 -9.99476573e-01
 -4.70002487e-01  6.34155750e-04  2.33186738e-04  1.27083783e-03
 -1.85893948e-01  2.91563529e-01  6.70249174e-01 -2.18834966e-01
  8.71269757e-02 -1.85259968e-01 -3.82842774e-01 -7.10924014e-01
  2.00021657e-03  2.41782694e-01  5.81124722e-04  1.09543402e-03]
b: -4.5056143367693835
Y_test: [ 1 -1  1  1 -1 -1  1 -1  1 -1  1 -1 -1 -1  1  1 -1  1  1  1 -1 -1 -1  1
  1  1 -1  1 -1  1  1  1 -1  1 -1  1  1 -1  1  1 -1 -1  1 -1  1 -1 -1  1
 -1  1  1 -1 -1 -1 -1  1 -1  1  1 -1 -1  1  1 -1 -1 -1  1  1 -1  1 -1  1
  1  1 -1  1 -1  1 -1  1 -1 -1  1  1  1 -1  1 -1  1 -1  1 -1 -1 -1  1  1
 -1 -1  1  1 -1 -1  1  1 -1  1 -1  1  1 -1  1 -1  1 -1 -1  1  1 -1  1  1
 -1 -1 -1 -1 -1  1  1 -1  1 -1 -1 -1  1  1  1  1  1 -1  1  1 -1 -1  1 -1
 -1  1  1 -1 -1  1 -1 -1  1 -1  1  1  1  1  1  1 -1  1 -1 -1  1  1 -1 -1
  1  1 -1  1 -1 -1  1 -1  1  1 -1 -1  1 -1 -1  1  1  1  1 -1  1  1 -1  1
 -1  1 -1 -1  1  1 -1 -1 -1 -1 -1 -1 -1  1  1  1 -1 -1 -1 -1 -1 -1 -1  1
 -1  1 -1  1 -1 -1  1  1 -1  1 -1  1  1  1 -1  1  1 -1 -1 -1 -1 -1  1  1
 -1  1  1 -1 -1 -1  1 -1  1  1  1  1 -1 -1  1  1 -1  1 -1  1 -1  1 -1  1
  1 -1  1  1 -1 -1 -1 -1  1  1  1  1  1 -1 -1 -1  1  1 -1  1 -1  1 -1 -1
 -1  1  1 -1  1 -1  1 -1 -1 -1 -1  1  1  1  1  1 -1  1  1 -1  1  1  1  1
 -1  1  1  1 -1  1 -1  1 -1 -1 -1  1  1  1 -1 -1  1  1  1 -1  1  1 -1 -1
 -1  1 -1 -1 -1 -1 -1 -1 -1  1  1 -1 -1  1  1  1  1  1  1  1  1 -1 -1  1
 -1 -1 -1  1  1 -1  1  1  1  1  1  1  1 -1  1 -1 -1 -1  1 -1  1 -1 -1 -1
 -1  1 -1  1  1 -1 -1  1 -1  1 -1  1 -1 -1  1 -1 -1  1  1 -1 -1  1 -1  1
  1  1  1  1  1  1 -1  1  1 -1 -1  1 -1 -1  1  1 -1  1  1  1 -1  1  1 -1
  1 -1  1 -1  1 -1 -1 -1 -1 -1  1  1 -1  1  1 -1 -1  1 -1 -1 -1 -1 -1  1
 -1  1  1 -1 -1 -1 -1 -1 -1 -1  1 -1 -1  1  1 -1 -1  1  1 -1 -1 -1  1  1
 -1  1  1 -1 -1 -1 -1 -1 -1 -1 -1 -1  1  1  1  1  1  1 -1  1 -1 -1  1 -1
 -1  1  1 -1  1  1  1  1  1  1  1  1  1 -1  1  1  1 -1  1  1  1  1 -1  1
  1  1 -1  1  1  1  1 -1  1 -1  1 -1  1  1 -1 -1 -1 -1  1 -1  1 -1  1  1
  1  1 -1  1 -1 -1 -1 -1  1  1  1 -1  1 -1  1 -1  1 -1  1  1  1  1  1  1
 -1 -1 -1  1 -1  1  1  1  1  1  1  1 -1  1  1 -1 -1 -1 -1 -1 -1  1  1 -1
  1  1 -1 -1 -1  1  1 -1  1 -1  1  1  1 -1  1  1 -1 -1  1  1 -1  1  1  1
 -1 -1  1 -1 -1  1  1 -1 -1 -1  1 -1 -1  1  1  1  1 -1 -1  1 -1  1  1  1
 -1  1  1  1 -1 -1 -1 -1 -1  1  1 -1 -1  1 -1  1  1  1 -1 -1  1 -1  1  1
  1 -1  1  1  1 -1  1  1  1  1  1 -1 -1  1 -1 -1 -1 -1 -1 -1  1  1  1  1
  1 -1  1 -1 -1 -1 -1 -1  1 -1  1 -1 -1 -1  1  1  1 -1  1 -1 -1  1 -1 -1
 -1  1  1 -1 -1  1 -1 -1 -1 -1 -1  1  1 -1 -1  1 -1  1  1 -1  1 -1 -1 -1
  1 -1 -1  1  1  1  1 -1  1 -1  1  1  1  1 -1 -1 -1 -1  1 -1  1 -1 -1  1
 -1 -1  1  1 -1 -1 -1 -1  1  1 -1  1 -1  1  1 -1  1 -1  1  1  1  1 -1  1
 -1  1 -1 -1 -1 -1  1 -1  1 -1  1 -1  1  1  1 -1  1 -1 -1 -1  1  1  1 -1
  1  1  1 -1 -1 -1 -1  1 -1  1  1  1 -1  1 -1 -1 -1  1  1 -1  1 -1 -1 -1
 -1 -1 -1 -1 -1 -1 -1  1  1  1 -1  1 -1 -1 -1 -1 -1 -1 -1 -1  1 -1  1 -1
 -1 -1 -1  1 -1  1 -1  1 -1  1 -1  1 -1 -1 -1  1 -1  1 -1  1 -1 -1  1 -1
 -1 -1  1 -1 -1  1 -1 -1  1 -1  1  1  1 -1  1  1  1  1 -1 -1 -1 -1  1 -1
  1 -1  1  1  1 -1  1 -1 -1 -1 -1 -1 -1 -1 -1  1 -1 -1  1  1  1  1 -1  1]
Y_pred: [ 1 -1  1  1 -1 -1  1  1  1  1  1 -1 -1 -1  1  1 -1  1  1  1  1  1 -1  1
  1  1  1  1 -1  1  1  1  1  1 -1  1  1 -1  1  1 -1 -1  1  1  1  1 -1  1
 -1  1  1 -1 -1 -1 -1  1 -1  1  1 -1 -1  1  1 -1 -1  1  1  1 -1  1 -1  1
 -1  1  1  1 -1  1 -1  1 -1  1  1  1  1 -1  1 -1  1 -1  1 -1  1 -1  1  1
 -1 -1  1  1 -1 -1  1  1 -1  1 -1  1  1  1  1  1  1 -1 -1  1  1 -1  1  1
 -1 -1 -1 -1 -1  1  1 -1  1  1  1 -1  1 -1  1  1  1  1 -1  1  1 -1  1  1
 -1  1  1 -1 -1  1 -1 -1  1  1  1 -1  1  1  1  1  1  1  1 -1  1  1  1 -1
  1  1 -1 -1 -1  1  1 -1  1  1 -1  1  1 -1 -1  1  1  1 -1 -1  1  1 -1 -1
 -1  1 -1 -1  1  1 -1 -1 -1 -1 -1 -1  1 -1  1  1 -1 -1 -1 -1 -1  1  1  1
 -1  1 -1  1 -1 -1 -1  1  1  1  1  1  1  1 -1 -1  1 -1 -1 -1 -1  1 -1 -1
 -1  1  1 -1 -1  1 -1  1  1 -1  1  1 -1 -1  1  1 -1 -1 -1  1  1  1 -1  1
  1 -1 -1  1 -1 -1 -1 -1  1  1 -1  1  1  1 -1 -1  1  1 -1  1 -1  1  1 -1
  1  1  1 -1  1 -1 -1 -1 -1  1 -1  1  1 -1  1  1 -1 -1  1 -1  1  1  1  1
 -1  1 -1  1 -1  1 -1  1 -1 -1  1  1  1  1  1 -1  1 -1  1 -1  1  1 -1 -1
 -1  1 -1  1 -1 -1 -1 -1 -1  1  1 -1 -1  1  1  1  1  1  1  1 -1 -1 -1  1
 -1 -1  1  1 -1  1 -1  1 -1  1  1  1  1 -1  1 -1 -1  1  1 -1  1 -1 -1  1
 -1  1 -1  1  1 -1 -1  1  1  1 -1  1  1 -1  1  1 -1 -1  1  1  1  1  1  1
  1  1 -1  1  1  1 -1 -1  1 -1  1  1 -1 -1 -1  1 -1  1  1  1 -1  1  1 -1
  1 -1  1  1  1 -1 -1  1 -1 -1  1  1 -1  1  1 -1 -1 -1 -1 -1 -1  1 -1  1
 -1  1  1 -1  1 -1 -1 -1 -1 -1  1 -1  1  1  1 -1 -1 -1  1 -1 -1 -1  1  1
 -1  1  1 -1  1 -1 -1  1 -1 -1  1  1  1 -1  1  1  1  1 -1  1 -1 -1  1 -1
 -1  1  1  1  1  1  1 -1 -1  1  1  1  1 -1 -1  1  1 -1  1  1  1 -1  1  1
  1  1 -1  1  1  1  1  1  1 -1  1 -1  1  1  1 -1  1 -1  1 -1  1 -1  1  1
  1  1 -1 -1  1 -1 -1 -1 -1  1  1 -1  1 -1  1 -1  1 -1  1 -1  1  1  1  1
  1 -1 -1  1 -1  1  1  1  1  1  1  1 -1  1  1 -1 -1 -1 -1 -1 -1  1  1 -1
  1 -1  1 -1 -1  1  1  1  1  1  1  1  1 -1  1  1  1 -1  1  1 -1  1  1 -1
 -1 -1  1 -1  1  1  1 -1 -1 -1  1 -1 -1 -1  1  1  1  1 -1  1  1 -1  1  1
  1  1  1  1 -1 -1 -1 -1 -1  1  1 -1 -1  1 -1  1  1  1  1 -1  1 -1  1  1
  1  1  1  1  1 -1  1  1  1  1  1  1  1  1 -1  1 -1 -1 -1 -1  1 -1  1  1
  1 -1  1  1 -1  1 -1  1  1 -1  1 -1 -1 -1  1  1  1 -1  1 -1 -1  1 -1 -1
 -1  1  1 -1  1 -1 -1 -1 -1  1 -1  1 -1 -1 -1  1 -1  1  1 -1 -1  1 -1 -1
 -1 -1 -1  1  1  1  1 -1  1 -1  1  1  1  1 -1 -1 -1  1  1 -1 -1 -1 -1  1
 -1 -1  1 -1 -1  1 -1 -1  1  1  1  1 -1  1  1 -1  1  1  1  1 -1  1 -1  1
 -1  1  1 -1 -1 -1 -1 -1  1 -1 -1  1  1  1  1 -1  1 -1 -1 -1 -1  1  1 -1
  1  1  1 -1 -1 -1 -1  1 -1  1 -1  1  1  1  1  1 -1  1  1 -1 -1 -1 -1  1
  1 -1  1 -1 -1 -1 -1  1  1  1 -1  1 -1 -1 -1  1 -1 -1 -1 -1  1 -1  1  1
 -1 -1 -1  1 -1  1  1  1  1  1 -1  1 -1 -1 -1  1 -1  1  1  1  1 -1  1 -1
 -1 -1 -1 -1 -1  1 -1 -1  1 -1  1  1  1 -1  1  1  1  1 -1 -1 -1  1  1  1
  1 -1  1  1  1 -1 -1 -1 -1 -1 -1 -1 -1 -1  1  1 -1 -1  1  1  1  1 -1  1]
Accuracy: 82.16%
F1: 83.05%

Y_pred_same(1): 100.00%
RMSE(1): 0.000805780091
MAE(1): 0.000587740613
NRMSE_std(1): 0.000456592412
NMAE_std(1): 0.000333041120
pred [Max, Min]: [10.357164451999, -4.360006834166]
cos(1): 0.999999485118
angle(1): 0.058142205222 deg (0.001014772915 rad)
