rank=0, host=yamada-ubuntu1
rank=1, host=yamada-ubuntu1
rank=2, host=yamada-ubuntu2
rank=3, host=yamada-ubuntu2
rank=4, host=yamada-ubuntu3
rank=5, host=yamada-ubuntu3
---------- Centralized Learning ----------
low: 1873 samples, up: 1869 samples

    agent0 (3742 datas) -> Successfully converged. Iterations: 18828

fitting time : 9.171025514602661

Accuracy: 82.16%
F1: 83.05%
[MIN, MAX]: [-4.363801530652, 10.353268071315]


---------- Distributed Learning----------
Agent 0 low: 401 samples, up: 174samples
Agent 1 low: 363 samples, up: 212samples
Agent 2 low: 337 samples, up: 357samples
Agent 3 low: 312 samples, up: 362samples
Agent 4 low: 238 samples, up: 370samples

Agent 5 low: 222 samples, up: 394samples
roop 0
    agent2 (694 datas) -> Successfully converged. Iterations: 156
    agent4 (608 datas) -> Successfully converged. Iterations: 280
    agent3 (674 datas) -> Successfully converged. Iterations: 466
    agent5 (616 datas) -> Successfully converged. Iterations: 1844
    agent0 (575 datas) -> Successfully converged. Iterations: 1515
    agent1 (575 datas) -> Successfully converged. Iterations: 1693

roop 1
    agent3 (742 datas) -> Successfully converged. Iterations: 604
    agent5 (665 datas) -> Successfully converged. Iterations: 3168
    agent4 (798 datas) -> Successfully converged. Iterations: 2676
    agent2 (825 datas) -> Successfully converged. Iterations: 3395
    agent1 (668 datas) -> Successfully converged. Iterations: 4114
    agent0 (678 datas) -> Successfully converged. Iterations: 12959

roop 2
    agent5 (700 datas) -> Successfully converged. Iterations: 3265
    agent4 (833 datas) -> Successfully converged. Iterations: 2881
    agent1 (734 datas) -> Successfully converged. Iterations: 4518
    agent3 (1018 datas) -> Successfully converged. Iterations: 3222
    agent0 (718 datas) -> Successfully converged. Iterations: 12704
    agent2 (963 datas) -> Successfully converged. Iterations: 23275

roop 3
    agent5 (738 datas) -> Successfully converged. Iterations: 3345
    agent4 (991 datas) -> Successfully converged. Iterations: 4577
    agent0 (787 datas) -> Successfully converged. Iterations: 11166
    agent1 (854 datas) -> Successfully converged. Iterations: 11271
    agent3 (1202 datas) -> Successfully converged. Iterations: 4448
    agent2 (1207 datas) -> Successfully converged. Iterations: 43718

roop 4
    agent5 (882 datas) -> Successfully converged. Iterations: 4428
    agent0 (894 datas) -> Successfully converged. Iterations: 4973
    agent4 (1152 datas) -> Successfully converged. Iterations: 6977
    agent1 (1087 datas) -> Successfully converged. Iterations: 8538
    agent3 (1366 datas) -> Successfully converged. Iterations: 21345
    agent2 (1320 datas) -> Successfully converged. Iterations: 26562

roop 5
    agent5 (1032 datas) -> Successfully converged. Iterations: 5397
    agent4 (1294 datas) -> Successfully converged. Iterations: 12772
    agent0 (1136 datas) -> Successfully converged. Iterations: 8070
    agent1 (1200 datas) -> Successfully converged. Iterations: 9805
    agent3 (1493 datas) -> Successfully converged. Iterations: 29663
    agent2 (1432 datas) -> Successfully converged. Iterations: 31665

roop 6
    agent5 (1157 datas) -> Successfully converged. Iterations: 7628
    agent0 (1238 datas) -> Successfully converged. Iterations: 9264
    agent1 (1335 datas) -> Successfully converged. Iterations: 7964
    agent4 (1412 datas) -> Successfully converged. Iterations: 32368
    agent2 (1523 datas) -> Successfully converged. Iterations: 15056
    agent3 (1629 datas) -> Successfully converged. Iterations: 34797

roop 7
    agent5 (1262 datas) -> Successfully converged. Iterations: 5813
    agent0 (1330 datas) -> Successfully converged. Iterations: 6223
    agent4 (1522 datas) -> Successfully converged. Iterations: 33568
    agent1 (1409 datas) -> Successfully converged. Iterations: 10491
    agent2 (1643 datas) -> Successfully converged. Iterations: 11455
    agent3 (1727 datas) -> Successfully converged. Iterations: 36414

roop 8
    agent5 (1373 datas) -> Successfully converged. Iterations: 12937
    agent4 (1605 datas) -> Successfully converged. Iterations: 21189
    agent0 (1391 datas) -> Successfully converged. Iterations: 7913
    agent1 (1511 datas) -> Successfully converged. Iterations: 7901
    agent2 (1706 datas) -> Successfully converged. Iterations: 17033
    agent3 (1867 datas) -> Successfully converged. Iterations: 20448

roop 9
    agent5 (1450 datas) -> Successfully converged. Iterations: 22870
    agent4 (1696 datas) -> Successfully converged. Iterations: 27745
    agent1 (1569 datas) -> Successfully converged. Iterations: 5791
    agent0 (1495 datas) -> Successfully converged. Iterations: 14983
    agent2 (1775 datas) -> Successfully converged. Iterations: 8581
    agent3 (1927 datas) -> Successfully converged. Iterations: 33436

roop 10
    agent5 (1541 datas) -> Successfully converged. Iterations: 23165
    agent0 (1542 datas) -> Successfully converged. Iterations: 10643
    agent1 (1642 datas) -> Successfully converged. Iterations: 13777
    agent4 (1751 datas) -> Successfully converged. Iterations: 46495
    agent2 (1808 datas) -> Successfully converged. Iterations: 17688
    agent3 (1982 datas) -> Successfully converged. Iterations: 37355

roop 11
    agent4 (1803 datas) -> Successfully converged. Iterations: 19814
    agent5 (1593 datas) -> Successfully converged. Iterations: 33975
    agent0 (1608 datas) -> Successfully converged. Iterations: 9482
    agent1 (1694 datas) -> Successfully converged. Iterations: 7710
    agent2 (1870 datas) -> Successfully converged. Iterations: 22010
    agent3 (2024 datas) -> Successfully converged. Iterations: 61299

roop 12
    agent5 (1617 datas) -> Successfully converged. Iterations: 19100
    agent4 (1854 datas) -> Successfully converged. Iterations: 18673
    agent0 (1641 datas) -> Successfully converged. Iterations: 11010
    agent1 (1745 datas) -> Successfully converged. Iterations: 9177
    agent3 (2101 datas) -> Successfully converged. Iterations: 19002
    agent2 (1929 datas) -> Successfully converged. Iterations: 36127

roop 13
    agent5 (1647 datas) -> Successfully converged. Iterations: 18580
    agent4 (1906 datas) -> Successfully converged. Iterations: 17514
    agent0 (1691 datas) -> Successfully converged. Iterations: 10303
    agent1 (1803 datas) -> Successfully converged. Iterations: 13682
    agent3 (2150 datas) -> Successfully converged. Iterations: 17923
    agent2 (2035 datas) -> Successfully converged. Iterations: 33215

roop 14
    agent5 (1692 datas) -> Successfully converged. Iterations: 17893
    agent4 (1916 datas) -> Successfully converged. Iterations: 17513
    agent0 (1733 datas) -> Successfully converged. Iterations: 8832
    agent1 (1905 datas) -> Successfully converged. Iterations: 17767
    agent3 (2185 datas) -> Successfully converged. Iterations: 22053
    agent2 (2069 datas) -> Successfully converged. Iterations: 75322

roop 15
    agent5 (1707 datas) -> Successfully converged. Iterations: 19069
    agent4 (1942 datas) -> Successfully converged. Iterations: 17144
    agent0 (1800 datas) -> Successfully converged. Iterations: 17765
    agent1 (1926 datas) -> Successfully converged. Iterations: 15217
    agent2 (2085 datas) -> Successfully converged. Iterations: 33959
    agent3 (2210 datas) -> Successfully converged. Iterations: 37251

roop 16
    agent5 (1749 datas) -> Successfully converged. Iterations: 19737
    agent4 (1962 datas) -> Successfully converged. Iterations: 26327
    agent0 (1805 datas) -> Successfully converged. Iterations: 11120
    agent1 (1949 datas) -> Successfully converged. Iterations: 10614
    agent2 (2090 datas) -> Successfully converged. Iterations: 19271
    agent3 (2237 datas) -> Successfully converged. Iterations: 54625

roop 17
    agent5 (1764 datas) -> Successfully converged. Iterations: 28459
    agent0 (1801 datas) -> Successfully converged. Iterations: 9743
    agent1 (1954 datas) -> Successfully converged. Iterations: 10583
    agent4 (1988 datas) -> Successfully converged. Iterations: 63616
    agent2 (2101 datas) -> Successfully converged. Iterations: 13109
    agent3 (2273 datas) -> Successfully converged. Iterations: 34445

roop 18
    agent5 (1780 datas) -> Successfully converged. Iterations: 45653
    agent0 (1802 datas) -> Successfully converged. Iterations: 8203
    agent1 (1950 datas) -> Successfully converged. Iterations: 11803
    agent4 (1988 datas) -> Successfully converged. Iterations: 53186
    agent2 (2134 datas) -> Successfully converged. Iterations: 14454
    agent3 (2312 datas) -> Successfully converged. Iterations: 22938

roop 19
    agent4 (1993 datas) -> Successfully converged. Iterations: 32031
    agent0 (1807 datas) -> Successfully converged. Iterations: 13671
    agent5 (1782 datas) -> Successfully converged. Iterations: 58420
    agent1 (1976 datas) -> Successfully converged. Iterations: 13122
    agent2 (2157 datas) -> Successfully converged. Iterations: 15753
    agent3 (2309 datas) -> Successfully converged. Iterations: 23779

roop 20
    agent4 (1979 datas) -> Successfully converged. Iterations: 26039
    agent5 (1807 datas) -> Successfully converged. Iterations: 38690
    agent0 (1839 datas) -> Successfully converged. Iterations: 11412
    agent1 (2000 datas) -> Successfully converged. Iterations: 13080
    agent2 (2168 datas) -> Successfully converged. Iterations: 19302
    agent3 (2307 datas) -> Successfully converged. Iterations: 16590

roop 21
    agent4 (1973 datas) -> Successfully converged. Iterations: 17559
    agent5 (1807 datas) -> Successfully converged. Iterations: 36974
    agent0 (1862 datas) -> Successfully converged. Iterations: 15248
    agent1 (2035 datas) -> Successfully converged. Iterations: 14885
    agent2 (2183 datas) -> Successfully converged. Iterations: 19368
    agent3 (2295 datas) -> Successfully converged. Iterations: 21166

roop 22
    agent5 (1826 datas) -> Successfully converged. Iterations: 19537
    agent4 (1979 datas) -> Successfully converged. Iterations: 27015
    agent0 (1870 datas) -> Successfully converged. Iterations: 14542
    agent1 (2049 datas) -> Successfully converged. Iterations: 11141
    agent2 (2195 datas) -> Successfully converged. Iterations: 15929
    agent3 (2305 datas) -> Successfully converged. Iterations: 27534

roop 23
    agent5 (1827 datas) -> Successfully converged. Iterations: 21837
    agent4 (1976 datas) -> Successfully converged. Iterations: 21419
    agent0 (1875 datas) -> Successfully converged. Iterations: 14313
    agent1 (2040 datas) -> Successfully converged. Iterations: 15599
    agent2 (2213 datas) -> Successfully converged. Iterations: 11898
    agent3 (2340 datas) -> Successfully converged. Iterations: 18757

roop 24
    agent5 (1841 datas) -> Successfully converged. Iterations: 15694
    agent4 (2003 datas) -> Successfully converged. Iterations: 19822
    agent0 (1866 datas) -> Successfully converged. Iterations: 16198
    agent1 (2045 datas) -> Successfully converged. Iterations: 11782
    agent2 (2216 datas) -> Successfully converged. Iterations: 17962
    agent3 (2338 datas) -> Successfully converged. Iterations: 16729

roop 25
    agent5 (1873 datas) -> Successfully converged. Iterations: 19902
    agent4 (2011 datas) -> Successfully converged. Iterations: 15297
    agent0 (1885 datas) -> Successfully converged. Iterations: 12201
    agent1 (2033 datas) -> Successfully converged. Iterations: 10257
    agent2 (2210 datas) -> Successfully converged. Iterations: 13605
    agent3 (2358 datas) -> Successfully converged. Iterations: 11499

roop 26
    agent5 (1882 datas) -> Successfully converged. Iterations: 16053
    agent4 (2014 datas) -> Successfully converged. Iterations: 15359
    agent0 (1869 datas) -> Successfully converged. Iterations: 8842
    agent1 (2017 datas) -> Successfully converged. Iterations: 8613
    agent2 (2217 datas) -> Successfully converged. Iterations: 11916
    agent3 (2363 datas) -> Successfully converged. Iterations: 17433

roop 27
    agent5 (1891 datas) -> Successfully converged. Iterations: 14748
    agent4 (2011 datas) -> Successfully converged. Iterations: 16273
    agent0 (1874 datas) -> Successfully converged. Iterations: 12089
    agent1 (2026 datas) -> Successfully converged. Iterations: 14190
    agent2 (2224 datas) -> Successfully converged. Iterations: 13397
    agent3 (2353 datas) -> Successfully converged. Iterations: 12335

roop 28
    agent5 (1893 datas) -> Successfully converged. Iterations: 12497
    agent4 (2006 datas) -> Successfully converged. Iterations: 15872
    agent0 (1890 datas) -> Successfully converged. Iterations: 9653
    agent1 (2033 datas) -> Successfully converged. Iterations: 13235
    agent2 (2236 datas) -> Successfully converged. Iterations: 12022
    agent3 (2342 datas) -> Successfully converged. Iterations: 15332

roop 29
    agent5 (1895 datas) -> Successfully converged. Iterations: 15189
    agent4 (2002 datas) -> Successfully converged. Iterations: 13756
    agent0 (1900 datas) -> Successfully converged. Iterations: 14206
    agent1 (2034 datas) -> Successfully converged. Iterations: 10896
    agent2 (2234 datas) -> Successfully converged. Iterations: 15241
    agent3 (2355 datas) -> Successfully converged. Iterations: 15906

roop 30
    agent5 (1893 datas) -> Successfully converged. Iterations: 11611
    agent4 (2013 datas) -> Successfully converged. Iterations: 17383
    agent0 (1892 datas) -> Successfully converged. Iterations: 10990
    agent1 (2026 datas) -> Successfully converged. Iterations: 11627
    agent2 (2228 datas) -> Successfully converged. Iterations: 11916
    agent3 (2356 datas) -> Successfully converged. Iterations: 10255

roop 31
    agent5 (1909 datas) -> Successfully converged. Iterations: 17112
    agent4 (2007 datas) -> Successfully converged. Iterations: 13286
    agent0 (1893 datas) -> Successfully converged. Iterations: 8831
    agent1 (2021 datas) -> Successfully converged. Iterations: 15032
    agent2 (2232 datas) -> Successfully converged. Iterations: 12939
    agent3 (2357 datas) -> Successfully converged. Iterations: 17225

roop 32
    agent5 (1903 datas) -> Successfully converged. Iterations: 11984
    agent4 (2001 datas) -> Successfully converged. Iterations: 16633
    agent0 (1892 datas) -> Successfully converged. Iterations: 11392
    agent1 (2021 datas) -> Successfully converged. Iterations: 12642
    agent2 (2227 datas) -> Successfully converged. Iterations: 13588
    agent3 (2345 datas) -> Successfully converged. Iterations: 13550

roop 33
    agent5 (1903 datas) -> Successfully converged. Iterations: 12854
    agent4 (2000 datas) -> Successfully converged. Iterations: 13541
    agent0 (1893 datas) -> Successfully converged. Iterations: 11694
    agent1 (2020 datas) -> Successfully converged. Iterations: 15700
    agent3 (2337 datas) -> Successfully converged. Iterations: 11293
    agent2 (2223 datas) -> Successfully converged. Iterations: 15063

roop 34
    agent5 (1901 datas) -> Successfully converged. Iterations: 12976
    agent4 (1995 datas) -> Successfully converged. Iterations: 11251
    agent0 (1892 datas) -> Successfully converged. Iterations: 13259
    agent1 (2012 datas) -> Successfully converged. Iterations: 14331
    agent2 (2224 datas) -> Successfully converged. Iterations: 17418
    agent3 (2340 datas) -> Successfully converged. Iterations: 17954

roop 35
    agent5 (1898 datas) -> Successfully converged. Iterations: 10568
    agent4 (1999 datas) -> Successfully converged. Iterations: 11953
    agent0 (1889 datas) -> Successfully converged. Iterations: 10116
    agent1 (2008 datas) -> Successfully converged. Iterations: 11112
    agent2 (2221 datas) -> Successfully converged. Iterations: 13829
    agent3 (2343 datas) -> Successfully converged. Iterations: 16735

roop 36
    agent5 (1903 datas) -> Successfully converged. Iterations: 13621
    agent4 (2001 datas) -> Successfully converged. Iterations: 12076
    agent0 (1888 datas) -> Successfully converged. Iterations: 8842
    agent1 (2006 datas) -> Successfully converged. Iterations: 12489
    agent2 (2220 datas) -> Successfully converged. Iterations: 12778
    agent3 (2341 datas) -> Successfully converged. Iterations: 12051

roop 37
    agent5 (1899 datas) -> Successfully converged. Iterations: 10103
    agent4 (1994 datas) -> Successfully converged. Iterations: 13220
    agent0 (1888 datas) -> Successfully converged. Iterations: 8842
    agent1 (2007 datas) -> Successfully converged. Iterations: 10807
    agent3 (2339 datas) -> Successfully converged. Iterations: 11764
    agent2 (2223 datas) -> Successfully converged. Iterations: 14174

roop 38
    agent5 (1898 datas) -> Successfully converged. Iterations: 13663
    agent4 (1994 datas) -> Successfully converged. Iterations: 11941
    agent0 (1889 datas) -> Successfully converged. Iterations: 9791
    agent1 (2011 datas) -> Successfully converged. Iterations: 10883
    agent2 (2223 datas) -> Successfully converged. Iterations: 14174
    agent3 (2336 datas) -> Successfully converged. Iterations: 12571

roop 39
    agent5 (1898 datas) -> Successfully converged. Iterations: 13663
    agent4 (1993 datas) -> Successfully converged. Iterations: 12003
    agent0 (1892 datas) -> Successfully converged. Iterations: 13276
    agent1 (2011 datas) -> Successfully converged. Iterations: 10883
    agent2 (2219 datas) -> Successfully converged. Iterations: 14515
    agent3 (2336 datas) -> Successfully converged. Iterations: 12571

roop 40
    agent5 (1897 datas) -> Successfully converged. Iterations: 14487
    agent4 (1992 datas) -> Successfully converged. Iterations: 13814
    agent0 (1889 datas) -> Successfully converged. Iterations: 12402
    agent1 (2010 datas) -> Successfully converged. Iterations: 12750
    agent3 (2335 datas) -> Successfully converged. Iterations: 11126
    agent2 (2219 datas) -> Successfully converged. Iterations: 14515

roop 41
    agent5 (1897 datas) -> Successfully converged. Iterations: 14487
    agent4 (1991 datas) -> Successfully converged. Iterations: 10136
    agent0 (1890 datas) -> Successfully converged. Iterations: 13911
    agent1 (2010 datas) -> Successfully converged. Iterations: 12750
    agent3 (2335 datas) -> Successfully converged. Iterations: 11126
    agent2 (2221 datas) -> Successfully converged. Iterations: 17539

roop 42
    agent5 (1897 datas) -> Successfully converged. Iterations: 14487
    agent4 (1991 datas) -> Successfully converged. Iterations: 10136
    agent0 (1890 datas) -> Successfully converged. Iterations: 13911
    agent1 (2010 datas) -> Successfully converged. Iterations: 12750
    agent3 (2338 datas) -> Successfully converged. Iterations: 13063
    agent2 (2221 datas) -> Successfully converged. Iterations: 17539

roop 43
    agent5 (1897 datas) -> Successfully converged. Iterations: 14487
    agent4 (1992 datas) -> Successfully converged. Iterations: 10862
    agent0 (1890 datas) -> Successfully converged. Iterations: 13911
    agent1 (2010 datas) -> Successfully converged. Iterations: 12750
    agent3 (2338 datas) -> Successfully converged. Iterations: 13063
    agent2 (2220 datas) -> Successfully converged. Iterations: 15821

roop 44
    agent5 (1897 datas) -> Successfully converged. Iterations: 14974
    agent4 (1991 datas) -> Successfully converged. Iterations: 12639
    agent0 (1890 datas) -> Successfully converged. Iterations: 13911
    agent1 (2010 datas) -> Successfully converged. Iterations: 12750
    agent3 (2337 datas) -> Successfully converged. Iterations: 14023
    agent2 (2220 datas) -> Successfully converged. Iterations: 15821

roop 45
    agent5 (1897 datas) -> Successfully converged. Iterations: 14974
    agent4 (1992 datas) -> Successfully converged. Iterations: 12863
    agent0 (1890 datas) -> Successfully converged. Iterations: 13911
    agent1 (2010 datas) -> Successfully converged. Iterations: 12750
    agent3 (2337 datas) -> Successfully converged. Iterations: 14023
    agent2 (2220 datas) -> Successfully converged. Iterations: 15821

roop 46
    agent5 (1897 datas) -> Successfully converged. Iterations: 14974
    agent4 (1992 datas) -> Successfully converged. Iterations: 12863
    agent0 (1890 datas) -> Successfully converged. Iterations: 13911
    agent1 (2010 datas) -> Successfully converged. Iterations: 12750
    agent3 (2337 datas) -> Successfully converged. Iterations: 14023
    agent2 (2220 datas) -> Successfully converged. Iterations: 15821

roop 47
    agent5 (1897 datas) -> Successfully converged. Iterations: 14974
    agent4 (1992 datas) -> Successfully converged. Iterations: 12863
    agent0 (1890 datas) -> Successfully converged. Iterations: 13911
    agent1 (2010 datas) -> Successfully converged. Iterations: 12750
    agent3 (2337 datas) -> Successfully converged. Iterations: 14023
    agent2 (2220 datas) -> Successfully converged. Iterations: 15821

roop 48
    agent5 (1897 datas) -> Successfully converged. Iterations: 14974
    agent4 (1992 datas) -> Successfully converged. Iterations: 12863
    agent0 (1890 datas) -> Successfully converged. Iterations: 13911
    agent1 (2010 datas) -> Successfully converged. Iterations: 12750
    agent3 (2337 datas) -> Successfully converged. Iterations: 14023
    agent2 (2220 datas) -> Successfully converged. Iterations: 15821

roop 49
    agent5 (1897 datas) -> Successfully converged. Iterations: 14974
    agent4 (1992 datas) -> Successfully converged. Iterations: 12863
    agent0 (1890 datas) -> Successfully converged. Iterations: 13911
    agent1 (2010 datas) -> Successfully converged. Iterations: 12750
    agent3 (2337 datas) -> Successfully converged. Iterations: 14023
    agent2 (2220 datas) -> Successfully converged. Iterations: 15821

roop 50
    agent5 (1897 datas) -> Successfully converged. Iterations: 14974
    agent4 (1992 datas) -> Successfully converged. Iterations: 12863
    agent0 (1890 datas) -> Successfully converged. Iterations: 13911
    agent1 (2010 datas) -> Successfully converged. Iterations: 12750
    agent3 (2337 datas) -> Successfully converged. Iterations: 14023
    agent2 (2220 datas) -> Successfully converged. Iterations: 15821

fitting time : 285.8819651603699

Agent 0
SV_len: 73
INNER_len: 1648
Accuracy: 82.16%
F1: 83.05%
SA: 100.00%
NRMSE: 0.000529646993
NMAE: 0.000421769985
[MIN, MAX]: [-4.363757858321, 10.355501615395]
cos: 0.999999770640
angle: 0.038805750932 deg (0.000677288122 rad)

Agent 1
SV_len: 73
INNER_len: 1648
Accuracy: 82.16%
F1: 83.05%
SA: 100.00%
NRMSE: 0.000663940298
NMAE: 0.000490092507
[MIN, MAX]: [-4.363135001574, 10.353275969001]
cos: 0.999999696973
angle: 0.044604491174 deg (0.000778495232 rad)

Agent 2
SV_len: 74
INNER_len: 1647
Accuracy: 82.16%
F1: 83.05%
SA: 100.00%
NRMSE: 0.000504390901
NMAE: 0.000405855183
[MIN, MAX]: [-4.363870115958, 10.355548781218]
cos: 0.999999841738
angle: 0.032234846396 deg (0.000562604203 rad)

Agent 3
SV_len: 76
INNER_len: 1645
Accuracy: 82.16%
F1: 83.05%
SA: 100.00%
NRMSE: 0.001075808534
NMAE: 0.000843879016
[MIN, MAX]: [-4.364052411160, 10.359478996888]
cos: 0.999999074168
angle: 0.077965725725 deg (0.001360758618 rad)

Agent 4
SV_len: 73
INNER_len: 1647
Accuracy: 82.16%
F1: 83.05%
SA: 100.00%
NRMSE: 0.001545596074
NMAE: 0.001201797685
[MIN, MAX]: [-4.361998994237, 10.360500084690]
cos: 0.999998386712
angle: 0.102918550928 deg (0.001796267575 rad)

Agent 5
SV_len: 73
INNER_len: 1647
Accuracy: 82.05%
F1: 82.93%
SA: 99.89%
NRMSE: 0.001674832978
NMAE: 0.001278385238
[MIN, MAX]: [-4.360512617902, 10.356036630829]
cos: 0.999997977652
angle: 0.115230012175 deg (0.002011143110 rad)

===== Average =====
Accuracy: 82.14%
F1:       83.03%
SA:       99.98%
NRMSE:    0.000999035963
NMAE:     0.000773629936
cos:      0.999999124647
angle:    0.068626562888 deg

-------- Original Learning ----------
    agent2 (694 datas) -> Successfully converged. Iterations: 156
    agent4 (608 datas) -> Successfully converged. Iterations: 280
    agent3 (674 datas) -> Successfully converged. Iterations: 466
    agent0 (575 datas) -> Successfully converged. Iterations: 1515
    agent5 (616 datas) -> Successfully converged. Iterations: 1844
    agent1 (575 datas) -> Successfully converged. Iterations: 1693

fitting time : 0.14238429069519043

make_fake_data time: 0.03535342216491699

---------- Centralized Learning(Pseudo-Data) ----------
low: 1873 samples, up: 1869samples

    agent0 (3742 datas) -> Successfully converged. Iterations: 15580

fitting time : 9.060575008392334

Accuracy: 81.30%
F1: 82.12%
SA: 98.29%
NRMSE: 0.123842301490
NMAE: 0.058559669567
[MIN, MAX]: [-4.894695746731, 8.370521096352]
cos: 0.942626169728
angle: 19.502629642217 deg (0.340385100054 rad)


---------- Original Learning(Pseudo-Data) ----------
Agent 0 low: 401 samples, up: 174samples
Agent 1 low: 363 samples, up: 212samples
Agent 2 low: 337 samples, up: 357samples
Agent 3 low: 312 samples, up: 362samples

Agent 4 low: 238 samples, up: 370samples
Agent 5 low: 222 samples, up: 394samples
    agent4 (608 datas) -> Successfully converged. Iterations: 377
    agent2 (694 datas) -> Successfully converged. Iterations: 371
    agent3 (674 datas) -> Successfully converged. Iterations: 432
    agent0 (575 datas) -> Successfully converged. Iterations: 1845
    agent5 (616 datas) -> Successfully converged. Iterations: 3828
    agent1 (575 datas) -> Successfully converged. Iterations: 3232

fitting time : 0.19749975204467773


---------- Distributed Learning(Pseudo-Data)----------
Agent 0 low: 401 samples, up: 174samples
Agent 1 low: 363 samples, up: 212samples
Agent 2 low: 337 samples, up: 357samples
Agent 3 low: 312 samples, up: 362samples

Agent 4 low: 238 samples, up: 370samples
Agent 5 low: 222 samples, up: 394samples
roop 0
    agent4 (608 datas) -> Successfully converged. Iterations: 377
    agent2 (694 datas) -> Successfully converged. Iterations: 371
    agent3 (674 datas) -> Successfully converged. Iterations: 432
    agent0 (575 datas) -> Successfully converged. Iterations: 1845
    agent5 (616 datas) -> Successfully converged. Iterations: 3828
    agent1 (575 datas) -> Successfully converged. Iterations: 3232

roop 1
    agent3 (742 datas) -> Successfully converged. Iterations: 561
    agent4 (799 datas) -> Successfully converged. Iterations: 1615
    agent5 (665 datas) -> Successfully converged. Iterations: 2957
    agent1 (670 datas) -> Successfully converged. Iterations: 3284
    agent2 (826 datas) -> Successfully converged. Iterations: 3279
    agent0 (678 datas) -> Successfully converged. Iterations: 7229

roop 2
    agent5 (703 datas) -> Successfully converged. Iterations: 3555
    agent4 (830 datas) -> Successfully converged. Iterations: 2665
    agent0 (720 datas) -> Successfully converged. Iterations: 5953
    agent1 (753 datas) -> Successfully converged. Iterations: 4187
    agent3 (1029 datas) -> Successfully converged. Iterations: 3361
    agent2 (974 datas) -> Successfully converged. Iterations: 12470

roop 3
    agent5 (736 datas) -> Successfully converged. Iterations: 4751
    agent4 (990 datas) -> Successfully converged. Iterations: 4951
    agent0 (794 datas) -> Successfully converged. Iterations: 9652
    agent1 (878 datas) -> Successfully converged. Iterations: 7472
    agent3 (1213 datas) -> Successfully converged. Iterations: 7157
    agent2 (1225 datas) -> Successfully converged. Iterations: 14160

roop 4
    agent5 (882 datas) -> Successfully converged. Iterations: 5791
    agent0 (903 datas) -> Successfully converged. Iterations: 6412
    agent4 (1171 datas) -> Successfully converged. Iterations: 9857
    agent1 (1110 datas) -> Successfully converged. Iterations: 6497
    agent3 (1368 datas) -> Successfully converged. Iterations: 14573
    agent2 (1334 datas) -> Successfully converged. Iterations: 14899

roop 5
    agent5 (1040 datas) -> Successfully converged. Iterations: 6797
    agent4 (1321 datas) -> Successfully converged. Iterations: 12537
    agent0 (1144 datas) -> Successfully converged. Iterations: 8790
    agent1 (1224 datas) -> Successfully converged. Iterations: 7781
    agent2 (1429 datas) -> Successfully converged. Iterations: 13386
    agent3 (1506 datas) -> Successfully converged. Iterations: 16880

roop 6
    agent5 (1177 datas) -> Successfully converged. Iterations: 8425
    agent4 (1447 datas) -> Successfully converged. Iterations: 15992
    agent0 (1243 datas) -> Successfully converged. Iterations: 7299
    agent1 (1329 datas) -> Successfully converged. Iterations: 9896
    agent2 (1553 datas) -> Successfully converged. Iterations: 13374
    agent3 (1645 datas) -> Successfully converged. Iterations: 17032

roop 7
    agent5 (1295 datas) -> Successfully converged. Iterations: 6841
    agent4 (1536 datas) -> Successfully converged. Iterations: 19642
    agent0 (1332 datas) -> Successfully converged. Iterations: 11505
    agent1 (1444 datas) -> Successfully converged. Iterations: 7102
    agent2 (1657 datas) -> Successfully converged. Iterations: 9841
    agent3 (1761 datas) -> Successfully converged. Iterations: 19163

roop 8
    agent5 (1379 datas) -> Successfully converged. Iterations: 11857
    agent4 (1624 datas) -> Successfully converged. Iterations: 19939
    agent0 (1421 datas) -> Successfully converged. Iterations: 9235
    agent1 (1544 datas) -> Successfully converged. Iterations: 7036
    agent2 (1745 datas) -> Successfully converged. Iterations: 11855
    agent3 (1878 datas) -> Successfully converged. Iterations: 18781

roop 9
    agent5 (1454 datas) -> Successfully converged. Iterations: 15617
    agent4 (1693 datas) -> Successfully converged. Iterations: 21298
    agent0 (1517 datas) -> Successfully converged. Iterations: 10110
    agent1 (1599 datas) -> Successfully converged. Iterations: 10655
    agent2 (1804 datas) -> Successfully converged. Iterations: 11767
    agent3 (1948 datas) -> Successfully converged. Iterations: 12806

roop 10
    agent5 (1517 datas) -> Successfully converged. Iterations: 23903
    agent4 (1760 datas) -> Successfully converged. Iterations: 14539
    agent0 (1579 datas) -> Successfully converged. Iterations: 7811
    agent1 (1677 datas) -> Successfully converged. Iterations: 6920
    agent2 (1850 datas) -> Successfully converged. Iterations: 12965
    agent3 (1999 datas) -> Successfully converged. Iterations: 22029

roop 11
    agent5 (1573 datas) -> Successfully converged. Iterations: 20173
    agent4 (1787 datas) -> Successfully converged. Iterations: 26382
    agent0 (1631 datas) -> Successfully converged. Iterations: 9139
    agent1 (1727 datas) -> Successfully converged. Iterations: 8396
    agent2 (1908 datas) -> Successfully converged. Iterations: 13101
    agent3 (2044 datas) -> Successfully converged. Iterations: 27974

roop 12
    agent5 (1596 datas) -> Successfully converged. Iterations: 25547
    agent4 (1815 datas) -> Successfully converged. Iterations: 26675
    agent0 (1670 datas) -> Successfully converged. Iterations: 10681
    agent1 (1786 datas) -> Successfully converged. Iterations: 11080
    agent2 (1947 datas) -> Successfully converged. Iterations: 15028
    agent3 (2084 datas) -> Successfully converged. Iterations: 22594

roop 13
    agent5 (1612 datas) -> Successfully converged. Iterations: 29354
    agent4 (1849 datas) -> Successfully converged. Iterations: 26322
    agent0 (1721 datas) -> Successfully converged. Iterations: 9558
    agent1 (1829 datas) -> Successfully converged. Iterations: 11099
    agent2 (1981 datas) -> Successfully converged. Iterations: 17074
    agent3 (2122 datas) -> Successfully converged. Iterations: 29156

roop 14
    agent5 (1660 datas) -> Successfully converged. Iterations: 21763
    agent4 (1858 datas) -> Successfully converged. Iterations: 27537
    agent0 (1745 datas) -> Successfully converged. Iterations: 13255
    agent1 (1869 datas) -> Successfully converged. Iterations: 11062
    agent2 (2019 datas) -> Successfully converged. Iterations: 16428
    agent3 (2144 datas) -> Successfully converged. Iterations: 28531

roop 15
    agent5 (1659 datas) -> Successfully converged. Iterations: 31763
    agent4 (1883 datas) -> Successfully converged. Iterations: 23868
    agent0 (1767 datas) -> Successfully converged. Iterations: 12447
    agent1 (1914 datas) -> Successfully converged. Iterations: 12145
    agent2 (2048 datas) -> Successfully converged. Iterations: 18088
    agent3 (2158 datas) -> Successfully converged. Iterations: 17461

roop 16
    agent5 (1693 datas) -> Successfully converged. Iterations: 27066
    agent4 (1918 datas) -> Successfully converged. Iterations: 37988
    agent1 (1928 datas) -> Successfully converged. Iterations: 12305
    agent0 (1801 datas) -> Successfully converged. Iterations: 20459
    agent2 (2065 datas) -> Successfully converged. Iterations: 16167
    agent3 (2193 datas) -> Successfully converged. Iterations: 20390

roop 17
    agent5 (1717 datas) -> Successfully converged. Iterations: 29523
    agent4 (1937 datas) -> Successfully converged. Iterations: 28293
    agent0 (1807 datas) -> Successfully converged. Iterations: 9265
    agent1 (1938 datas) -> Successfully converged. Iterations: 10881
    agent2 (2084 datas) -> Successfully converged. Iterations: 12597
    agent3 (2236 datas) -> Successfully converged. Iterations: 19219

roop 18
    agent5 (1745 datas) -> Successfully converged. Iterations: 25437
    agent4 (1974 datas) -> Successfully converged. Iterations: 22579
    agent0 (1807 datas) -> Successfully converged. Iterations: 10467
    agent1 (1957 datas) -> Successfully converged. Iterations: 10682
    agent2 (2100 datas) -> Successfully converged. Iterations: 14987
    agent3 (2253 datas) -> Successfully converged. Iterations: 26852

roop 19
    agent5 (1763 datas) -> Successfully converged. Iterations: 24848
    agent4 (1969 datas) -> Successfully converged. Iterations: 21580
    agent0 (1815 datas) -> Successfully converged. Iterations: 14872
    agent1 (1964 datas) -> Successfully converged. Iterations: 12265
    agent2 (2124 datas) -> Successfully converged. Iterations: 13964
    agent3 (2280 datas) -> Successfully converged. Iterations: 25227

roop 20
    agent5 (1769 datas) -> Successfully converged. Iterations: 25769
    agent4 (1969 datas) -> Successfully converged. Iterations: 23727
    agent0 (1830 datas) -> Successfully converged. Iterations: 10193
    agent1 (1990 datas) -> Successfully converged. Iterations: 15099
    agent2 (2143 datas) -> Successfully converged. Iterations: 23391
    agent3 (2289 datas) -> Successfully converged. Iterations: 19310

roop 21
    agent5 (1793 datas) -> Successfully converged. Iterations: 28511
    agent4 (1984 datas) -> Successfully converged. Iterations: 19830
    agent0 (1843 datas) -> Successfully converged. Iterations: 14374
    agent1 (2010 datas) -> Successfully converged. Iterations: 12992
    agent2 (2158 datas) -> Successfully converged. Iterations: 16427
    agent3 (2285 datas) -> Successfully converged. Iterations: 17885

roop 22
    agent5 (1810 datas) -> Successfully converged. Iterations: 19870
    agent4 (1987 datas) -> Successfully converged. Iterations: 18041
    agent0 (1867 datas) -> Successfully converged. Iterations: 16602
    agent1 (2012 datas) -> Successfully converged. Iterations: 14594
    agent2 (2172 datas) -> Successfully converged. Iterations: 12141
    agent3 (2312 datas) -> Successfully converged. Iterations: 18024

roop 23
    agent5 (1813 datas) -> Successfully converged. Iterations: 17016
    agent4 (2007 datas) -> Successfully converged. Iterations: 13844
    agent0 (1866 datas) -> Successfully converged. Iterations: 16491
    agent1 (2026 datas) -> Successfully converged. Iterations: 12232
    agent2 (2193 datas) -> Successfully converged. Iterations: 12564
    agent3 (2313 datas) -> Successfully converged. Iterations: 15869

roop 24
    agent5 (1835 datas) -> Successfully converged. Iterations: 14041
    agent4 (2000 datas) -> Successfully converged. Iterations: 20951
    agent0 (1867 datas) -> Successfully converged. Iterations: 16997
    agent1 (2032 datas) -> Successfully converged. Iterations: 14945
    agent2 (2203 datas) -> Successfully converged. Iterations: 15828
    agent3 (2328 datas) -> Successfully converged. Iterations: 13629

roop 25
    agent5 (1836 datas) -> Successfully converged. Iterations: 16199
    agent4 (2007 datas) -> Successfully converged. Iterations: 14780
    agent0 (1876 datas) -> Successfully converged. Iterations: 11115
    agent1 (2034 datas) -> Successfully converged. Iterations: 10560
    agent2 (2211 datas) -> Successfully converged. Iterations: 15893
    agent3 (2349 datas) -> Successfully converged. Iterations: 18423

roop 26
    agent5 (1851 datas) -> Successfully converged. Iterations: 15256
    agent4 (2021 datas) -> Successfully converged. Iterations: 19631
    agent0 (1878 datas) -> Successfully converged. Iterations: 11464
    agent1 (2041 datas) -> Successfully converged. Iterations: 12158
    agent2 (2217 datas) -> Successfully converged. Iterations: 12725
    agent3 (2354 datas) -> Successfully converged. Iterations: 15279

roop 27
    agent5 (1872 datas) -> Successfully converged. Iterations: 11178
    agent4 (2016 datas) -> Successfully converged. Iterations: 19777
    agent0 (1893 datas) -> Successfully converged. Iterations: 14707
    agent1 (2044 datas) -> Successfully converged. Iterations: 17902
    agent3 (2355 datas) -> Successfully converged. Iterations: 13040
    agent2 (2218 datas) -> Successfully converged. Iterations: 16661

roop 28
    agent5 (1882 datas) -> Successfully converged. Iterations: 21168
    agent4 (2011 datas) -> Successfully converged. Iterations: 18772
    agent0 (1885 datas) -> Successfully converged. Iterations: 11780
    agent1 (2043 datas) -> Successfully converged. Iterations: 14187
    agent2 (2234 datas) -> Successfully converged. Iterations: 14128
    agent3 (2353 datas) -> Successfully converged. Iterations: 15529

roop 29
    agent5 (1882 datas) -> Successfully converged. Iterations: 17667
    agent4 (2009 datas) -> Successfully converged. Iterations: 19759
    agent0 (1893 datas) -> Successfully converged. Iterations: 12336
    agent1 (2044 datas) -> Successfully converged. Iterations: 12152
    agent2 (2239 datas) -> Successfully converged. Iterations: 14580
    agent3 (2358 datas) -> Successfully converged. Iterations: 14106

roop 30
    agent5 (1887 datas) -> Successfully converged. Iterations: 16422
    agent4 (2014 datas) -> Successfully converged. Iterations: 15612
    agent0 (1899 datas) -> Successfully converged. Iterations: 13125
    agent1 (2047 datas) -> Successfully converged. Iterations: 15313
    agent2 (2234 datas) -> Successfully converged. Iterations: 12983
    agent3 (2362 datas) -> Successfully converged. Iterations: 12335

roop 31
    agent5 (1893 datas) -> Successfully converged. Iterations: 12455
    agent4 (2022 datas) -> Successfully converged. Iterations: 12746
    agent0 (1902 datas) -> Successfully converged. Iterations: 14691
    agent1 (2040 datas) -> Successfully converged. Iterations: 12581
    agent2 (2229 datas) -> Successfully converged. Iterations: 12957
    agent3 (2359 datas) -> Successfully converged. Iterations: 16136

roop 32
    agent5 (1897 datas) -> Successfully converged. Iterations: 15779
    agent4 (2014 datas) -> Successfully converged. Iterations: 14333
    agent0 (1897 datas) -> Successfully converged. Iterations: 13333
    agent1 (2035 datas) -> Successfully converged. Iterations: 10664
    agent2 (2232 datas) -> Successfully converged. Iterations: 9111
    agent3 (2353 datas) -> Successfully converged. Iterations: 11404

roop 33
    agent5 (1902 datas) -> Successfully converged. Iterations: 13992
    agent4 (2012 datas) -> Successfully converged. Iterations: 13457
    agent0 (1894 datas) -> Successfully converged. Iterations: 11913
    agent1 (2027 datas) -> Successfully converged. Iterations: 11950
    agent2 (2233 datas) -> Successfully converged. Iterations: 10296
    agent3 (2357 datas) -> Successfully converged. Iterations: 9711

roop 34
    agent5 (1899 datas) -> Successfully converged. Iterations: 13677
    agent4 (2008 datas) -> Successfully converged. Iterations: 11646
    agent0 (1891 datas) -> Successfully converged. Iterations: 14087
    agent1 (2021 datas) -> Successfully converged. Iterations: 10153
    agent2 (2228 datas) -> Successfully converged. Iterations: 11910
    agent3 (2352 datas) -> Successfully converged. Iterations: 11812

roop 35
    agent5 (1904 datas) -> Successfully converged. Iterations: 11327
    agent4 (2007 datas) -> Successfully converged. Iterations: 12508
    agent0 (1888 datas) -> Successfully converged. Iterations: 10756
    agent1 (2022 datas) -> Successfully converged. Iterations: 15712
    agent2 (2224 datas) -> Successfully converged. Iterations: 11603
    agent3 (2348 datas) -> Successfully converged. Iterations: 12280

roop 36
    agent5 (1898 datas) -> Successfully converged. Iterations: 10688
    agent4 (2001 datas) -> Successfully converged. Iterations: 13241
    agent0 (1894 datas) -> Successfully converged. Iterations: 16225
    agent1 (2019 datas) -> Successfully converged. Iterations: 12715
    agent2 (2224 datas) -> Successfully converged. Iterations: 11653
    agent3 (2344 datas) -> Successfully converged. Iterations: 12687

roop 37
    agent5 (1899 datas) -> Successfully converged. Iterations: 11217
    agent4 (2000 datas) -> Successfully converged. Iterations: 13248
    agent0 (1894 datas) -> Successfully converged. Iterations: 11105
    agent1 (2017 datas) -> Successfully converged. Iterations: 12955
    agent2 (2221 datas) -> Successfully converged. Iterations: 10642
    agent3 (2337 datas) -> Successfully converged. Iterations: 12589

roop 38
    agent5 (1894 datas) -> Successfully converged. Iterations: 12078
    agent4 (1996 datas) -> Successfully converged. Iterations: 11363
    agent0 (1889 datas) -> Successfully converged. Iterations: 11282
    agent1 (2010 datas) -> Successfully converged. Iterations: 10298
    agent2 (2216 datas) -> Successfully converged. Iterations: 9421
    agent3 (2338 datas) -> Successfully converged. Iterations: 12011

roop 39
    agent5 (1898 datas) -> Successfully converged. Iterations: 13638
    agent4 (1997 datas) -> Successfully converged. Iterations: 12110
    agent0 (1884 datas) -> Successfully converged. Iterations: 9302
    agent1 (2006 datas) -> Successfully converged. Iterations: 10619
    agent2 (2216 datas) -> Successfully converged. Iterations: 9421
    agent3 (2334 datas) -> Successfully converged. Iterations: 8003

roop 40
    agent5 (1893 datas) -> Successfully converged. Iterations: 12863
    agent4 (1991 datas) -> Successfully converged. Iterations: 11097
    agent0 (1884 datas) -> Successfully converged. Iterations: 9302
    agent1 (2006 datas) -> Successfully converged. Iterations: 10619
    agent2 (2216 datas) -> Successfully converged. Iterations: 9421
    agent3 (2332 datas) -> Successfully converged. Iterations: 8883

roop 41
    agent5 (1893 datas) -> Successfully converged. Iterations: 12863
    agent4 (1991 datas) -> Successfully converged. Iterations: 11097
    agent0 (1884 datas) -> Successfully converged. Iterations: 9302
    agent1 (2006 datas) -> Successfully converged. Iterations: 10619
    agent2 (2216 datas) -> Successfully converged. Iterations: 9421
    agent3 (2332 datas) -> Successfully converged. Iterations: 8883

roop 42
    agent5 (1893 datas) -> Successfully converged. Iterations: 12863
    agent4 (1991 datas) -> Successfully converged. Iterations: 11097
    agent0 (1884 datas) -> Successfully converged. Iterations: 9302
    agent1 (2006 datas) -> Successfully converged. Iterations: 10619
    agent2 (2216 datas) -> Successfully converged. Iterations: 9421
    agent3 (2332 datas) -> Successfully converged. Iterations: 8883

roop 43
    agent5 (1893 datas) -> Successfully converged. Iterations: 12863
    agent4 (1991 datas) -> Successfully converged. Iterations: 11097
    agent0 (1884 datas) -> Successfully converged. Iterations: 9302
    agent1 (2006 datas) -> Successfully converged. Iterations: 10619
    agent2 (2216 datas) -> Successfully converged. Iterations: 9421
    agent3 (2332 datas) -> Successfully converged. Iterations: 8883

roop 44
    agent5 (1893 datas) -> Successfully converged. Iterations: 12863
    agent4 (1991 datas) -> Successfully converged. Iterations: 11097
    agent0 (1884 datas) -> Successfully converged. Iterations: 9302
    agent1 (2006 datas) -> Successfully converged. Iterations: 10619
    agent2 (2216 datas) -> Successfully converged. Iterations: 9421
    agent3 (2332 datas) -> Successfully converged. Iterations: 8883

roop 45
    agent5 (1893 datas) -> Successfully converged. Iterations: 12863
    agent4 (1991 datas) -> Successfully converged. Iterations: 11097
    agent0 (1884 datas) -> Successfully converged. Iterations: 9302
    agent1 (2006 datas) -> Successfully converged. Iterations: 10619
    agent2 (2216 datas) -> Successfully converged. Iterations: 9421
    agent3 (2332 datas) -> Successfully converged. Iterations: 8883

fitting time : 235.32876205444336

Agent 0
SV_len: 70
INNER_len: 1645
Accuracy: 81.20%
F1: 82.04%
SA: 98.40%
NRMSE: 0.123861549688
NMAE: 0.058636410241
[MIN, MAX]: [-4.895512245065, 8.371221905805]
cos: 0.942615052033
angle: 19.504537585429 deg (0.340418399945 rad)

Agent 1
SV_len: 72
INNER_len: 1644
Accuracy: 81.20%
F1: 82.04%
SA: 98.40%
NRMSE: 0.123871363508
NMAE: 0.058612736452
[MIN, MAX]: [-4.894046881805, 8.370692622804]
cos: 0.942586523535
angle: 19.509432631659 deg (0.340503834618 rad)

Agent 2
SV_len: 70
INNER_len: 1645
Accuracy: 81.30%
F1: 82.12%
SA: 98.29%
NRMSE: 0.123930121376
NMAE: 0.058727309608
[MIN, MAX]: [-4.895043314034, 8.369539649029]
cos: 0.942547955631
angle: 19.516048407819 deg (0.340619301695 rad)

Agent 3
SV_len: 72
INNER_len: 1644
Accuracy: 81.20%
F1: 82.04%
SA: 98.40%
NRMSE: 0.123876031772
NMAE: 0.058665524255
[MIN, MAX]: [-4.894555570920, 8.371340272629]
cos: 0.942595424130
angle: 19.507905554803 deg (0.340477182099 rad)

Agent 4
SV_len: 73
INNER_len: 1643
Accuracy: 81.30%
F1: 82.12%
SA: 98.29%
NRMSE: 0.123833261707
NMAE: 0.058578482008
[MIN, MAX]: [-4.894616277591, 8.370483810474]
cos: 0.942644337562
angle: 19.499511416085 deg (0.340330676741 rad)

Agent 5
SV_len: 72
INNER_len: 1644
Accuracy: 81.20%
F1: 82.04%
SA: 98.40%
NRMSE: 0.123805596243
NMAE: 0.058657837987
[MIN, MAX]: [-4.893667578777, 8.373618500291]
cos: 0.942683527758
angle: 19.492783395880 deg (0.340213250636 rad)

===== Average =====
Accuracy: 81.23%
F1:       82.07%
SA:       98.36%
NRMSE:    0.123862987382
NMAE:     0.058646383425
cos:      0.942612136775
angle:    19.505036498612 deg
