rank=0, host=yamada-ubuntu1
rank=1, host=yamada-ubuntu1
rank=2, host=yamada-ubuntu2
rank=3, host=yamada-ubuntu2
rank=4, host=yamada-ubuntu3
rank=5, host=yamada-ubuntu3
---------- Centralized Learning ----------
low: 170 samples, up: 285 samples

    agent0 (455 datas) -> Successfully converged. Iterations: 138

fitting time : 0.04542040824890137

Accuracy: 99.12%
F1: 99.30%
[MIN, MAX]: [-8.181822165246, 5.157316464898]


---------- Distributed Learning----------
Agent 0 low: 44 samples, up: 15samples
Agent 1 low: 44 samples, up: 32samples
Agent 2 low: 38 samples, up: 45samples
Agent 3 low: 34 samples, up: 60samples

Agent 4 low: 8 samples, up: 61samples
Agent 5 low: 2 samples, up: 72samples
roop 0
    agent5 (74 datas) -> Successfully converged. Iterations: 28
    agent4 (69 datas) -> Successfully converged. Iterations: 27
    agent3 (94 datas) -> Successfully converged. Iterations: 21
    agent0 (59 datas) -> Successfully converged. Iterations: 43
    agent1 (76 datas) -> Successfully converged. Iterations: 60
    agent2 (83 datas) -> Successfully converged. Iterations: 37

roop 1
    agent5 (79 datas) -> Successfully converged. Iterations: 21
    agent4 (83 datas) -> Successfully converged. Iterations: 19
    agent0 (71 datas) -> Successfully converged. Iterations: 36
    agent3 (121 datas) -> Successfully converged. Iterations: 55
    agent1 (113 datas) -> Successfully converged. Iterations: 74
    agent2 (106 datas) -> Successfully converged. Iterations: 67

roop 2
    agent5 (84 datas) -> Successfully converged. Iterations: 11
    agent4 (106 datas) -> Successfully converged. Iterations: 77
    agent0 (87 datas) -> Successfully converged. Iterations: 48
    agent2 (123 datas) -> Successfully converged. Iterations: 93
    agent1 (125 datas) -> Successfully converged. Iterations: 148
    agent3 (131 datas) -> Successfully converged. Iterations: 240

roop 3
    agent5 (102 datas) -> Successfully converged. Iterations: 68
    agent4 (121 datas) -> Successfully converged. Iterations: 70
    agent0 (101 datas) -> Successfully converged. Iterations: 99
    agent1 (129 datas) -> Successfully converged. Iterations: 118
    agent2 (128 datas) -> Successfully converged. Iterations: 98
    agent3 (148 datas) -> Successfully converged. Iterations: 128

roop 4
    agent5 (120 datas) -> Successfully converged. Iterations: 115
    agent4 (146 datas) -> Successfully converged. Iterations: 106
    agent1 (132 datas) -> Successfully converged. Iterations: 122
    agent0 (112 datas) -> Successfully converged. Iterations: 197
    agent2 (132 datas) -> Successfully converged. Iterations: 146
    agent3 (152 datas) -> Successfully converged. Iterations: 104

roop 5
    agent5 (129 datas) -> Successfully converged. Iterations: 194
    agent4 (151 datas) -> Successfully converged. Iterations: 124
    agent0 (114 datas) -> Successfully converged. Iterations: 146
    agent2 (132 datas) -> Successfully converged. Iterations: 86
    agent1 (136 datas) -> Successfully converged. Iterations: 169
    agent3 (159 datas) -> Successfully converged. Iterations: 122

roop 6
    agent5 (135 datas) -> Successfully converged. Iterations: 104
    agent4 (149 datas) -> Successfully converged. Iterations: 87
    agent0 (119 datas) -> Successfully converged. Iterations: 149
    agent1 (135 datas) -> Successfully converged. Iterations: 141
    agent2 (139 datas) -> Successfully converged. Iterations: 176
    agent3 (159 datas) -> Successfully converged. Iterations: 194

roop 7
    agent5 (131 datas) -> Successfully converged. Iterations: 81
    agent4 (145 datas) -> Successfully converged. Iterations: 76
    agent0 (120 datas) -> Successfully converged. Iterations: 137
    agent1 (146 datas) -> Successfully converged. Iterations: 138
    agent3 (161 datas) -> Successfully converged. Iterations: 84
    agent2 (139 datas) -> Successfully converged. Iterations: 173

roop 8
    agent5 (129 datas) -> Successfully converged. Iterations: 81
    agent4 (147 datas) -> Successfully converged. Iterations: 155
    agent0 (128 datas) -> Successfully converged. Iterations: 153
    agent1 (144 datas) -> Successfully converged. Iterations: 140
    agent3 (163 datas) -> Successfully converged. Iterations: 121
    agent2 (137 datas) -> Successfully converged. Iterations: 199

roop 9
    agent4 (148 datas) -> Successfully converged. Iterations: 151
    agent5 (135 datas) -> Successfully converged. Iterations: 242
    agent1 (146 datas) -> Successfully converged. Iterations: 205
    agent0 (126 datas) -> Successfully converged. Iterations: 269
    agent3 (162 datas) -> Successfully converged. Iterations: 135
    agent2 (137 datas) -> Successfully converged. Iterations: 202

roop 10
    agent4 (152 datas) -> Successfully converged. Iterations: 87
    agent5 (137 datas) -> Successfully converged. Iterations: 155
    agent0 (128 datas) -> Successfully converged. Iterations: 134
    agent1 (146 datas) -> Successfully converged. Iterations: 127
    agent2 (136 datas) -> Successfully converged. Iterations: 132
    agent3 (163 datas) -> Successfully converged. Iterations: 142

roop 11
    agent5 (136 datas) -> Successfully converged. Iterations: 99
    agent4 (154 datas) -> Successfully converged. Iterations: 92
    agent1 (145 datas) -> Successfully converged. Iterations: 127
    agent0 (128 datas) -> Successfully converged. Iterations: 162
    agent3 (166 datas) -> Successfully converged. Iterations: 149
    agent2 (137 datas) -> Successfully converged. Iterations: 252

roop 12
    agent5 (138 datas) -> Successfully converged. Iterations: 105
    agent4 (153 datas) -> Successfully converged. Iterations: 74
    agent0 (128 datas) -> Successfully converged. Iterations: 162
    agent2 (139 datas) -> Successfully converged. Iterations: 89
    agent1 (146 datas) -> Successfully converged. Iterations: 252
    agent3 (165 datas) -> Successfully converged. Iterations: 131

roop 13
    agent5 (139 datas) -> Successfully converged. Iterations: 107
    agent4 (153 datas) -> Successfully converged. Iterations: 84
    agent2 (139 datas) -> Successfully converged. Iterations: 89
    agent1 (149 datas) -> Successfully converged. Iterations: 117
    agent3 (164 datas) -> Successfully converged. Iterations: 93
    agent0 (129 datas) -> Successfully converged. Iterations: 291

roop 14
    agent5 (135 datas) -> Successfully converged. Iterations: 84
    agent4 (153 datas) -> Successfully converged. Iterations: 83
    agent0 (131 datas) -> Successfully converged. Iterations: 101
    agent2 (136 datas) -> Successfully converged. Iterations: 100
    agent1 (148 datas) -> Successfully converged. Iterations: 117
    agent3 (165 datas) -> Successfully converged. Iterations: 74

roop 15
    agent5 (136 datas) -> Successfully converged. Iterations: 94
    agent4 (150 datas) -> Successfully converged. Iterations: 83
    agent0 (130 datas) -> Successfully converged. Iterations: 101
    agent1 (146 datas) -> Successfully converged. Iterations: 122
    agent2 (137 datas) -> Successfully converged. Iterations: 127
    agent3 (165 datas) -> Successfully converged. Iterations: 74

roop 16
    agent5 (135 datas) -> Successfully converged. Iterations: 94
    agent4 (149 datas) -> Successfully converged. Iterations: 83
    agent0 (130 datas) -> Successfully converged. Iterations: 101
    agent1 (148 datas) -> Successfully converged. Iterations: 144
    agent2 (137 datas) -> Successfully converged. Iterations: 127
    agent3 (164 datas) -> Successfully converged. Iterations: 121

roop 17
    agent5 (135 datas) -> Successfully converged. Iterations: 94
    agent4 (150 datas) -> Successfully converged. Iterations: 129
    agent0 (133 datas) -> Successfully converged. Iterations: 138
    agent2 (135 datas) -> Successfully converged. Iterations: 117
    agent1 (148 datas) -> Successfully converged. Iterations: 144
    agent3 (164 datas) -> Successfully converged. Iterations: 121

roop 18
    agent5 (136 datas) -> Successfully converged. Iterations: 123
    agent4 (150 datas) -> Successfully converged. Iterations: 129
    agent0 (131 datas) -> Successfully converged. Iterations: 138
    agent1 (146 datas) -> Successfully converged. Iterations: 135
    agent2 (135 datas) -> Successfully converged. Iterations: 117
    agent3 (165 datas) -> Successfully converged. Iterations: 125

roop 19
    agent5 (136 datas) -> Successfully converged. Iterations: 123
    agent4 (151 datas) -> Successfully converged. Iterations: 129
    agent0 (131 datas) -> Successfully converged. Iterations: 138
    agent1 (146 datas) -> Successfully converged. Iterations: 135
    agent2 (135 datas) -> Successfully converged. Iterations: 117
    agent3 (165 datas) -> Successfully converged. Iterations: 125

roop 20
    agent5 (137 datas) -> Successfully converged. Iterations: 106
    agent4 (151 datas) -> Successfully converged. Iterations: 129
    agent0 (131 datas) -> Successfully converged. Iterations: 138
    agent1 (146 datas) -> Successfully converged. Iterations: 135
    agent2 (135 datas) -> Successfully converged. Iterations: 117
    agent3 (165 datas) -> Successfully converged. Iterations: 125

roop 21
    agent5 (137 datas) -> Successfully converged. Iterations: 106
    agent4 (151 datas) -> Successfully converged. Iterations: 129
    agent0 (131 datas) -> Successfully converged. Iterations: 138
    agent1 (146 datas) -> Successfully converged. Iterations: 135
    agent2 (135 datas) -> Successfully converged. Iterations: 117
    agent3 (165 datas) -> Successfully converged. Iterations: 125

roop 22
    agent5 (137 datas) -> Successfully converged. Iterations: 106
    agent4 (151 datas) -> Successfully converged. Iterations: 129
    agent0 (131 datas) -> Successfully converged. Iterations: 138
    agent1 (146 datas) -> Successfully converged. Iterations: 135
    agent2 (135 datas) -> Successfully converged. Iterations: 117
    agent3 (165 datas) -> Successfully converged. Iterations: 125

roop 23
    agent5 (137 datas) -> Successfully converged. Iterations: 106
    agent4 (151 datas) -> Successfully converged. Iterations: 129
    agent0 (131 datas) -> Successfully converged. Iterations: 138
    agent1 (146 datas) -> Successfully converged. Iterations: 135
    agent2 (135 datas) -> Successfully converged. Iterations: 117
    agent3 (165 datas) -> Successfully converged. Iterations: 125

roop 24
    agent5 (137 datas) -> Successfully converged. Iterations: 106
    agent4 (151 datas) -> Successfully converged. Iterations: 129
    agent0 (131 datas) -> Successfully converged. Iterations: 138
    agent1 (146 datas) -> Successfully converged. Iterations: 135
    agent2 (135 datas) -> Successfully converged. Iterations: 117
    agent3 (165 datas) -> Successfully converged. Iterations: 125

roop 25
    agent5 (137 datas) -> Successfully converged. Iterations: 106
    agent4 (151 datas) -> Successfully converged. Iterations: 129
    agent0 (131 datas) -> Successfully converged. Iterations: 138
    agent1 (146 datas) -> Successfully converged. Iterations: 135
    agent2 (135 datas) -> Successfully converged. Iterations: 117
    agent3 (165 datas) -> Successfully converged. Iterations: 125

fitting time : 0.5025250911712646

Agent 0
SV_len: 7
INNER_len: 75
Accuracy: 99.12%
F1: 99.30%
SA: 100.00%
NRMSE: 0.000000000000
NMAE: 0.000000000000
[MIN, MAX]: [-8.181822165246, 5.157316464898]
cos: 1.000000000000
angle: 0.000001207418 deg (0.000000021073 rad)

Agent 1
SV_len: 7
INNER_len: 75
Accuracy: 99.12%
F1: 99.30%
SA: 100.00%
NRMSE: 0.000199617054
NMAE: 0.000164045947
[MIN, MAX]: [-8.181059636104, 5.156047797688]
cos: 0.999999969801
angle: 0.014080918135 deg (0.000245758383 rad)

Agent 2
SV_len: 7
INNER_len: 75
Accuracy: 99.12%
F1: 99.30%
SA: 100.00%
NRMSE: 0.000167740632
NMAE: 0.000128403150
[MIN, MAX]: [-8.181332355347, 5.156382335333]
cos: 0.999999978032
angle: 0.012009700055 deg (0.000209608808 rad)

Agent 3
SV_len: 7
INNER_len: 75
Accuracy: 99.12%
F1: 99.30%
SA: 100.00%
NRMSE: 0.000142854213
NMAE: 0.000109194626
[MIN, MAX]: [-8.181299608686, 5.157033170591]
cos: 0.999999975721
angle: 0.012625537994 deg (0.000220357208 rad)

Agent 4
SV_len: 7
INNER_len: 75
Accuracy: 99.12%
F1: 99.30%
SA: 100.00%
NRMSE: 0.000079590461
NMAE: 0.000060351228
[MIN, MAX]: [-8.181270664235, 5.156959953951]
cos: 0.999999995956
angle: 0.005152561163 deg (0.000089929157 rad)

Agent 5
SV_len: 7
INNER_len: 75
Accuracy: 99.12%
F1: 99.30%
SA: 100.00%
NRMSE: 0.000101353920
NMAE: 0.000081471270
[MIN, MAX]: [-8.181795621343, 5.157799227157]
cos: 0.999999978281
angle: 0.011941359506 deg (0.000208416041 rad)

===== Average =====
Accuracy: 99.12%
F1:       99.30%
SA:       100.00%
NRMSE:    0.000115192713
NMAE:     0.000090577703
cos:      0.999999982965
angle:    0.009301880712 deg

-------- Original Learning ----------
    agent5 (74 datas) -> Successfully converged. Iterations: 28
    agent4 (69 datas) -> Successfully converged. Iterations: 27
    agent3 (94 datas) -> Successfully converged. Iterations: 21
    agent0 (59 datas) -> Successfully converged. Iterations: 43
    agent1 (76 datas) -> Successfully converged. Iterations: 60
    agent2 (83 datas) -> Successfully converged. Iterations: 37

fitting time : 0.004161834716796875

make_fake_data time: 0.011509895324707031

---------- Centralized Learning(Pseudo-Data) ----------
low: 170 samples, up: 285samples

    agent0 (455 datas) -> Successfully converged. Iterations: 250

fitting time : 0.05293750762939453

Accuracy: 99.12%
F1: 99.30%
SA: 100.00%
NRMSE: 0.061579237510
NMAE: 0.050146608056
[MIN, MAX]: [-8.625784052683, 5.248496036030]
cos: 0.994283769192
angle: 6.129140865479 deg (0.106973688421 rad)


---------- Original Learning(Pseudo-Data) ----------
Agent 0 low: 44 samples, up: 15samples
Agent 1 low: 44 samples, up: 32samples
Agent 2 low: 38 samples, up: 45samples
Agent 3 low: 34 samples, up: 60samples

Agent 4 low: 8 samples, up: 61samples
Agent 5 low: 2 samples, up: 72samples
    agent5 (74 datas) -> Successfully converged. Iterations: 21
    agent4 (69 datas) -> Successfully converged. Iterations: 33
    agent3 (94 datas) -> Successfully converged. Iterations: 28
    agent1 (76 datas) -> Successfully converged. Iterations: 64
    agent0 (59 datas) -> Successfully converged. Iterations: 72
    agent2 (83 datas) -> Successfully converged. Iterations: 30

fitting time : 0.0038111209869384766


---------- Distributed Learning(Pseudo-Data)----------
Agent 0 low: 44 samples, up: 15samples
Agent 1 low: 44 samples, up: 32samples
Agent 2 low: 38 samples, up: 45samples
Agent 3 low: 34 samples, up: 60samples

Agent 4 low: 8 samples, up: 61samples
Agent 5 low: 2 samples, up: 72samples
roop 0
    agent5 (74 datas) -> Successfully converged. Iterations: 21
    agent4 (69 datas) -> Successfully converged. Iterations: 33
    agent3 (94 datas) -> Successfully converged. Iterations: 28
    agent1 (76 datas) -> Successfully converged. Iterations: 64
    agent0 (59 datas) -> Successfully converged. Iterations: 72
    agent2 (83 datas) -> Successfully converged. Iterations: 30

roop 1
    agent4 (83 datas) -> Successfully converged. Iterations: 19
    agent5 (79 datas) -> Successfully converged. Iterations: 66
    agent0 (71 datas) -> Successfully converged. Iterations: 67
    agent1 (113 datas) -> Successfully converged. Iterations: 75
    agent3 (121 datas) -> Successfully converged. Iterations: 86
    agent2 (106 datas) -> Successfully converged. Iterations: 73

roop 2
    agent5 (84 datas) -> Successfully converged. Iterations: 28
    agent4 (106 datas) -> Successfully converged. Iterations: 141
    agent0 (87 datas) -> Successfully converged. Iterations: 51
    agent1 (127 datas) -> Successfully converged. Iterations: 81
    agent3 (131 datas) -> Successfully converged. Iterations: 122
    agent2 (120 datas) -> Successfully converged. Iterations: 130

roop 3
    agent5 (104 datas) -> Successfully converged. Iterations: 85
    agent4 (123 datas) -> Successfully converged. Iterations: 56
    agent0 (100 datas) -> Successfully converged. Iterations: 84
    agent1 (132 datas) -> Successfully converged. Iterations: 92
    agent2 (126 datas) -> Successfully converged. Iterations: 123
    agent3 (150 datas) -> Successfully converged. Iterations: 172

roop 4
    agent5 (115 datas) -> Successfully converged. Iterations: 79
    agent4 (148 datas) -> Successfully converged. Iterations: 93
    agent0 (114 datas) -> Successfully converged. Iterations: 109
    agent1 (133 datas) -> Successfully converged. Iterations: 131
    agent2 (130 datas) -> Successfully converged. Iterations: 160
    agent3 (152 datas) -> Successfully converged. Iterations: 136

roop 5
    agent5 (129 datas) -> Successfully converged. Iterations: 112
    agent4 (149 datas) -> Successfully converged. Iterations: 204
    agent0 (114 datas) -> Successfully converged. Iterations: 144
    agent2 (131 datas) -> Successfully converged. Iterations: 136
    agent1 (139 datas) -> Successfully converged. Iterations: 134
    agent3 (162 datas) -> Successfully converged. Iterations: 114

roop 6
    agent4 (147 datas) -> Successfully converged. Iterations: 109
    agent5 (132 datas) -> Successfully converged. Iterations: 298
    agent0 (124 datas) -> Successfully converged. Iterations: 114
    agent1 (140 datas) -> Successfully converged. Iterations: 123
    agent3 (163 datas) -> Successfully converged. Iterations: 86
    agent2 (140 datas) -> Successfully converged. Iterations: 107

roop 7
    agent5 (135 datas) -> Successfully converged. Iterations: 122
    agent4 (146 datas) -> Successfully converged. Iterations: 111
    agent0 (121 datas) -> Successfully converged. Iterations: 118
    agent1 (148 datas) -> Successfully converged. Iterations: 111
    agent3 (165 datas) -> Successfully converged. Iterations: 109
    agent2 (140 datas) -> Successfully converged. Iterations: 159

roop 8
    agent5 (133 datas) -> Successfully converged. Iterations: 120
    agent4 (151 datas) -> Successfully converged. Iterations: 101
    agent2 (138 datas) -> Successfully converged. Iterations: 78
    agent1 (148 datas) -> Successfully converged. Iterations: 102
    agent0 (130 datas) -> Successfully converged. Iterations: 125
    agent3 (166 datas) -> Successfully converged. Iterations: 88

roop 9
    agent5 (139 datas) -> Successfully converged. Iterations: 117
    agent4 (152 datas) -> Successfully converged. Iterations: 93
    agent0 (129 datas) -> Successfully converged. Iterations: 112
    agent2 (139 datas) -> Successfully converged. Iterations: 88
    agent1 (148 datas) -> Successfully converged. Iterations: 112
    agent3 (165 datas) -> Successfully converged. Iterations: 78

roop 10
    agent4 (152 datas) -> Successfully converged. Iterations: 68
    agent5 (139 datas) -> Successfully converged. Iterations: 108
    agent0 (130 datas) -> Successfully converged. Iterations: 114
    agent1 (148 datas) -> Successfully converged. Iterations: 96
    agent2 (137 datas) -> Successfully converged. Iterations: 88
    agent3 (165 datas) -> Successfully converged. Iterations: 78

roop 11
    agent4 (153 datas) -> Successfully converged. Iterations: 84
    agent5 (140 datas) -> Successfully converged. Iterations: 142
    agent1 (147 datas) -> Successfully converged. Iterations: 96
    agent0 (131 datas) -> Successfully converged. Iterations: 116
    agent2 (137 datas) -> Successfully converged. Iterations: 89
    agent3 (164 datas) -> Successfully converged. Iterations: 78

roop 12
    agent5 (139 datas) -> Successfully converged. Iterations: 142
    agent4 (153 datas) -> Successfully converged. Iterations: 111
    agent0 (130 datas) -> Successfully converged. Iterations: 116
    agent2 (137 datas) -> Successfully converged. Iterations: 89
    agent1 (146 datas) -> Successfully converged. Iterations: 96
    agent3 (166 datas) -> Successfully converged. Iterations: 125

roop 13
    agent5 (139 datas) -> Successfully converged. Iterations: 142
    agent4 (154 datas) -> Successfully converged. Iterations: 115
    agent1 (146 datas) -> Successfully converged. Iterations: 96
    agent0 (130 datas) -> Successfully converged. Iterations: 116
    agent2 (138 datas) -> Successfully converged. Iterations: 108
    agent3 (167 datas) -> Successfully converged. Iterations: 119

roop 14
    agent5 (140 datas) -> Successfully converged. Iterations: 126
    agent4 (154 datas) -> Successfully converged. Iterations: 115
    agent0 (130 datas) -> Successfully converged. Iterations: 116
    agent1 (147 datas) -> Successfully converged. Iterations: 140
    agent2 (139 datas) -> Successfully converged. Iterations: 127
    agent3 (166 datas) -> Successfully converged. Iterations: 119

roop 15
    agent5 (140 datas) -> Successfully converged. Iterations: 126
    agent4 (154 datas) -> Successfully converged. Iterations: 132
    agent1 (148 datas) -> Successfully converged. Iterations: 103
    agent0 (132 datas) -> Successfully converged. Iterations: 167
    agent2 (139 datas) -> Successfully converged. Iterations: 138
    agent3 (166 datas) -> Successfully converged. Iterations: 119

roop 16
    agent5 (140 datas) -> Successfully converged. Iterations: 126
    agent4 (154 datas) -> Successfully converged. Iterations: 132
    agent2 (139 datas) -> Successfully converged. Iterations: 138
    agent1 (148 datas) -> Successfully converged. Iterations: 156
    agent0 (132 datas) -> Successfully converged. Iterations: 205
    agent3 (168 datas) -> Successfully converged. Iterations: 216

roop 17
    agent5 (140 datas) -> Successfully converged. Iterations: 126
    agent4 (155 datas) -> Successfully converged. Iterations: 151
    agent0 (132 datas) -> Successfully converged. Iterations: 205
    agent2 (141 datas) -> Successfully converged. Iterations: 228
    agent3 (168 datas) -> Successfully converged. Iterations: 216
    agent1 (148 datas) -> Successfully converged. Iterations: 156

roop 18
    agent5 (141 datas) -> Successfully converged. Iterations: 151
    agent4 (155 datas) -> Successfully converged. Iterations: 151
    agent0 (132 datas) -> Successfully converged. Iterations: 205
    agent1 (149 datas) -> Successfully converged. Iterations: 216
    agent2 (141 datas) -> Successfully converged. Iterations: 228
    agent3 (168 datas) -> Successfully converged. Iterations: 234

roop 19
    agent5 (140 datas) -> Successfully converged. Iterations: 140
    agent4 (155 datas) -> Successfully converged. Iterations: 207
    agent2 (139 datas) -> Successfully converged. Iterations: 152
    agent0 (133 datas) -> Successfully converged. Iterations: 222
    agent1 (149 datas) -> Successfully converged. Iterations: 216
    agent3 (168 datas) -> Successfully converged. Iterations: 234

roop 20
    agent5 (141 datas) -> Successfully converged. Iterations: 152
    agent4 (155 datas) -> Successfully converged. Iterations: 207
    agent0 (131 datas) -> Successfully converged. Iterations: 170
    agent2 (139 datas) -> Successfully converged. Iterations: 152
    agent1 (149 datas) -> Successfully converged. Iterations: 216
    agent3 (167 datas) -> Successfully converged. Iterations: 156

roop 21
    agent5 (140 datas) -> Successfully converged. Iterations: 152
    agent4 (154 datas) -> Successfully converged. Iterations: 150
    agent0 (131 datas) -> Successfully converged. Iterations: 170
    agent2 (139 datas) -> Successfully converged. Iterations: 152
    agent1 (149 datas) -> Successfully converged. Iterations: 216
    agent3 (167 datas) -> Successfully converged. Iterations: 156

roop 22
    agent5 (140 datas) -> Successfully converged. Iterations: 152
    agent4 (154 datas) -> Successfully converged. Iterations: 150
    agent0 (131 datas) -> Successfully converged. Iterations: 170
    agent2 (139 datas) -> Successfully converged. Iterations: 152
    agent1 (149 datas) -> Successfully converged. Iterations: 216
    agent3 (167 datas) -> Successfully converged. Iterations: 156

roop 23
    agent5 (140 datas) -> Successfully converged. Iterations: 152
    agent4 (154 datas) -> Successfully converged. Iterations: 150
    agent0 (131 datas) -> Successfully converged. Iterations: 170
    agent2 (139 datas) -> Successfully converged. Iterations: 152
    agent1 (149 datas) -> Successfully converged. Iterations: 216
    agent3 (167 datas) -> Successfully converged. Iterations: 156

roop 24
    agent5 (140 datas) -> Successfully converged. Iterations: 152
    agent4 (154 datas) -> Successfully converged. Iterations: 150
    agent0 (131 datas) -> Successfully converged. Iterations: 170
    agent2 (139 datas) -> Successfully converged. Iterations: 152
    agent1 (149 datas) -> Successfully converged. Iterations: 216
    agent3 (167 datas) -> Successfully converged. Iterations: 156

roop 25
    agent5 (140 datas) -> Successfully converged. Iterations: 152
    agent4 (154 datas) -> Successfully converged. Iterations: 150
    agent0 (131 datas) -> Successfully converged. Iterations: 170
    agent2 (139 datas) -> Successfully converged. Iterations: 152
    agent1 (149 datas) -> Successfully converged. Iterations: 216
    agent3 (167 datas) -> Successfully converged. Iterations: 156

roop 26
    agent5 (140 datas) -> Successfully converged. Iterations: 152
    agent4 (154 datas) -> Successfully converged. Iterations: 150
    agent0 (131 datas) -> Successfully converged. Iterations: 170
    agent2 (139 datas) -> Successfully converged. Iterations: 152
    agent1 (149 datas) -> Successfully converged. Iterations: 216
    agent3 (167 datas) -> Successfully converged. Iterations: 156

fitting time : 0.54996657371521

Agent 0
SV_len: 9
INNER_len: 76
Accuracy: 99.12%
F1: 99.30%
SA: 100.00%
NRMSE: 0.061577605401
NMAE: 0.050181285808
[MIN, MAX]: [-8.625628651474, 5.249475433008]
cos: 0.994284138685
angle: 6.128942581697 deg (0.106970227716 rad)

Agent 1
SV_len: 9
INNER_len: 76
Accuracy: 99.12%
F1: 99.30%
SA: 100.00%
NRMSE: 0.061555345433
NMAE: 0.050153875250
[MIN, MAX]: [-8.625202511507, 5.249614001555]
cos: 0.994292031029
angle: 6.124705724078 deg (0.106896280601 rad)

Agent 2
SV_len: 9
INNER_len: 76
Accuracy: 99.12%
F1: 99.30%
SA: 100.00%
NRMSE: 0.061513447485
NMAE: 0.050104098711
[MIN, MAX]: [-8.624743313413, 5.248545442064]
cos: 0.994282895867
angle: 6.129609499317 deg (0.106981867625 rad)

Agent 3
SV_len: 9
INNER_len: 76
Accuracy: 99.12%
F1: 99.30%
SA: 100.00%
NRMSE: 0.061562818709
NMAE: 0.050164422332
[MIN, MAX]: [-8.625190068697, 5.249914906658]
cos: 0.994290992479
angle: 6.125263417111 deg (0.106906014181 rad)

Agent 4
SV_len: 9
INNER_len: 76
Accuracy: 99.12%
F1: 99.30%
SA: 100.00%
NRMSE: 0.061436681747
NMAE: 0.050029772139
[MIN, MAX]: [-8.624448405833, 5.248148639404]
cos: 0.994283933970
angle: 6.129052440295 deg (0.106972145111 rad)

Agent 5
SV_len: 9
INNER_len: 76
Accuracy: 99.12%
F1: 99.30%
SA: 100.00%
NRMSE: 0.061472789737
NMAE: 0.050086308973
[MIN, MAX]: [-8.624554387137, 5.249589518592]
cos: 0.994282210050
angle: 6.129977489569 deg (0.106988290266 rad)

===== Average =====
Accuracy: 99.12%
F1:       99.30%
SA:       100.00%
NRMSE:    0.061519781419
NMAE:     0.050119960535
cos:      0.994286033680
angle:    6.127925192011 deg
