rank=0, host=yamada-ubuntu1
rank=1, host=yamada-ubuntu1
rank=2, host=yamada-ubuntu2
rank=3, host=yamada-ubuntu2
rank=4, host=yamada-ubuntu3
rank=5, host=yamada-ubuntu3
---------- Centralized Learning ----------
low: 5869 samples, up: 4490 samples

    agent0 (10359 datas) -> Successfully converged. Iterations: 19222

fitting time : 45.01477527618408

Accuracy: 87.45%
F1: 85.30%
[MIN, MAX]: [-4.662501148958, 3.118994025103]


---------- Distributed Learning----------
Agent 0 low: 1333 samples, up: 718samples
Agent 1 low: 1310 samples, up: 743samples
Agent 2 low: 1283 samples, up: 980samples
Agent 3 low: 764 samples, up: 991samples

Agent 4 low: 645 samples, up: 404samples
Agent 5 low: 534 samples, up: 654samples
roop 0
    agent5 (1188 datas) -> Successfully converged. Iterations: 656
    agent3 (1755 datas) -> Successfully converged. Iterations: 471
    agent1 (2053 datas) -> Successfully converged. Iterations: 187
    agent2 (2263 datas) -> Successfully converged. Iterations: 1013
    agent4 (1049 datas) -> Successfully converged. Iterations: 2605
    agent0 (2051 datas) -> Successfully converged. Iterations: 2142

roop 1
    agent2 (2324 datas) -> Successfully converged. Iterations: 1003
    agent4 (1098 datas) -> Successfully converged. Iterations: 2471
    agent0 (2087 datas) -> Successfully converged. Iterations: 1030
    agent5 (1557 datas) -> Successfully converged. Iterations: 9394
    agent1 (2297 datas) -> Successfully converged. Iterations: 2691
    agent3 (2163 datas) -> Successfully converged. Iterations: 2834

roop 2
    agent4 (1230 datas) -> Successfully converged. Iterations: 4386
    agent5 (1594 datas) -> Successfully converged. Iterations: 5316
    agent0 (2145 datas) -> Successfully converged. Iterations: 1542
    agent1 (2388 datas) -> Successfully converged. Iterations: 5060
    agent3 (2229 datas) -> Successfully converged. Iterations: 4953
    agent2 (2939 datas) -> Successfully converged. Iterations: 1522

roop 3
    agent4 (1256 datas) -> Successfully converged. Iterations: 4068
    agent5 (1723 datas) -> Successfully converged. Iterations: 3823
    agent0 (2185 datas) -> Successfully converged. Iterations: 2776
    agent1 (2923 datas) -> Successfully converged. Iterations: 2920
    agent2 (3071 datas) -> Successfully converged. Iterations: 1542
    agent3 (2608 datas) -> Successfully converged. Iterations: 4043

roop 4
    agent5 (1793 datas) -> Successfully converged. Iterations: 2988
    agent4 (1663 datas) -> Successfully converged. Iterations: 5190
    agent1 (3067 datas) -> Successfully converged. Iterations: 2824
    agent0 (2713 datas) -> Successfully converged. Iterations: 5992
    agent3 (2760 datas) -> Successfully converged. Iterations: 2009
    agent2 (3505 datas) -> Successfully converged. Iterations: 3918

roop 5
    agent4 (1856 datas) -> Successfully converged. Iterations: 9087
    agent5 (2209 datas) -> Successfully converged. Iterations: 6880
    agent0 (2824 datas) -> Successfully converged. Iterations: 8229
    agent3 (3023 datas) -> Successfully converged. Iterations: 5108
    agent1 (3514 datas) -> Successfully converged. Iterations: 4550
    agent2 (3659 datas) -> Successfully converged. Iterations: 3557

roop 6
    agent4 (2230 datas) -> Successfully converged. Iterations: 8476
    agent5 (2414 datas) -> Successfully converged. Iterations: 4550
    agent3 (3156 datas) -> Successfully converged. Iterations: 4755
    agent0 (3141 datas) -> Successfully converged. Iterations: 7564
    agent1 (3724 datas) -> Successfully converged. Iterations: 2819
    agent2 (4048 datas) -> Successfully converged. Iterations: 4059

roop 7
    agent4 (2438 datas) -> Successfully converged. Iterations: 3731
    agent5 (2699 datas) -> Successfully converged. Iterations: 5761
    agent0 (3295 datas) -> Successfully converged. Iterations: 7111
    agent1 (4000 datas) -> Successfully converged. Iterations: 4233
    agent3 (3489 datas) -> Successfully converged. Iterations: 5603
    agent2 (4207 datas) -> Successfully converged. Iterations: 4934

roop 8
    agent4 (2768 datas) -> Successfully converged. Iterations: 4698
    agent5 (2940 datas) -> Successfully converged. Iterations: 5761
    agent0 (3480 datas) -> Successfully converged. Iterations: 7564
    agent3 (3710 datas) -> Successfully converged. Iterations: 5025
    agent1 (4150 datas) -> Successfully converged. Iterations: 20997
    agent2 (4518 datas) -> Successfully converged. Iterations: 5140

roop 9
    agent4 (2959 datas) -> Successfully converged. Iterations: 5980
    agent5 (3202 datas) -> Successfully converged. Iterations: 5831
    agent0 (3537 datas) -> Successfully converged. Iterations: 9350
    agent3 (3965 datas) -> Successfully converged. Iterations: 5203
    agent1 (4421 datas) -> Successfully converged. Iterations: 11907
    agent2 (4713 datas) -> Successfully converged. Iterations: 5495

roop 10
    agent4 (3244 datas) -> Successfully converged. Iterations: 5923
    agent5 (3301 datas) -> Successfully converged. Iterations: 6350
    agent0 (3761 datas) -> Successfully converged. Iterations: 10576
    agent3 (4156 datas) -> Successfully converged. Iterations: 5793
    agent1 (4602 datas) -> Successfully converged. Iterations: 10569
    agent2 (4860 datas) -> Successfully converged. Iterations: 6056

roop 11
    agent4 (3383 datas) -> Successfully converged. Iterations: 7520
    agent5 (3481 datas) -> Successfully converged. Iterations: 6620
    agent0 (3941 datas) -> Successfully converged. Iterations: 14089
    agent3 (4335 datas) -> Successfully converged. Iterations: 6622
    agent1 (4785 datas) -> Successfully converged. Iterations: 16132
    agent2 (4981 datas) -> Successfully converged. Iterations: 7069

roop 12
    agent4 (3514 datas) -> Successfully converged. Iterations: 8079
    agent5 (3608 datas) -> Successfully converged. Iterations: 7918
    agent0 (4012 datas) -> Successfully converged. Iterations: 12695
    agent3 (4466 datas) -> Successfully converged. Iterations: 7344
    agent1 (4953 datas) -> Successfully converged. Iterations: 15058
    agent2 (5143 datas) -> Successfully converged. Iterations: 7900

roop 13
    agent4 (3644 datas) -> Successfully converged. Iterations: 10485
    agent5 (3711 datas) -> Successfully converged. Iterations: 16112
    agent0 (4150 datas) -> Successfully converged. Iterations: 13227
    agent3 (4577 datas) -> Successfully converged. Iterations: 8903
    agent1 (5010 datas) -> Successfully converged. Iterations: 17491
    agent2 (5210 datas) -> Successfully converged. Iterations: 9794

roop 14
    agent4 (3776 datas) -> Successfully converged. Iterations: 18085
    agent5 (3811 datas) -> Successfully converged. Iterations: 10855
    agent0 (4257 datas) -> Successfully converged. Iterations: 11842
    agent1 (5020 datas) -> Successfully converged. Iterations: 14076
    agent3 (4656 datas) -> Successfully converged. Iterations: 11142
    agent2 (5241 datas) -> Successfully converged. Iterations: 33000

roop 15
    agent4 (3845 datas) -> Successfully converged. Iterations: 16604
    agent5 (3884 datas) -> Successfully converged. Iterations: 14310
    agent0 (4288 datas) -> Successfully converged. Iterations: 13593
    agent1 (4983 datas) -> Successfully converged. Iterations: 15557
    agent3 (4708 datas) -> Successfully converged. Iterations: 15887
    agent2 (5270 datas) -> Successfully converged. Iterations: 16115

roop 16
    agent4 (3893 datas) -> Successfully converged. Iterations: 11676
    agent5 (3930 datas) -> Successfully converged. Iterations: 11761
    agent0 (4347 datas) -> Successfully converged. Iterations: 13994
    agent1 (5030 datas) -> Successfully converged. Iterations: 21693
    agent3 (4725 datas) -> Successfully converged. Iterations: 13969
    agent2 (5249 datas) -> Successfully converged. Iterations: 14054

roop 17
    agent4 (3922 datas) -> Successfully converged. Iterations: 12654
    agent5 (3993 datas) -> Successfully converged. Iterations: 14636
    agent0 (4397 datas) -> Successfully converged. Iterations: 16167
    agent1 (5055 datas) -> Successfully converged. Iterations: 18956
    agent3 (4733 datas) -> Successfully converged. Iterations: 10697
    agent2 (5275 datas) -> Successfully converged. Iterations: 14720

roop 18
    agent4 (3917 datas) -> Successfully converged. Iterations: 13358
    agent5 (4002 datas) -> Successfully converged. Iterations: 13426
    agent0 (4450 datas) -> Successfully converged. Iterations: 18699
    agent1 (5069 datas) -> Successfully converged. Iterations: 16956
    agent3 (4750 datas) -> Successfully converged. Iterations: 15719
    agent2 (5287 datas) -> Successfully converged. Iterations: 15740

roop 19
    agent4 (3949 datas) -> Successfully converged. Iterations: 12938
    agent5 (4013 datas) -> Successfully converged. Iterations: 10532
    agent0 (4479 datas) -> Successfully converged. Iterations: 17035
    agent1 (5073 datas) -> Successfully converged. Iterations: 15337
    agent3 (4754 datas) -> Successfully converged. Iterations: 13633
    agent2 (5285 datas) -> Successfully converged. Iterations: 17146

roop 20
    agent4 (3964 datas) -> Successfully converged. Iterations: 11581
    agent5 (4035 datas) -> Successfully converged. Iterations: 11441
    agent0 (4495 datas) -> Successfully converged. Iterations: 16599
    agent1 (5057 datas) -> Successfully converged. Iterations: 14519
    agent3 (4747 datas) -> Successfully converged. Iterations: 16628
    agent2 (5280 datas) -> Successfully converged. Iterations: 12981

roop 21
    agent4 (3975 datas) -> Successfully converged. Iterations: 12983
    agent5 (4039 datas) -> Successfully converged. Iterations: 13803
    agent0 (4502 datas) -> Successfully converged. Iterations: 16187
    agent1 (5054 datas) -> Successfully converged. Iterations: 16285
    agent3 (4748 datas) -> Successfully converged. Iterations: 13124
    agent2 (5273 datas) -> Successfully converged. Iterations: 13591

roop 22
    agent4 (3972 datas) -> Successfully converged. Iterations: 15004
    agent5 (4034 datas) -> Successfully converged. Iterations: 13332
    agent0 (4492 datas) -> Successfully converged. Iterations: 12819
    agent1 (5052 datas) -> Successfully converged. Iterations: 16255
    agent3 (4745 datas) -> Successfully converged. Iterations: 14236
    agent2 (5280 datas) -> Successfully converged. Iterations: 15132

roop 23
    agent4 (3957 datas) -> Successfully converged. Iterations: 15601
    agent5 (4025 datas) -> Successfully converged. Iterations: 12579
    agent0 (4503 datas) -> Successfully converged. Iterations: 16273
    agent1 (5048 datas) -> Successfully converged. Iterations: 18322
    agent3 (4746 datas) -> Successfully converged. Iterations: 12600
    agent2 (5288 datas) -> Successfully converged. Iterations: 12740

roop 24
    agent4 (3962 datas) -> Successfully converged. Iterations: 12015
    agent5 (4020 datas) -> Successfully converged. Iterations: 12219
    agent0 (4505 datas) -> Successfully converged. Iterations: 15534
    agent1 (5054 datas) -> Successfully converged. Iterations: 16644
    agent3 (4747 datas) -> Successfully converged. Iterations: 17912
    agent2 (5285 datas) -> Successfully converged. Iterations: 16911

roop 25
    agent4 (3964 datas) -> Successfully converged. Iterations: 14161
    agent5 (4023 datas) -> Successfully converged. Iterations: 13561
    agent0 (4524 datas) -> Successfully converged. Iterations: 13157
    agent1 (5062 datas) -> Successfully converged. Iterations: 15009
    agent3 (4734 datas) -> Successfully converged. Iterations: 12648
    agent2 (5281 datas) -> Successfully converged. Iterations: 17839

roop 26
    agent4 (3962 datas) -> Successfully converged. Iterations: 13297
    agent5 (4014 datas) -> Successfully converged. Iterations: 12930
    agent0 (4514 datas) -> Successfully converged. Iterations: 14559
    agent1 (5045 datas) -> Successfully converged. Iterations: 15089
    agent3 (4737 datas) -> Successfully converged. Iterations: 15462
    agent2 (5278 datas) -> Successfully converged. Iterations: 15397

roop 27
    agent4 (3971 datas) -> Successfully converged. Iterations: 14906
    agent5 (4003 datas) -> Successfully converged. Iterations: 12624
    agent0 (4504 datas) -> Successfully converged. Iterations: 13732
    agent1 (5046 datas) -> Successfully converged. Iterations: 14836
    agent3 (4745 datas) -> Successfully converged. Iterations: 14019
    agent2 (5278 datas) -> Successfully converged. Iterations: 13255

roop 28
    agent4 (3969 datas) -> Successfully converged. Iterations: 15876
    agent5 (4005 datas) -> Successfully converged. Iterations: 13685
    agent0 (4499 datas) -> Successfully converged. Iterations: 13403
    agent1 (5043 datas) -> Successfully converged. Iterations: 17486
    agent3 (4751 datas) -> Successfully converged. Iterations: 12656
    agent2 (5290 datas) -> Successfully converged. Iterations: 15034

roop 29
    agent4 (3967 datas) -> Successfully converged. Iterations: 13160
    agent5 (4000 datas) -> Successfully converged. Iterations: 12346
    agent0 (4498 datas) -> Successfully converged. Iterations: 14676
    agent1 (5043 datas) -> Successfully converged. Iterations: 14498
    agent3 (4748 datas) -> Successfully converged. Iterations: 15863
    agent2 (5287 datas) -> Successfully converged. Iterations: 14230

roop 30
    agent4 (3966 datas) -> Successfully converged. Iterations: 15426
    agent5 (4002 datas) -> Successfully converged. Iterations: 10187
    agent0 (4507 datas) -> Successfully converged. Iterations: 15002
    agent1 (5045 datas) -> Successfully converged. Iterations: 13033
    agent3 (4736 datas) -> Successfully converged. Iterations: 13004
    agent2 (5271 datas) -> Successfully converged. Iterations: 18938

roop 31
    agent4 (3971 datas) -> Successfully converged. Iterations: 12625
    agent5 (4008 datas) -> Successfully converged. Iterations: 15267
    agent0 (4506 datas) -> Successfully converged. Iterations: 16897
    agent1 (5046 datas) -> Successfully converged. Iterations: 18202
    agent3 (4727 datas) -> Successfully converged. Iterations: 11148
    agent2 (5260 datas) -> Successfully converged. Iterations: 16087

roop 32
    agent4 (3960 datas) -> Successfully converged. Iterations: 12081
    agent5 (3997 datas) -> Successfully converged. Iterations: 12936
    agent0 (4503 datas) -> Successfully converged. Iterations: 13015
    agent1 (5038 datas) -> Successfully converged. Iterations: 12644
    agent3 (4729 datas) -> Successfully converged. Iterations: 12542
    agent2 (5262 datas) -> Successfully converged. Iterations: 11850

roop 33
    agent4 (3959 datas) -> Successfully converged. Iterations: 12754
    agent5 (3995 datas) -> Successfully converged. Iterations: 10518
    agent0 (4493 datas) -> Successfully converged. Iterations: 12507
    agent1 (5028 datas) -> Successfully converged. Iterations: 13776
    agent3 (4733 datas) -> Successfully converged. Iterations: 16415
    agent2 (5266 datas) -> Successfully converged. Iterations: 14217

roop 34
    agent4 (3965 datas) -> Successfully converged. Iterations: 14975
    agent5 (3994 datas) -> Successfully converged. Iterations: 10222
    agent0 (4496 datas) -> Successfully converged. Iterations: 13714
    agent1 (5030 datas) -> Successfully converged. Iterations: 14494
    agent3 (4729 datas) -> Successfully converged. Iterations: 14958
    agent2 (5258 datas) -> Successfully converged. Iterations: 14043

roop 35
    agent4 (3961 datas) -> Successfully converged. Iterations: 15110
    agent5 (3998 datas) -> Successfully converged. Iterations: 13049
    agent0 (4500 datas) -> Successfully converged. Iterations: 13339
    agent1 (5030 datas) -> Successfully converged. Iterations: 17421
    agent3 (4725 datas) -> Successfully converged. Iterations: 14403
    agent2 (5258 datas) -> Successfully converged. Iterations: 17460

roop 36
    agent4 (3958 datas) -> Successfully converged. Iterations: 10922
    agent5 (3993 datas) -> Successfully converged. Iterations: 12904
    agent0 (4494 datas) -> Successfully converged. Iterations: 12880
    agent1 (5034 datas) -> Successfully converged. Iterations: 13110
    agent3 (4717 datas) -> Successfully converged. Iterations: 11118
    agent2 (5262 datas) -> Successfully converged. Iterations: 13685

roop 37
    agent4 (3958 datas) -> Successfully converged. Iterations: 12488
    agent5 (3991 datas) -> Successfully converged. Iterations: 12634
    agent0 (4499 datas) -> Successfully converged. Iterations: 19263
    agent1 (5028 datas) -> Successfully converged. Iterations: 13748
    agent3 (4726 datas) -> Successfully converged. Iterations: 13020
    agent2 (5259 datas) -> Successfully converged. Iterations: 15743

roop 38
    agent4 (3963 datas) -> Successfully converged. Iterations: 17897
    agent5 (3990 datas) -> Successfully converged. Iterations: 12387
    agent0 (4494 datas) -> Successfully converged. Iterations: 13947
    agent1 (5024 datas) -> Successfully converged. Iterations: 18679
    agent3 (4726 datas) -> Successfully converged. Iterations: 12645
    agent2 (5254 datas) -> Successfully converged. Iterations: 14556

roop 39
    agent4 (3960 datas) -> Successfully converged. Iterations: 15589
    agent5 (3993 datas) -> Successfully converged. Iterations: 13177
    agent0 (4492 datas) -> Successfully converged. Iterations: 15998
    agent1 (5028 datas) -> Successfully converged. Iterations: 16845
    agent3 (4722 datas) -> Successfully converged. Iterations: 13407
    agent2 (5260 datas) -> Successfully converged. Iterations: 13842

roop 40
    agent4 (3959 datas) -> Successfully converged. Iterations: 13677
    agent5 (3992 datas) -> Successfully converged. Iterations: 13820
    agent0 (4496 datas) -> Successfully converged. Iterations: 11997
    agent1 (5032 datas) -> Successfully converged. Iterations: 13944
    agent3 (4722 datas) -> Successfully converged. Iterations: 13936
    agent2 (5260 datas) -> Successfully converged. Iterations: 14668

roop 41
    agent4 (3960 datas) -> Successfully converged. Iterations: 15466
    agent5 (3986 datas) -> Successfully converged. Iterations: 9705
    agent0 (4498 datas) -> Successfully converged. Iterations: 13276
    agent1 (5032 datas) -> Successfully converged. Iterations: 14809
    agent3 (4725 datas) -> Successfully converged. Iterations: 14945
    agent2 (5256 datas) -> Successfully converged. Iterations: 14022

roop 42
    agent4 (3959 datas) -> Successfully converged. Iterations: 14756
    agent5 (3990 datas) -> Successfully converged. Iterations: 11209
    agent0 (4495 datas) -> Successfully converged. Iterations: 17084
    agent1 (5031 datas) -> Successfully converged. Iterations: 14795
    agent3 (4724 datas) -> Successfully converged. Iterations: 13181
    agent2 (5261 datas) -> Successfully converged. Iterations: 14573

roop 43
    agent4 (3955 datas) -> Successfully converged. Iterations: 16014
    agent5 (3987 datas) -> Successfully converged. Iterations: 14522
    agent0 (4496 datas) -> Successfully converged. Iterations: 13496
    agent1 (5034 datas) -> Successfully converged. Iterations: 13438
    agent3 (4719 datas) -> Successfully converged. Iterations: 13378
    agent2 (5258 datas) -> Successfully converged. Iterations: 13601

roop 44
    agent4 (3955 datas) -> Successfully converged. Iterations: 16014
    agent5 (3987 datas) -> Successfully converged. Iterations: 14522
    agent0 (4500 datas) -> Successfully converged. Iterations: 15116
    agent1 (5034 datas) -> Successfully converged. Iterations: 13438
    agent3 (4720 datas) -> Successfully converged. Iterations: 14428
    agent2 (5257 datas) -> Successfully converged. Iterations: 12663

roop 45
    agent4 (3955 datas) -> Successfully converged. Iterations: 16014
    agent5 (3987 datas) -> Successfully converged. Iterations: 14522
    agent0 (4494 datas) -> Successfully converged. Iterations: 15967
    agent1 (5029 datas) -> Successfully converged. Iterations: 11749
    agent3 (4721 datas) -> Successfully converged. Iterations: 14287
    agent2 (5256 datas) -> Successfully converged. Iterations: 11779

roop 46
    agent4 (3957 datas) -> Successfully converged. Iterations: 13480
    agent5 (3987 datas) -> Successfully converged. Iterations: 14522
    agent0 (4496 datas) -> Successfully converged. Iterations: 15601
    agent1 (5026 datas) -> Successfully converged. Iterations: 12998
    agent3 (4721 datas) -> Successfully converged. Iterations: 14287
    agent2 (5257 datas) -> Successfully converged. Iterations: 12941

roop 47
    agent4 (3957 datas) -> Successfully converged. Iterations: 13480
    agent5 (3989 datas) -> Successfully converged. Iterations: 12141
    agent0 (4495 datas) -> Successfully converged. Iterations: 13602
    agent1 (5026 datas) -> Successfully converged. Iterations: 12998
    agent3 (4723 datas) -> Successfully converged. Iterations: 15482
    agent2 (5256 datas) -> Successfully converged. Iterations: 11825

roop 48
    agent4 (3957 datas) -> Successfully converged. Iterations: 13480
    agent5 (3989 datas) -> Successfully converged. Iterations: 12141
    agent0 (4495 datas) -> Successfully converged. Iterations: 13602
    agent1 (5027 datas) -> Successfully converged. Iterations: 13562
    agent3 (4723 datas) -> Successfully converged. Iterations: 15482
    agent2 (5256 datas) -> Successfully converged. Iterations: 11825

roop 49
    agent4 (3957 datas) -> Successfully converged. Iterations: 13480
    agent5 (3989 datas) -> Successfully converged. Iterations: 12141
    agent0 (4495 datas) -> Successfully converged. Iterations: 13602
    agent1 (5027 datas) -> Successfully converged. Iterations: 13562
    agent3 (4723 datas) -> Successfully converged. Iterations: 15482
    agent2 (5257 datas) -> Successfully converged. Iterations: 12941

roop 50
    agent4 (3957 datas) -> Successfully converged. Iterations: 13480
    agent5 (3989 datas) -> Successfully converged. Iterations: 12141
    agent0 (4495 datas) -> Successfully converged. Iterations: 13602
    agent1 (5027 datas) -> Successfully converged. Iterations: 13562
    agent3 (4723 datas) -> Successfully converged. Iterations: 15482
    agent2 (5257 datas) -> Successfully converged. Iterations: 12941

roop 51
    agent4 (3957 datas) -> Successfully converged. Iterations: 13480
    agent5 (3989 datas) -> Successfully converged. Iterations: 12141
    agent0 (4495 datas) -> Successfully converged. Iterations: 13602
    agent1 (5027 datas) -> Successfully converged. Iterations: 13562
    agent3 (4723 datas) -> Successfully converged. Iterations: 15482
    agent2 (5257 datas) -> Successfully converged. Iterations: 12941

roop 52
    agent4 (3957 datas) -> Successfully converged. Iterations: 13480
    agent5 (3989 datas) -> Successfully converged. Iterations: 12141
    agent0 (4495 datas) -> Successfully converged. Iterations: 13602
    agent1 (5027 datas) -> Successfully converged. Iterations: 13562
    agent3 (4723 datas) -> Successfully converged. Iterations: 15482
    agent2 (5257 datas) -> Successfully converged. Iterations: 12941

roop 53
    agent4 (3957 datas) -> Successfully converged. Iterations: 13480
    agent5 (3989 datas) -> Successfully converged. Iterations: 12141
    agent0 (4495 datas) -> Successfully converged. Iterations: 13602
    agent1 (5027 datas) -> Successfully converged. Iterations: 13562
    agent3 (4723 datas) -> Successfully converged. Iterations: 15482
    agent2 (5257 datas) -> Successfully converged. Iterations: 12941

roop 54
    agent4 (3957 datas) -> Successfully converged. Iterations: 13480
    agent5 (3989 datas) -> Successfully converged. Iterations: 12141
    agent0 (4495 datas) -> Successfully converged. Iterations: 13602
    agent1 (5027 datas) -> Successfully converged. Iterations: 13562
    agent3 (4723 datas) -> Successfully converged. Iterations: 15482
    agent2 (5257 datas) -> Successfully converged. Iterations: 12941

fitting time : 1132.7359828948975

Agent 0
SV_len: 28
INNER_len: 3388
Accuracy: 87.52%
F1: 85.40%
SA: 99.92%
NRMSE: 0.000401996724
NMAE: 0.000310745837
[MIN, MAX]: [-4.663291720342, 3.119094815087]
cos: 0.999999772795
angle: 0.038623023613 deg (0.000674098929 rad)

Agent 1
SV_len: 27
INNER_len: 3390
Accuracy: 87.45%
F1: 85.30%
SA: 100.00%
NRMSE: 0.000508682098
NMAE: 0.000406228131
[MIN, MAX]: [-4.662994749723, 3.117727778811]
cos: 0.999999670850
angle: 0.046487292192 deg (0.000811356309 rad)

Agent 2
SV_len: 26
INNER_len: 3389
Accuracy: 87.52%
F1: 85.40%
SA: 99.92%
NRMSE: 0.000655597947
NMAE: 0.000508427096
[MIN, MAX]: [-4.663548706912, 3.117958969961]
cos: 0.999999522792
angle: 0.055974686838 deg (0.000976942583 rad)

Agent 3
SV_len: 29
INNER_len: 3387
Accuracy: 87.49%
F1: 85.35%
SA: 99.96%
NRMSE: 0.000384297637
NMAE: 0.000295932152
[MIN, MAX]: [-4.662174802079, 3.118406973853]
cos: 0.999999735311
angle: 0.041687497653 deg (0.000727584091 rad)

Agent 4
SV_len: 26
INNER_len: 3389
Accuracy: 87.45%
F1: 85.30%
SA: 100.00%
NRMSE: 0.000722840203
NMAE: 0.000572268855
[MIN, MAX]: [-4.663126019443, 3.118280233338]
cos: 0.999999044606
angle: 0.079200691535 deg (0.001382312837 rad)

Agent 5
SV_len: 27
INNER_len: 3387
Accuracy: 87.49%
F1: 85.35%
SA: 99.96%
NRMSE: 0.000602566819
NMAE: 0.000447686125
[MIN, MAX]: [-4.663861592060, 3.118778530749]
cos: 0.999999639583
angle: 0.048645211130 deg (0.000849019100 rad)

===== Average =====
Accuracy: 87.49%
F1:       85.35%
SA:       99.96%
NRMSE:    0.000545996905
NMAE:     0.000423548033
cos:      0.999999564323
angle:    0.051769733827 deg

-------- Original Learning ----------
    agent5 (1188 datas) -> Successfully converged. Iterations: 656
    agent3 (1755 datas) -> Successfully converged. Iterations: 471
    agent1 (2053 datas) -> Successfully converged. Iterations: 187
    agent2 (2263 datas) -> Successfully converged. Iterations: 1013
    agent4 (1049 datas) -> Successfully converged. Iterations: 2605
    agent0 (2051 datas) -> Successfully converged. Iterations: 2142

fitting time : 0.6043365001678467

make_fake_data time: 0.0993349552154541

---------- Centralized Learning(Pseudo-Data) ----------
low: 5869 samples, up: 4490samples

    agent0 (10359 datas) -> Successfully converged. Iterations: 17073

fitting time : 46.110220193862915

Accuracy: 87.33%
F1: 85.20%
SA: 99.65%
NRMSE: 0.021367266366
NMAE: 0.016369915830
[MIN, MAX]: [-4.645855751600, 3.061635627130]
cos: 0.993416385829
angle: 6.578219684386 deg (0.114811592412 rad)


---------- Original Learning(Pseudo-Data) ----------
Agent 0 low: 1333 samples, up: 718samples
Agent 1 low: 1310 samples, up: 743samples
Agent 2 low: 1283 samples, up: 980samples
Agent 3 low: 764 samples, up: 991samples

Agent 4 low: 645 samples, up: 404samples
Agent 5 low: 534 samples, up: 654samples
    agent5 (1188 datas) -> Successfully converged. Iterations: 1445
    agent3 (1755 datas) -> Successfully converged. Iterations: 357
    agent1 (2053 datas) -> Successfully converged. Iterations: 1247
    agent2 (2263 datas) -> Successfully converged. Iterations: 1157
    agent4 (1049 datas) -> Successfully converged. Iterations: 4707
    agent0 (2051 datas) -> Successfully converged. Iterations: 3707

fitting time : 0.7231407165527344


---------- Distributed Learning(Pseudo-Data)----------
Agent 0 low: 1333 samples, up: 718samples
Agent 1 low: 1310 samples, up: 743samples
Agent 2 low: 1283 samples, up: 980samples
Agent 3 low: 764 samples, up: 991samples

Agent 4 low: 645 samples, up: 404samples
Agent 5 low: 534 samples, up: 654samples
roop 0
    agent5 (1188 datas) -> Successfully converged. Iterations: 1445
    agent3 (1755 datas) -> Successfully converged. Iterations: 357
    agent1 (2053 datas) -> Successfully converged. Iterations: 1247
    agent2 (2263 datas) -> Successfully converged. Iterations: 1157
    agent4 (1049 datas) -> Successfully converged. Iterations: 4707
    agent0 (2051 datas) -> Successfully converged. Iterations: 3707

roop 1
    agent2 (2324 datas) -> Successfully converged. Iterations: 1094
    agent4 (1098 datas) -> Successfully converged. Iterations: 2671
    agent0 (2087 datas) -> Successfully converged. Iterations: 1067
    agent5 (1556 datas) -> Successfully converged. Iterations: 10758
    agent1 (2293 datas) -> Successfully converged. Iterations: 3537
    agent3 (2160 datas) -> Successfully converged. Iterations: 3049

roop 2
    agent4 (1193 datas) -> Successfully converged. Iterations: 2863
    agent5 (1596 datas) -> Successfully converged. Iterations: 4045
    agent0 (2137 datas) -> Successfully converged. Iterations: 2010
    agent1 (2382 datas) -> Successfully converged. Iterations: 4650
    agent3 (2232 datas) -> Successfully converged. Iterations: 5144
    agent2 (2923 datas) -> Successfully converged. Iterations: 6178

roop 3
    agent4 (1260 datas) -> Successfully converged. Iterations: 4686
    agent5 (1703 datas) -> Successfully converged. Iterations: 3330
    agent0 (2182 datas) -> Successfully converged. Iterations: 3656
    agent1 (2867 datas) -> Successfully converged. Iterations: 10674
    agent3 (2548 datas) -> Successfully converged. Iterations: 10829
    agent2 (3081 datas) -> Successfully converged. Iterations: 6120

roop 4
    agent5 (1786 datas) -> Successfully converged. Iterations: 2841
    agent4 (1573 datas) -> Successfully converged. Iterations: 4681
    agent0 (2631 datas) -> Successfully converged. Iterations: 4236
    agent1 (3006 datas) -> Successfully converged. Iterations: 12314
    agent3 (2683 datas) -> Successfully converged. Iterations: 10700
    agent2 (3336 datas) -> Successfully converged. Iterations: 17094

roop 5
    agent4 (1719 datas) -> Successfully converged. Iterations: 8270
    agent5 (2127 datas) -> Successfully converged. Iterations: 7355
    agent0 (2742 datas) -> Successfully converged. Iterations: 6332
    agent1 (3287 datas) -> Successfully converged. Iterations: 14366
    agent3 (2863 datas) -> Successfully converged. Iterations: 14269
    agent2 (3471 datas) -> Successfully converged. Iterations: 12836

roop 6
    agent4 (1910 datas) -> Successfully converged. Iterations: 7377
    agent5 (2302 datas) -> Successfully converged. Iterations: 7168
    agent0 (2918 datas) -> Successfully converged. Iterations: 6233
    agent3 (2971 datas) -> Successfully converged. Iterations: 10057
    agent1 (3400 datas) -> Successfully converged. Iterations: 13946
    agent2 (3664 datas) -> Successfully converged. Iterations: 15441

roop 7
    agent4 (2027 datas) -> Successfully converged. Iterations: 8457
    agent5 (2500 datas) -> Successfully converged. Iterations: 13529
    agent0 (3020 datas) -> Successfully converged. Iterations: 6399
    agent3 (3157 datas) -> Successfully converged. Iterations: 13279
    agent1 (3579 datas) -> Successfully converged. Iterations: 18439
    agent2 (3794 datas) -> Successfully converged. Iterations: 13867

roop 8
    agent4 (2204 datas) -> Successfully converged. Iterations: 12211
    agent5 (2628 datas) -> Successfully converged. Iterations: 11070
    agent0 (3160 datas) -> Successfully converged. Iterations: 6702
    agent1 (3693 datas) -> Successfully converged. Iterations: 16267
    agent3 (3284 datas) -> Successfully converged. Iterations: 15895
    agent2 (3969 datas) -> Successfully converged. Iterations: 14819

roop 9
    agent4 (2321 datas) -> Successfully converged. Iterations: 8525
    agent5 (2814 datas) -> Successfully converged. Iterations: 12274
    agent0 (3254 datas) -> Successfully converged. Iterations: 7928
    agent1 (3869 datas) -> Successfully converged. Iterations: 17786
    agent3 (3433 datas) -> Successfully converged. Iterations: 15365
    agent2 (4102 datas) -> Successfully converged. Iterations: 15486

roop 10
    agent4 (2480 datas) -> Successfully converged. Iterations: 10873
    agent5 (2926 datas) -> Successfully converged. Iterations: 13906
    agent0 (3387 datas) -> Successfully converged. Iterations: 8000
    agent1 (3993 datas) -> Successfully converged. Iterations: 13957
    agent3 (3546 datas) -> Successfully converged. Iterations: 16069
    agent2 (4255 datas) -> Successfully converged. Iterations: 17380

roop 11
    agent4 (2585 datas) -> Successfully converged. Iterations: 13188
    agent5 (3067 datas) -> Successfully converged. Iterations: 13886
    agent0 (3480 datas) -> Successfully converged. Iterations: 8445
    agent1 (4125 datas) -> Successfully converged. Iterations: 14764
    agent3 (3671 datas) -> Successfully converged. Iterations: 22637
    agent2 (4372 datas) -> Successfully converged. Iterations: 17513

roop 12
    agent4 (2722 datas) -> Successfully converged. Iterations: 14106
    agent5 (3148 datas) -> Successfully converged. Iterations: 17092
    agent0 (3594 datas) -> Successfully converged. Iterations: 10377
    agent1 (4219 datas) -> Successfully converged. Iterations: 13675
    agent3 (3763 datas) -> Successfully converged. Iterations: 22918
    agent2 (4517 datas) -> Successfully converged. Iterations: 19476

roop 13
    agent4 (2817 datas) -> Successfully converged. Iterations: 15350
    agent5 (3258 datas) -> Successfully converged. Iterations: 16291
    agent0 (3655 datas) -> Successfully converged. Iterations: 8859
    agent1 (4333 datas) -> Successfully converged. Iterations: 12696
    agent3 (3870 datas) -> Successfully converged. Iterations: 19896
    agent2 (4598 datas) -> Successfully converged. Iterations: 19309

roop 14
    agent4 (2942 datas) -> Successfully converged. Iterations: 15429
    agent5 (3338 datas) -> Successfully converged. Iterations: 28670
    agent0 (3758 datas) -> Successfully converged. Iterations: 13149
    agent1 (4447 datas) -> Successfully converged. Iterations: 11649
    agent3 (3935 datas) -> Successfully converged. Iterations: 20623
    agent2 (4694 datas) -> Successfully converged. Iterations: 19951

roop 15
    agent4 (3046 datas) -> Successfully converged. Iterations: 18984
    agent5 (3421 datas) -> Successfully converged. Iterations: 20281
    agent0 (3840 datas) -> Successfully converged. Iterations: 12181
    agent1 (4526 datas) -> Successfully converged. Iterations: 9662
    agent3 (4050 datas) -> Successfully converged. Iterations: 21890
    agent2 (4768 datas) -> Successfully converged. Iterations: 14123

roop 16
    agent4 (3169 datas) -> Successfully converged. Iterations: 17323
    agent5 (3512 datas) -> Successfully converged. Iterations: 25126
    agent0 (3902 datas) -> Successfully converged. Iterations: 12259
    agent1 (4594 datas) -> Successfully converged. Iterations: 9750
    agent3 (4124 datas) -> Successfully converged. Iterations: 20790
    agent2 (4830 datas) -> Successfully converged. Iterations: 20575

roop 17
    agent4 (3251 datas) -> Successfully converged. Iterations: 15419
    agent5 (3604 datas) -> Successfully converged. Iterations: 18499
    agent0 (3946 datas) -> Successfully converged. Iterations: 13613
    agent1 (4654 datas) -> Successfully converged. Iterations: 10226
    agent3 (4196 datas) -> Successfully converged. Iterations: 24105
    agent2 (4898 datas) -> Successfully converged. Iterations: 11559

roop 18
    agent4 (3347 datas) -> Successfully converged. Iterations: 14056
    agent5 (3671 datas) -> Successfully converged. Iterations: 21386
    agent0 (3999 datas) -> Successfully converged. Iterations: 14720
    agent1 (4705 datas) -> Successfully converged. Iterations: 12222
    agent3 (4288 datas) -> Successfully converged. Iterations: 18839
    agent2 (4953 datas) -> Successfully converged. Iterations: 13470

roop 19
    agent4 (3453 datas) -> Successfully converged. Iterations: 16590
    agent5 (3732 datas) -> Successfully converged. Iterations: 21190
    agent0 (4040 datas) -> Successfully converged. Iterations: 13092
    agent1 (4754 datas) -> Successfully converged. Iterations: 10834
    agent3 (4346 datas) -> Successfully converged. Iterations: 18962
    agent2 (4996 datas) -> Successfully converged. Iterations: 13876

roop 20
    agent4 (3513 datas) -> Successfully converged. Iterations: 13078
    agent5 (3802 datas) -> Successfully converged. Iterations: 19678
    agent0 (4071 datas) -> Successfully converged. Iterations: 13341
    agent1 (4787 datas) -> Successfully converged. Iterations: 10168
    agent3 (4423 datas) -> Successfully converged. Iterations: 15842
    agent2 (5046 datas) -> Successfully converged. Iterations: 11371

roop 21
    agent4 (3610 datas) -> Successfully converged. Iterations: 11065
    agent5 (3831 datas) -> Successfully converged. Iterations: 15944
    agent0 (4107 datas) -> Successfully converged. Iterations: 12195
    agent1 (4829 datas) -> Successfully converged. Iterations: 11541
    agent3 (4465 datas) -> Successfully converged. Iterations: 14511
    agent2 (5100 datas) -> Successfully converged. Iterations: 13307

roop 22
    agent4 (3676 datas) -> Successfully converged. Iterations: 10932
    agent5 (3896 datas) -> Successfully converged. Iterations: 11747
    agent0 (4151 datas) -> Successfully converged. Iterations: 13527
    agent1 (4873 datas) -> Successfully converged. Iterations: 11458
    agent3 (4502 datas) -> Successfully converged. Iterations: 12545
    agent2 (5139 datas) -> Successfully converged. Iterations: 13837

roop 23
    agent4 (3729 datas) -> Successfully converged. Iterations: 11997
    agent5 (3920 datas) -> Successfully converged. Iterations: 13930
    agent0 (4205 datas) -> Successfully converged. Iterations: 10918
    agent1 (4921 datas) -> Successfully converged. Iterations: 14368
    agent3 (4532 datas) -> Successfully converged. Iterations: 12657
    agent2 (5160 datas) -> Successfully converged. Iterations: 13936

roop 24
    agent4 (3763 datas) -> Successfully converged. Iterations: 11609
    agent5 (3945 datas) -> Successfully converged. Iterations: 15329
    agent0 (4245 datas) -> Successfully converged. Iterations: 14872
    agent1 (4935 datas) -> Successfully converged. Iterations: 13592
    agent3 (4576 datas) -> Successfully converged. Iterations: 13850
    agent2 (5180 datas) -> Successfully converged. Iterations: 14026

roop 25
    agent4 (3804 datas) -> Successfully converged. Iterations: 14216
    agent5 (3965 datas) -> Successfully converged. Iterations: 15369
    agent0 (4277 datas) -> Successfully converged. Iterations: 13664
    agent1 (4958 datas) -> Successfully converged. Iterations: 12939
    agent3 (4606 datas) -> Successfully converged. Iterations: 14444
    agent2 (5216 datas) -> Successfully converged. Iterations: 14245

roop 26
    agent4 (3831 datas) -> Successfully converged. Iterations: 12864
    agent5 (3993 datas) -> Successfully converged. Iterations: 15047
    agent0 (4295 datas) -> Successfully converged. Iterations: 14598
    agent1 (4984 datas) -> Successfully converged. Iterations: 15053
    agent3 (4639 datas) -> Successfully converged. Iterations: 11330
    agent2 (5233 datas) -> Successfully converged. Iterations: 14428

roop 27
    agent4 (3876 datas) -> Successfully converged. Iterations: 13610
    agent5 (4001 datas) -> Successfully converged. Iterations: 12476
    agent0 (4328 datas) -> Successfully converged. Iterations: 12545
    agent1 (4999 datas) -> Successfully converged. Iterations: 15878
    agent3 (4672 datas) -> Successfully converged. Iterations: 10455
    agent2 (5248 datas) -> Successfully converged. Iterations: 18399

roop 28
    agent4 (3905 datas) -> Successfully converged. Iterations: 12884
    agent5 (4029 datas) -> Successfully converged. Iterations: 13961
    agent0 (4352 datas) -> Successfully converged. Iterations: 12734
    agent1 (5008 datas) -> Successfully converged. Iterations: 14840
    agent3 (4685 datas) -> Successfully converged. Iterations: 19760
    agent2 (5260 datas) -> Successfully converged. Iterations: 15015

roop 29
    agent4 (3935 datas) -> Successfully converged. Iterations: 12033
    agent5 (4035 datas) -> Successfully converged. Iterations: 14384
    agent0 (4371 datas) -> Successfully converged. Iterations: 14601
    agent1 (5019 datas) -> Successfully converged. Iterations: 15048
    agent3 (4700 datas) -> Successfully converged. Iterations: 13011
    agent2 (5265 datas) -> Successfully converged. Iterations: 13122

roop 30
    agent4 (3956 datas) -> Successfully converged. Iterations: 11443
    agent5 (4037 datas) -> Successfully converged. Iterations: 15028
    agent0 (4388 datas) -> Successfully converged. Iterations: 14154
    agent1 (5028 datas) -> Successfully converged. Iterations: 14409
    agent3 (4716 datas) -> Successfully converged. Iterations: 12821
    agent2 (5273 datas) -> Successfully converged. Iterations: 13387

roop 31
    agent4 (3957 datas) -> Successfully converged. Iterations: 14223
    agent5 (4037 datas) -> Successfully converged. Iterations: 16377
    agent0 (4406 datas) -> Successfully converged. Iterations: 11470
    agent1 (5045 datas) -> Successfully converged. Iterations: 14207
    agent3 (4735 datas) -> Successfully converged. Iterations: 12876
    agent2 (5293 datas) -> Successfully converged. Iterations: 13833

roop 32
    agent4 (3968 datas) -> Successfully converged. Iterations: 13824
    agent5 (4031 datas) -> Successfully converged. Iterations: 14782
    agent0 (4424 datas) -> Successfully converged. Iterations: 14220
    agent1 (5054 datas) -> Successfully converged. Iterations: 15752
    agent3 (4744 datas) -> Successfully converged. Iterations: 11873
    agent2 (5300 datas) -> Successfully converged. Iterations: 14198

roop 33
    agent4 (3976 datas) -> Successfully converged. Iterations: 12903
    agent5 (4034 datas) -> Successfully converged. Iterations: 16140
    agent0 (4452 datas) -> Successfully converged. Iterations: 14865
    agent1 (5061 datas) -> Successfully converged. Iterations: 18038
    agent3 (4748 datas) -> Successfully converged. Iterations: 12702
    agent2 (5299 datas) -> Successfully converged. Iterations: 16223

roop 34
    agent4 (3974 datas) -> Successfully converged. Iterations: 11115
    agent5 (4038 datas) -> Successfully converged. Iterations: 11359
    agent0 (4465 datas) -> Successfully converged. Iterations: 16864
    agent1 (5062 datas) -> Successfully converged. Iterations: 16573
    agent3 (4751 datas) -> Successfully converged. Iterations: 16196
    agent2 (5294 datas) -> Successfully converged. Iterations: 16602

roop 35
    agent4 (3978 datas) -> Successfully converged. Iterations: 11780
    agent5 (4042 datas) -> Successfully converged. Iterations: 11066
    agent0 (4470 datas) -> Successfully converged. Iterations: 17004
    agent1 (5069 datas) -> Successfully converged. Iterations: 13878
    agent3 (4743 datas) -> Successfully converged. Iterations: 15481
    agent2 (5304 datas) -> Successfully converged. Iterations: 14756

roop 36
    agent4 (3989 datas) -> Successfully converged. Iterations: 13072
    agent5 (4036 datas) -> Successfully converged. Iterations: 16531
    agent0 (4479 datas) -> Successfully converged. Iterations: 14748
    agent1 (5063 datas) -> Successfully converged. Iterations: 16371
    agent3 (4751 datas) -> Successfully converged. Iterations: 13947
    agent2 (5297 datas) -> Successfully converged. Iterations: 15679

roop 37
    agent4 (3993 datas) -> Successfully converged. Iterations: 12451
    agent5 (4038 datas) -> Successfully converged. Iterations: 10867
    agent0 (4487 datas) -> Successfully converged. Iterations: 13592
    agent1 (5054 datas) -> Successfully converged. Iterations: 13421
    agent3 (4752 datas) -> Successfully converged. Iterations: 14279
    agent2 (5284 datas) -> Successfully converged. Iterations: 13899

roop 38
    agent4 (3996 datas) -> Successfully converged. Iterations: 11324
    agent5 (4040 datas) -> Successfully converged. Iterations: 10954
    agent0 (4484 datas) -> Successfully converged. Iterations: 14184
    agent1 (5053 datas) -> Successfully converged. Iterations: 13080
    agent3 (4752 datas) -> Successfully converged. Iterations: 13712
    agent2 (5294 datas) -> Successfully converged. Iterations: 13281

roop 39
    agent4 (3986 datas) -> Successfully converged. Iterations: 17002
    agent5 (4023 datas) -> Successfully converged. Iterations: 14736
    agent0 (4496 datas) -> Successfully converged. Iterations: 13899
    agent1 (5063 datas) -> Successfully converged. Iterations: 15399
    agent3 (4755 datas) -> Successfully converged. Iterations: 14542
    agent2 (5300 datas) -> Successfully converged. Iterations: 18000

roop 40
    agent4 (3982 datas) -> Successfully converged. Iterations: 14341
    agent5 (4014 datas) -> Successfully converged. Iterations: 10525
    agent0 (4504 datas) -> Successfully converged. Iterations: 13681
    agent1 (5063 datas) -> Successfully converged. Iterations: 17586
    agent3 (4758 datas) -> Successfully converged. Iterations: 14550
    agent2 (5296 datas) -> Successfully converged. Iterations: 15132

roop 41
    agent4 (3978 datas) -> Successfully converged. Iterations: 10909
    agent5 (4016 datas) -> Successfully converged. Iterations: 11349
    agent0 (4510 datas) -> Successfully converged. Iterations: 17169
    agent1 (5057 datas) -> Successfully converged. Iterations: 22318
    agent3 (4758 datas) -> Successfully converged. Iterations: 13206
    agent2 (5294 datas) -> Successfully converged. Iterations: 14092

roop 42
    agent4 (3977 datas) -> Successfully converged. Iterations: 13641
    agent5 (4016 datas) -> Successfully converged. Iterations: 14564
    agent0 (4512 datas) -> Successfully converged. Iterations: 20194
    agent1 (5061 datas) -> Successfully converged. Iterations: 16636
    agent3 (4741 datas) -> Successfully converged. Iterations: 11194
    agent2 (5289 datas) -> Successfully converged. Iterations: 13091

roop 43
    agent4 (3979 datas) -> Successfully converged. Iterations: 11280
    agent5 (4023 datas) -> Successfully converged. Iterations: 11768
    agent0 (4515 datas) -> Successfully converged. Iterations: 18415
    agent1 (5056 datas) -> Successfully converged. Iterations: 17108
    agent3 (4742 datas) -> Successfully converged. Iterations: 12434
    agent2 (5289 datas) -> Successfully converged. Iterations: 13796

roop 44
    agent4 (3974 datas) -> Successfully converged. Iterations: 11483
    agent5 (4009 datas) -> Successfully converged. Iterations: 12623
    agent0 (4510 datas) -> Successfully converged. Iterations: 15765
    agent1 (5047 datas) -> Successfully converged. Iterations: 12816
    agent3 (4748 datas) -> Successfully converged. Iterations: 17878
    agent2 (5287 datas) -> Successfully converged. Iterations: 12343

roop 45
    agent4 (3973 datas) -> Successfully converged. Iterations: 11382
    agent5 (4008 datas) -> Successfully converged. Iterations: 14367
    agent0 (4511 datas) -> Successfully converged. Iterations: 13762
    agent1 (5043 datas) -> Successfully converged. Iterations: 12380
    agent3 (4747 datas) -> Successfully converged. Iterations: 12862
    agent2 (5288 datas) -> Successfully converged. Iterations: 14727

roop 46
    agent4 (3971 datas) -> Successfully converged. Iterations: 11891
    agent5 (4011 datas) -> Successfully converged. Iterations: 15443
    agent0 (4511 datas) -> Successfully converged. Iterations: 13041
    agent1 (5050 datas) -> Successfully converged. Iterations: 15250
    agent3 (4743 datas) -> Successfully converged. Iterations: 13034
    agent2 (5287 datas) -> Successfully converged. Iterations: 12219

roop 47
    agent4 (3966 datas) -> Successfully converged. Iterations: 12947
    agent5 (4002 datas) -> Successfully converged. Iterations: 16416
    agent0 (4518 datas) -> Successfully converged. Iterations: 17311
    agent1 (5057 datas) -> Successfully converged. Iterations: 14798
    agent3 (4736 datas) -> Successfully converged. Iterations: 17310
    agent2 (5285 datas) -> Successfully converged. Iterations: 10102

roop 48
    agent4 (3966 datas) -> Successfully converged. Iterations: 12486
    agent5 (4003 datas) -> Successfully converged. Iterations: 16045
    agent0 (4516 datas) -> Successfully converged. Iterations: 15464
    agent1 (5051 datas) -> Successfully converged. Iterations: 13188
    agent3 (4738 datas) -> Successfully converged. Iterations: 16146
    agent2 (5279 datas) -> Successfully converged. Iterations: 12307

roop 49
    agent4 (3968 datas) -> Successfully converged. Iterations: 17638
    agent5 (4001 datas) -> Successfully converged. Iterations: 12503
    agent0 (4515 datas) -> Successfully converged. Iterations: 14978
    agent1 (5048 datas) -> Successfully converged. Iterations: 15603
    agent3 (4737 datas) -> Successfully converged. Iterations: 14609
    agent2 (5276 datas) -> Successfully converged. Iterations: 12930

roop 50
    agent4 (3968 datas) -> Successfully converged. Iterations: 17638
    agent5 (4004 datas) -> Successfully converged. Iterations: 13717
    agent0 (4511 datas) -> Successfully converged. Iterations: 13783
    agent1 (5047 datas) -> Successfully converged. Iterations: 12795
    agent3 (4734 datas) -> Successfully converged. Iterations: 11688
    agent2 (5279 datas) -> Successfully converged. Iterations: 10387

roop 51
    agent4 (3968 datas) -> Successfully converged. Iterations: 12649
    agent5 (4002 datas) -> Successfully converged. Iterations: 13692
    agent0 (4510 datas) -> Successfully converged. Iterations: 14417
    agent1 (5043 datas) -> Successfully converged. Iterations: 12281
    agent3 (4740 datas) -> Successfully converged. Iterations: 12399
    agent2 (5278 datas) -> Successfully converged. Iterations: 12144

roop 52
    agent4 (3973 datas) -> Successfully converged. Iterations: 12665
    agent5 (4002 datas) -> Successfully converged. Iterations: 12360
    agent0 (4506 datas) -> Successfully converged. Iterations: 14022
    agent1 (5044 datas) -> Successfully converged. Iterations: 13554
    agent3 (4735 datas) -> Successfully converged. Iterations: 13795
    agent2 (5281 datas) -> Successfully converged. Iterations: 13503

roop 53
    agent4 (3971 datas) -> Successfully converged. Iterations: 12805
    agent5 (4003 datas) -> Successfully converged. Iterations: 12762
    agent0 (4508 datas) -> Successfully converged. Iterations: 13700
    agent1 (5040 datas) -> Successfully converged. Iterations: 13732
    agent3 (4737 datas) -> Successfully converged. Iterations: 14552
    agent2 (5281 datas) -> Successfully converged. Iterations: 13328

roop 54
    agent4 (3973 datas) -> Successfully converged. Iterations: 12882
    agent5 (4000 datas) -> Successfully converged. Iterations: 13146
    agent0 (4506 datas) -> Successfully converged. Iterations: 13124
    agent1 (5037 datas) -> Successfully converged. Iterations: 15619
    agent3 (4735 datas) -> Successfully converged. Iterations: 16221
    agent2 (5275 datas) -> Successfully converged. Iterations: 13113

roop 55
    agent4 (3972 datas) -> Successfully converged. Iterations: 12882
    agent5 (4001 datas) -> Successfully converged. Iterations: 12793
    agent0 (4510 datas) -> Successfully converged. Iterations: 14369
    agent1 (5038 datas) -> Successfully converged. Iterations: 14763
    agent3 (4733 datas) -> Successfully converged. Iterations: 10258
    agent2 (5274 datas) -> Successfully converged. Iterations: 14911

roop 56
    agent4 (3966 datas) -> Successfully converged. Iterations: 13574
    agent5 (3996 datas) -> Successfully converged. Iterations: 10759
    agent0 (4509 datas) -> Successfully converged. Iterations: 14894
    agent1 (5039 datas) -> Successfully converged. Iterations: 12482
    agent3 (4733 datas) -> Successfully converged. Iterations: 11583
    agent2 (5274 datas) -> Successfully converged. Iterations: 9145

roop 57
    agent4 (3966 datas) -> Successfully converged. Iterations: 13574
    agent5 (3995 datas) -> Successfully converged. Iterations: 11297
    agent0 (4508 datas) -> Successfully converged. Iterations: 15248
    agent1 (5039 datas) -> Successfully converged. Iterations: 10805
    agent3 (4732 datas) -> Successfully converged. Iterations: 13479
    agent2 (5274 datas) -> Successfully converged. Iterations: 10350

roop 58
    agent4 (3966 datas) -> Successfully converged. Iterations: 13574
    agent5 (3995 datas) -> Successfully converged. Iterations: 11297
    agent0 (4509 datas) -> Successfully converged. Iterations: 11580
    agent1 (5038 datas) -> Successfully converged. Iterations: 11192
    agent3 (4733 datas) -> Successfully converged. Iterations: 13156
    agent2 (5273 datas) -> Successfully converged. Iterations: 10586

roop 59
    agent4 (3968 datas) -> Successfully converged. Iterations: 11868
    agent5 (3995 datas) -> Successfully converged. Iterations: 11297
    agent0 (4507 datas) -> Successfully converged. Iterations: 10835
    agent1 (5039 datas) -> Successfully converged. Iterations: 12215
    agent3 (4735 datas) -> Successfully converged. Iterations: 15116
    agent2 (5273 datas) -> Successfully converged. Iterations: 12255

roop 60
    agent4 (3970 datas) -> Successfully converged. Iterations: 13264
    agent5 (3999 datas) -> Successfully converged. Iterations: 10958
    agent0 (4509 datas) -> Successfully converged. Iterations: 14996
    agent1 (5040 datas) -> Successfully converged. Iterations: 12925
    agent3 (4736 datas) -> Successfully converged. Iterations: 13080
    agent2 (5274 datas) -> Successfully converged. Iterations: 11807

roop 61
    agent4 (3969 datas) -> Successfully converged. Iterations: 12206
    agent5 (4000 datas) -> Successfully converged. Iterations: 10948
    agent0 (4507 datas) -> Successfully converged. Iterations: 12690
    agent1 (5038 datas) -> Successfully converged. Iterations: 10731
    agent3 (4737 datas) -> Successfully converged. Iterations: 14188
    agent2 (5275 datas) -> Successfully converged. Iterations: 11335

roop 62
    agent4 (3970 datas) -> Successfully converged. Iterations: 13633
    agent5 (3999 datas) -> Successfully converged. Iterations: 11680
    agent0 (4507 datas) -> Successfully converged. Iterations: 12690
    agent1 (5037 datas) -> Successfully converged. Iterations: 11780
    agent3 (4738 datas) -> Successfully converged. Iterations: 15741
    agent2 (5271 datas) -> Successfully converged. Iterations: 10239

roop 63
    agent4 (3970 datas) -> Successfully converged. Iterations: 13633
    agent5 (4000 datas) -> Successfully converged. Iterations: 14978
    agent0 (4507 datas) -> Successfully converged. Iterations: 12690
    agent1 (5037 datas) -> Successfully converged. Iterations: 11780
    agent3 (4732 datas) -> Successfully converged. Iterations: 15758
    agent2 (5271 datas) -> Successfully converged. Iterations: 10239

roop 64
    agent4 (3965 datas) -> Successfully converged. Iterations: 11975
    agent5 (3995 datas) -> Successfully converged. Iterations: 9925
    agent0 (4507 datas) -> Successfully converged. Iterations: 12690
    agent1 (5037 datas) -> Successfully converged. Iterations: 11780
    agent3 (4732 datas) -> Successfully converged. Iterations: 15758
    agent2 (5271 datas) -> Successfully converged. Iterations: 10239

roop 65
    agent4 (3965 datas) -> Successfully converged. Iterations: 11975
    agent5 (3995 datas) -> Successfully converged. Iterations: 9925
    agent0 (4507 datas) -> Successfully converged. Iterations: 12690
    agent1 (5037 datas) -> Successfully converged. Iterations: 11780
    agent3 (4732 datas) -> Successfully converged. Iterations: 15758
    agent2 (5271 datas) -> Successfully converged. Iterations: 10239

roop 66
    agent4 (3965 datas) -> Successfully converged. Iterations: 11975
    agent5 (3995 datas) -> Successfully converged. Iterations: 9925
    agent0 (4507 datas) -> Successfully converged. Iterations: 12690
    agent1 (5037 datas) -> Successfully converged. Iterations: 11780
    agent3 (4732 datas) -> Successfully converged. Iterations: 15758
    agent2 (5271 datas) -> Successfully converged. Iterations: 10239

roop 67
    agent4 (3965 datas) -> Successfully converged. Iterations: 11975
    agent5 (3995 datas) -> Successfully converged. Iterations: 9925
    agent0 (4507 datas) -> Successfully converged. Iterations: 12690
    agent1 (5037 datas) -> Successfully converged. Iterations: 11780
    agent3 (4732 datas) -> Successfully converged. Iterations: 15758
    agent2 (5271 datas) -> Successfully converged. Iterations: 10239

roop 68
    agent4 (3965 datas) -> Successfully converged. Iterations: 11975
    agent5 (3995 datas) -> Successfully converged. Iterations: 9925
    agent0 (4507 datas) -> Successfully converged. Iterations: 12690
    agent1 (5037 datas) -> Successfully converged. Iterations: 11780
    agent3 (4732 datas) -> Successfully converged. Iterations: 15758
    agent2 (5271 datas) -> Successfully converged. Iterations: 10239

roop 69
    agent4 (3965 datas) -> Successfully converged. Iterations: 11975
    agent5 (3995 datas) -> Successfully converged. Iterations: 9925
    agent0 (4507 datas) -> Successfully converged. Iterations: 12690
    agent1 (5037 datas) -> Successfully converged. Iterations: 11780
    agent3 (4732 datas) -> Successfully converged. Iterations: 15758
    agent2 (5271 datas) -> Successfully converged. Iterations: 10239

fitting time : 1437.8060023784637

Agent 0
SV_len: 24
INNER_len: 3406
Accuracy: 87.33%
F1: 85.20%
SA: 99.65%
NRMSE: 0.021128125082
NMAE: 0.016161819588
[MIN, MAX]: [-4.647937636636, 3.064708242883]
cos: 0.993374588329
angle: 6.599091313930 deg (0.115175871068 rad)

Agent 1
SV_len: 27
INNER_len: 3403
Accuracy: 87.29%
F1: 85.15%
SA: 99.69%
NRMSE: 0.021101488256
NMAE: 0.016141814520
[MIN, MAX]: [-4.648196565157, 3.064768554142]
cos: 0.993395985653
angle: 6.588414759293 deg (0.114989530037 rad)

Agent 2
SV_len: 26
INNER_len: 3404
Accuracy: 87.29%
F1: 85.15%
SA: 99.69%
NRMSE: 0.021117325912
NMAE: 0.016158522782
[MIN, MAX]: [-4.648918598601, 3.064088547384]
cos: 0.993419309509
angle: 6.576757274036 deg (0.114786068536 rad)

Agent 3
SV_len: 27
INNER_len: 3402
Accuracy: 87.29%
F1: 85.15%
SA: 99.69%
NRMSE: 0.021189928743
NMAE: 0.016196815588
[MIN, MAX]: [-4.647910499940, 3.065200942450]
cos: 0.993368795438
angle: 6.601978817207 deg (0.115226267507 rad)

Agent 4
SV_len: 26
INNER_len: 3403
Accuracy: 87.29%
F1: 85.15%
SA: 99.69%
NRMSE: 0.021166519751
NMAE: 0.016184463181
[MIN, MAX]: [-4.647726481793, 3.064886876081]
cos: 0.993364810268
angle: 6.603964520704 deg (0.115260924571 rad)

Agent 5
SV_len: 25
INNER_len: 3404
Accuracy: 87.33%
F1: 85.20%
SA: 99.65%
NRMSE: 0.021144712514
NMAE: 0.016171586842
[MIN, MAX]: [-4.648137539063, 3.065143245841]
cos: 0.993353342925
angle: 6.609675077669 deg (0.115360592592 rad)

===== Average =====
Accuracy: 87.31%
F1:       85.16%
SA:       99.68%
NRMSE:    0.021141350043
NMAE:     0.016169170417
cos:      0.993379472020
angle:    6.596646960473 deg
